###############################################################################
#
# IAR ELF Linker V7.80.1.11864/W32 for ARM                15/Dec/2016  18:25:47
# Copyright 2007-2016 IAR Systems AB.
#
#    Output file  =  
#        C:\Users\Thaonguyen\Desktop\CodeSample\Light_sensor\Z-Stack Mesh 1.0.0
#        ZED\Projects\zstack\Samples\GenericApp\CC2538\Coordinator\Exe\GenericApp.out
#    Map file     =  
#        C:\Users\Thaonguyen\Desktop\CodeSample\Light_sensor\Z-Stack Mesh 1.0.0
#        ZED\Projects\zstack\Samples\GenericApp\CC2538\Coordinator\List\GenericApp.map
#    Command line =  
#        "C:\Users\Thaonguyen\Desktop\CodeSample\Light_sensor\Z-Stack Mesh
#        1.0.0
#        ZED\Projects\zstack\Samples\GenericApp\CC2538\Coordinator\Obj\AF.o"
#        "C:\Users\Thaonguyen\Desktop\CodeSample\Light_sensor\Z-Stack Mesh
#        1.0.0
#        ZED\Projects\zstack\Samples\GenericApp\CC2538\Coordinator\Obj\armcm3flashutil.o"
#        "C:\Users\Thaonguyen\Desktop\CodeSample\Light_sensor\Z-Stack Mesh
#        1.0.0
#        ZED\Projects\zstack\Samples\GenericApp\CC2538\Coordinator\Obj\BindingTable.o"
#        "C:\Users\Thaonguyen\Desktop\CodeSample\Light_sensor\Z-Stack Mesh
#        1.0.0
#        ZED\Projects\zstack\Samples\GenericApp\CC2538\Coordinator\Obj\common.o"
#        "C:\Users\Thaonguyen\Desktop\CodeSample\Light_sensor\Z-Stack Mesh
#        1.0.0
#        ZED\Projects\zstack\Samples\GenericApp\CC2538\Coordinator\Obj\debug.o"
#        "C:\Users\Thaonguyen\Desktop\CodeSample\Light_sensor\Z-Stack Mesh
#        1.0.0
#        ZED\Projects\zstack\Samples\GenericApp\CC2538\Coordinator\Obj\DebugTrace.o"
#        "C:\Users\Thaonguyen\Desktop\CodeSample\Light_sensor\Z-Stack Mesh
#        1.0.0
#        ZED\Projects\zstack\Samples\GenericApp\CC2538\Coordinator\Obj\GenericApp.o"
#        "C:\Users\Thaonguyen\Desktop\CodeSample\Light_sensor\Z-Stack Mesh
#        1.0.0
#        ZED\Projects\zstack\Samples\GenericApp\CC2538\Coordinator\Obj\hal_adc.o"
#        "C:\Users\Thaonguyen\Desktop\CodeSample\Light_sensor\Z-Stack Mesh
#        1.0.0
#        ZED\Projects\zstack\Samples\GenericApp\CC2538\Coordinator\Obj\hal_aes.o"
#        "C:\Users\Thaonguyen\Desktop\CodeSample\Light_sensor\Z-Stack Mesh
#        1.0.0
#        ZED\Projects\zstack\Samples\GenericApp\CC2538\Coordinator\Obj\hal_assert.o"
#        "C:\Users\Thaonguyen\Desktop\CodeSample\Light_sensor\Z-Stack Mesh
#        1.0.0
#        ZED\Projects\zstack\Samples\GenericApp\CC2538\Coordinator\Obj\hal_ccm.o"
#        "C:\Users\Thaonguyen\Desktop\CodeSample\Light_sensor\Z-Stack Mesh
#        1.0.0
#        ZED\Projects\zstack\Samples\GenericApp\CC2538\Coordinator\Obj\hal_drivers.o"
#        "C:\Users\Thaonguyen\Desktop\CodeSample\Light_sensor\Z-Stack Mesh
#        1.0.0
#        ZED\Projects\zstack\Samples\GenericApp\CC2538\Coordinator\Obj\hal_key.o"
#        "C:\Users\Thaonguyen\Desktop\CodeSample\Light_sensor\Z-Stack Mesh
#        1.0.0
#        ZED\Projects\zstack\Samples\GenericApp\CC2538\Coordinator\Obj\hal_lcd.o"
#        "C:\Users\Thaonguyen\Desktop\CodeSample\Light_sensor\Z-Stack Mesh
#        1.0.0
#        ZED\Projects\zstack\Samples\GenericApp\CC2538\Coordinator\Obj\hal_led.o"
#        "C:\Users\Thaonguyen\Desktop\CodeSample\Light_sensor\Z-Stack Mesh
#        1.0.0
#        ZED\Projects\zstack\Samples\GenericApp\CC2538\Coordinator\Obj\hal_mac_cfg.o"
#        "C:\Users\Thaonguyen\Desktop\CodeSample\Light_sensor\Z-Stack Mesh
#        1.0.0
#        ZED\Projects\zstack\Samples\GenericApp\CC2538\Coordinator\Obj\hal_sleep.o"
#        "C:\Users\Thaonguyen\Desktop\CodeSample\Light_sensor\Z-Stack Mesh
#        1.0.0
#        ZED\Projects\zstack\Samples\GenericApp\CC2538\Coordinator\Obj\hal_sys_ctrl.o"
#        "C:\Users\Thaonguyen\Desktop\CodeSample\Light_sensor\Z-Stack Mesh
#        1.0.0
#        ZED\Projects\zstack\Samples\GenericApp\CC2538\Coordinator\Obj\hal_systick.o"
#        "C:\Users\Thaonguyen\Desktop\CodeSample\Light_sensor\Z-Stack Mesh
#        1.0.0
#        ZED\Projects\zstack\Samples\GenericApp\CC2538\Coordinator\Obj\hal_uart.o"
#        "C:\Users\Thaonguyen\Desktop\CodeSample\Light_sensor\Z-Stack Mesh
#        1.0.0
#        ZED\Projects\zstack\Samples\GenericApp\CC2538\Coordinator\Obj\mac_autopend.o"
#        "C:\Users\Thaonguyen\Desktop\CodeSample\Light_sensor\Z-Stack Mesh
#        1.0.0
#        ZED\Projects\zstack\Samples\GenericApp\CC2538\Coordinator\Obj\mac_backoff_timer.o"
#        "C:\Users\Thaonguyen\Desktop\CodeSample\Light_sensor\Z-Stack Mesh
#        1.0.0
#        ZED\Projects\zstack\Samples\GenericApp\CC2538\Coordinator\Obj\mac_cfg.o"
#        "C:\Users\Thaonguyen\Desktop\CodeSample\Light_sensor\Z-Stack Mesh
#        1.0.0
#        ZED\Projects\zstack\Samples\GenericApp\CC2538\Coordinator\Obj\mac_csp_tx.o"
#        "C:\Users\Thaonguyen\Desktop\CodeSample\Light_sensor\Z-Stack Mesh
#        1.0.0
#        ZED\Projects\zstack\Samples\GenericApp\CC2538\Coordinator\Obj\mac_low_level.o"
#        "C:\Users\Thaonguyen\Desktop\CodeSample\Light_sensor\Z-Stack Mesh
#        1.0.0
#        ZED\Projects\zstack\Samples\GenericApp\CC2538\Coordinator\Obj\mac_mcu.o"
#        "C:\Users\Thaonguyen\Desktop\CodeSample\Light_sensor\Z-Stack Mesh
#        1.0.0
#        ZED\Projects\zstack\Samples\GenericApp\CC2538\Coordinator\Obj\mac_mem.o"
#        "C:\Users\Thaonguyen\Desktop\CodeSample\Light_sensor\Z-Stack Mesh
#        1.0.0
#        ZED\Projects\zstack\Samples\GenericApp\CC2538\Coordinator\Obj\mac_pib.o"
#        "C:\Users\Thaonguyen\Desktop\CodeSample\Light_sensor\Z-Stack Mesh
#        1.0.0
#        ZED\Projects\zstack\Samples\GenericApp\CC2538\Coordinator\Obj\mac_radio.o"
#        "C:\Users\Thaonguyen\Desktop\CodeSample\Light_sensor\Z-Stack Mesh
#        1.0.0
#        ZED\Projects\zstack\Samples\GenericApp\CC2538\Coordinator\Obj\mac_radio_defs.o"
#        "C:\Users\Thaonguyen\Desktop\CodeSample\Light_sensor\Z-Stack Mesh
#        1.0.0
#        ZED\Projects\zstack\Samples\GenericApp\CC2538\Coordinator\Obj\mac_rffrontend.o"
#        "C:\Users\Thaonguyen\Desktop\CodeSample\Light_sensor\Z-Stack Mesh
#        1.0.0
#        ZED\Projects\zstack\Samples\GenericApp\CC2538\Coordinator\Obj\mac_rx.o"
#        "C:\Users\Thaonguyen\Desktop\CodeSample\Light_sensor\Z-Stack Mesh
#        1.0.0
#        ZED\Projects\zstack\Samples\GenericApp\CC2538\Coordinator\Obj\mac_rx_onoff.o"
#        "C:\Users\Thaonguyen\Desktop\CodeSample\Light_sensor\Z-Stack Mesh
#        1.0.0
#        ZED\Projects\zstack\Samples\GenericApp\CC2538\Coordinator\Obj\mac_sleep.o"
#        "C:\Users\Thaonguyen\Desktop\CodeSample\Light_sensor\Z-Stack Mesh
#        1.0.0
#        ZED\Projects\zstack\Samples\GenericApp\CC2538\Coordinator\Obj\mac_tx.o"
#        "C:\Users\Thaonguyen\Desktop\CodeSample\Light_sensor\Z-Stack Mesh
#        1.0.0
#        ZED\Projects\zstack\Samples\GenericApp\CC2538\Coordinator\Obj\MT.o"
#        "C:\Users\Thaonguyen\Desktop\CodeSample\Light_sensor\Z-Stack Mesh
#        1.0.0
#        ZED\Projects\zstack\Samples\GenericApp\CC2538\Coordinator\Obj\MT_AF.o"
#        "C:\Users\Thaonguyen\Desktop\CodeSample\Light_sensor\Z-Stack Mesh
#        1.0.0
#        ZED\Projects\zstack\Samples\GenericApp\CC2538\Coordinator\Obj\MT_APP.o"
#        "C:\Users\Thaonguyen\Desktop\CodeSample\Light_sensor\Z-Stack Mesh
#        1.0.0
#        ZED\Projects\zstack\Samples\GenericApp\CC2538\Coordinator\Obj\MT_DEBUG.o"
#        "C:\Users\Thaonguyen\Desktop\CodeSample\Light_sensor\Z-Stack Mesh
#        1.0.0
#        ZED\Projects\zstack\Samples\GenericApp\CC2538\Coordinator\Obj\MT_NWK.o"
#        "C:\Users\Thaonguyen\Desktop\CodeSample\Light_sensor\Z-Stack Mesh
#        1.0.0
#        ZED\Projects\zstack\Samples\GenericApp\CC2538\Coordinator\Obj\MT_SYS.o"
#        "C:\Users\Thaonguyen\Desktop\CodeSample\Light_sensor\Z-Stack Mesh
#        1.0.0
#        ZED\Projects\zstack\Samples\GenericApp\CC2538\Coordinator\Obj\MT_TASK.o"
#        "C:\Users\Thaonguyen\Desktop\CodeSample\Light_sensor\Z-Stack Mesh
#        1.0.0
#        ZED\Projects\zstack\Samples\GenericApp\CC2538\Coordinator\Obj\MT_UART.o"
#        "C:\Users\Thaonguyen\Desktop\CodeSample\Light_sensor\Z-Stack Mesh
#        1.0.0
#        ZED\Projects\zstack\Samples\GenericApp\CC2538\Coordinator\Obj\MT_UTIL.o"
#        "C:\Users\Thaonguyen\Desktop\CodeSample\Light_sensor\Z-Stack Mesh
#        1.0.0
#        ZED\Projects\zstack\Samples\GenericApp\CC2538\Coordinator\Obj\MT_VERSION.o"
#        "C:\Users\Thaonguyen\Desktop\CodeSample\Light_sensor\Z-Stack Mesh
#        1.0.0
#        ZED\Projects\zstack\Samples\GenericApp\CC2538\Coordinator\Obj\MT_ZDO.o"
#        "C:\Users\Thaonguyen\Desktop\CodeSample\Light_sensor\Z-Stack Mesh
#        1.0.0
#        ZED\Projects\zstack\Samples\GenericApp\CC2538\Coordinator\Obj\nwk_globals.o"
#        "C:\Users\Thaonguyen\Desktop\CodeSample\Light_sensor\Z-Stack Mesh
#        1.0.0
#        ZED\Projects\zstack\Samples\GenericApp\CC2538\Coordinator\Obj\OnBoard.o"
#        "C:\Users\Thaonguyen\Desktop\CodeSample\Light_sensor\Z-Stack Mesh
#        1.0.0
#        ZED\Projects\zstack\Samples\GenericApp\CC2538\Coordinator\Obj\OSAL.o"
#        "C:\Users\Thaonguyen\Desktop\CodeSample\Light_sensor\Z-Stack Mesh
#        1.0.0
#        ZED\Projects\zstack\Samples\GenericApp\CC2538\Coordinator\Obj\OSAL_Clock.o"
#        "C:\Users\Thaonguyen\Desktop\CodeSample\Light_sensor\Z-Stack Mesh
#        1.0.0
#        ZED\Projects\zstack\Samples\GenericApp\CC2538\Coordinator\Obj\OSAL_GenericApp.o"
#        "C:\Users\Thaonguyen\Desktop\CodeSample\Light_sensor\Z-Stack Mesh
#        1.0.0
#        ZED\Projects\zstack\Samples\GenericApp\CC2538\Coordinator\Obj\OSAL_Memory.o"
#        "C:\Users\Thaonguyen\Desktop\CodeSample\Light_sensor\Z-Stack Mesh
#        1.0.0
#        ZED\Projects\zstack\Samples\GenericApp\CC2538\Coordinator\Obj\osal_nv.o"
#        "C:\Users\Thaonguyen\Desktop\CodeSample\Light_sensor\Z-Stack Mesh
#        1.0.0
#        ZED\Projects\zstack\Samples\GenericApp\CC2538\Coordinator\Obj\OSAL_PwrMgr.o"
#        "C:\Users\Thaonguyen\Desktop\CodeSample\Light_sensor\Z-Stack Mesh
#        1.0.0
#        ZED\Projects\zstack\Samples\GenericApp\CC2538\Coordinator\Obj\OSAL_Timers.o"
#        "C:\Users\Thaonguyen\Desktop\CodeSample\Light_sensor\Z-Stack Mesh
#        1.0.0
#        ZED\Projects\zstack\Samples\GenericApp\CC2538\Coordinator\Obj\saddr.o"
#        "C:\Users\Thaonguyen\Desktop\CodeSample\Light_sensor\Z-Stack Mesh
#        1.0.0
#        ZED\Projects\zstack\Samples\GenericApp\CC2538\Coordinator\Obj\startup_ewarm.o"
#        "C:\Users\Thaonguyen\Desktop\CodeSample\Light_sensor\Z-Stack Mesh
#        1.0.0
#        ZED\Projects\zstack\Samples\GenericApp\CC2538\Coordinator\Obj\stub_aps.o"
#        "C:\Users\Thaonguyen\Desktop\CodeSample\Light_sensor\Z-Stack Mesh
#        1.0.0
#        ZED\Projects\zstack\Samples\GenericApp\CC2538\Coordinator\Obj\ZDApp.o"
#        "C:\Users\Thaonguyen\Desktop\CodeSample\Light_sensor\Z-Stack Mesh
#        1.0.0
#        ZED\Projects\zstack\Samples\GenericApp\CC2538\Coordinator\Obj\ZDConfig.o"
#        "C:\Users\Thaonguyen\Desktop\CodeSample\Light_sensor\Z-Stack Mesh
#        1.0.0
#        ZED\Projects\zstack\Samples\GenericApp\CC2538\Coordinator\Obj\ZDiags.o"
#        "C:\Users\Thaonguyen\Desktop\CodeSample\Light_sensor\Z-Stack Mesh
#        1.0.0
#        ZED\Projects\zstack\Samples\GenericApp\CC2538\Coordinator\Obj\ZDNwkMgr.o"
#        "C:\Users\Thaonguyen\Desktop\CodeSample\Light_sensor\Z-Stack Mesh
#        1.0.0
#        ZED\Projects\zstack\Samples\GenericApp\CC2538\Coordinator\Obj\ZDObject.o"
#        "C:\Users\Thaonguyen\Desktop\CodeSample\Light_sensor\Z-Stack Mesh
#        1.0.0
#        ZED\Projects\zstack\Samples\GenericApp\CC2538\Coordinator\Obj\ZDProfile.o"
#        "C:\Users\Thaonguyen\Desktop\CodeSample\Light_sensor\Z-Stack Mesh
#        1.0.0
#        ZED\Projects\zstack\Samples\GenericApp\CC2538\Coordinator\Obj\ZDSecMgr.o"
#        "C:\Users\Thaonguyen\Desktop\CodeSample\Light_sensor\Z-Stack Mesh
#        1.0.0
#        ZED\Projects\zstack\Samples\GenericApp\CC2538\Coordinator\Obj\ZGlobals.o"
#        "C:\Users\Thaonguyen\Desktop\CodeSample\Light_sensor\Z-Stack Mesh
#        1.0.0
#        ZED\Projects\zstack\Samples\GenericApp\CC2538\Coordinator\Obj\zmac.o"
#        "C:\Users\Thaonguyen\Desktop\CodeSample\Light_sensor\Z-Stack Mesh
#        1.0.0
#        ZED\Projects\zstack\Samples\GenericApp\CC2538\Coordinator\Obj\zmac_cb.o"
#        "C:\Users\Thaonguyen\Desktop\CodeSample\Light_sensor\Z-Stack Mesh
#        1.0.0
#        ZED\Projects\zstack\Samples\GenericApp\CC2538\Coordinator\Obj\ZMain.o"
#        --redirect _Printf=_PrintfTiny --redirect _Scanf=_ScanfSmall -o
#        "C:\Users\Thaonguyen\Desktop\CodeSample\Light_sensor\Z-Stack Mesh
#        1.0.0
#        ZED\Projects\zstack\Samples\GenericApp\CC2538\Coordinator\Exe\GenericApp.out"
#        --map "C:\Users\Thaonguyen\Desktop\CodeSample\Light_sensor\Z-Stack
#        Mesh 1.0.0
#        ZED\Projects\zstack\Samples\GenericApp\CC2538\Coordinator\List\GenericApp.map"
#        --config "C:\Users\Thaonguyen\Desktop\CodeSample\Light_sensor\Z-Stack
#        Mesh 1.0.0
#        ZED\Projects\zstack\Samples\GenericApp\CC2538\..\..\..\Tools\CC2538DB\CC2538.icf"
#        --semihosting
#        "C:\Users\Thaonguyen\Desktop\CodeSample\Light_sensor\Z-Stack Mesh
#        1.0.0
#        ZED\Projects\zstack\Samples\GenericApp\CC2538\..\..\..\Libraries\CC2538\bin\Router.a"
#        "C:\Users\Thaonguyen\Desktop\CodeSample\Light_sensor\Z-Stack Mesh
#        1.0.0
#        ZED\Projects\zstack\Samples\GenericApp\CC2538\..\..\..\Libraries\TIMAC\bin\TIMAC-CC2538.a"
#        "C:\Users\Thaonguyen\Desktop\CodeSample\Light_sensor\Z-Stack Mesh
#        1.0.0
#        ZED\Projects\zstack\Samples\GenericApp\CC2538\..\..\..\..\..\Components\driverlib\cc2538\bin\iar\sdriverlib.lib"
#        "C:\Users\Thaonguyen\Desktop\CodeSample\Light_sensor\Z-Stack Mesh
#        1.0.0
#        ZED\Projects\zstack\Samples\GenericApp\CC2538\..\..\..\..\..\Components\bsp\srf06eb_cc2538\drivers\bin\iar\bsp.lib"
#        --entry __iar_program_start --vfe
#
###############################################################################

*******************************************************************************
*** RUNTIME MODEL ATTRIBUTES
***

CppFlavor       = *
__Heap_Handler  = DLMalloc
__SystemLibrary = DLib


*******************************************************************************
*** PLACEMENT SUMMARY
***

"A0":  place at start of [0x00200000-0x0027c7ff] { ro section .intvec };
"A1":  place at start of [0x0027ffd4-0x0027ffdf] { ro section .cca };
"P1":  place in [from 0x00200000 to 0x0027c7ff] { ro };
"A6":  place at start of [0x20004000-0x20007fff] { section VTABLE };
"P2":  place in [from 0x20004000 to 0x20007fff] { rw, block HEAP };
do not initialize { section .noinit };
initialize by copy { rw };

  Section            Kind        Address     Size  Object
  -------            ----        -------     ----  ------
"A0":                                       0x100
  .intvec            const    0x00200000    0x100  startup_ewarm.o [1]
                            - 0x00200100    0x100

"P1":                                     0x17071
  .text              ro code  0x00200100   0x2a6c  mac_beacon.o [4]
  .text              ro code  0x00202b6c    0x5a4  OSAL.o [1]
  .text              ro code  0x00203110    0x188  OSAL_Memory.o [1]
  .text              ro code  0x00203298     0x92  saddr.o [1]
  .text              ro code  0x0020332a      0xa  xsprout.o [6]
  .text              ro code  0x00203334    0x250  interrupt.o [8]
  .text              ro code  0x00203584    0x15c  mac_backoff_timer.o [1]
  .text              ro code  0x002036e0    0x248  zmac_cb.o [1]
  .text              ro code  0x00203928    0x22a  mac_radio.o [1]
  .text              ro code  0x00203b54    0x2f4  mac_pib.o [1]
  .text              ro code  0x00203e48    0x254  hal_assert.o [1]
  .text              ro code  0x0020409c     0x4e  mac_low_level.o [1]
  .text              ro code  0x002040ec    0x3a0  mac_tx.o [1]
  .text              ro code  0x0020448c    0x1c0  mac_rx_onoff.o [1]
  .text              ro code  0x0020464c     0x36  strlen.o [7]
  .text              ro code  0x00204684     0x66  ABImemset.o [7]
  .text              ro code  0x002046ec      0x6  ABImemclr.o [7]
  .text              ro code  0x002046f4     0xb6  OnBoard.o [1]
  .text              ro code  0x002047ac     0x44  strcpy_unaligned.o [7]
  .text              ro code  0x002047f0     0x1c  strcat.o [6]
  .text              ro code  0x0020480c    0x1f4  OSAL_Timers.o [1]
  .text              ro code  0x00204a00     0x14  OSAL_PwrMgr.o [1]
  .text              ro code  0x00204a14     0x4c  OSAL_GenericApp.o [1]
  .text              ro code  0x00204a60     0x7c  hal_drivers.o [1]
  .text              ro code  0x00204adc     0x10  cpu.o [8]
  .text              ro code  0x00204aec    0x438  mac_mcu.o [1]
  .text              ro code  0x00204f24    0x4f8  nwk_bufs.o [3]
  .text              ro code  0x0020541c     0x68  mac_mem.o [1]
  .text              ro code  0x00205484    0x75c  mac_rx.o [1]
  .text              ro code  0x00205be0     0x76  ABImemcpy_unaligned.o [7]
  .text              ro code  0x00205c58    0x1a4  hal_sys_ctrl.o [1]
  .text              ro code  0x00205dfc    0x1bc  gpio.o [8]
  .text              ro code  0x00205fb8     0x5c  mac_sleep.o [1]
  .text              ro code  0x00206014    0x3e0  mac_csp_tx.o [1]
  .text              ro code  0x002063f4    0x12c  hal_key.o [1]
  .text              ro code  0x00206520   0x1794  nwk.o [3]
  .text              ro code  0x00207cb4    0x7b8  APS.o [3]
  .text              ro code  0x0020846c    0x620  aps_frag.o [3]
  .text              ro code  0x00208a8c    0xd22  ZDApp.o [1]
  .text              ro code  0x002097b0    0x488  ZDNwkMgr.o [1]
  .text              ro code  0x00209c38    0x720  GenericApp.o [1]
  .text              ro code  0x0020a358     0x44  hal_aes.o [1]
  .text              ro code  0x0020a39c    0x2ac  hal_led.o [1]
  .text              ro code  0x0020a648    0x340  hal_uart.o [1]
  .text              ro code  0x0020a988   0x26da  nwk_util.o [3]
  .text              ro code  0x0020d064    0x1e2  zmac.o [1]
  .text              ro code  0x0020d248    0x384  mac_autopend.o [1]
  .text              ro code  0x0020d5cc    0x1bc  sys_ctrl.o [8]
  .text              ro code  0x0020d788    0x300  ioc.o [8]
  .text              ro code  0x0020da88     0x5c  mac_radio_defs.o [1]
  .text              ro code  0x0020dae4    0x30c  bsp_key.o [5]
  .text              ro code  0x0020ddf0    0x27c  nwk_globals.o [1]
  .text              ro code  0x0020e06c    0x5d8  AssocList.o [3]
  .text              ro code  0x0020e644   0x1ba8  rtg.o [3]
  .text              ro code  0x002101ec    0x404  NLMEDE.o [3]
  .text              ro code  0x002105f0    0x2e0  NLMEDE_CB.o [3]
  .text              ro code  0x002108d0    0x3c8  ssp.o [3]
  .text              ro code  0x00210c98      0x2  ZDiags.o [1]
  .text              ro code  0x00210c9c     0x58  aps_groups.o [3]
  .text              ro code  0x00210cf4    0x42c  AddrMgr.o [3]
  .text              ro code  0x00211120    0x838  BindingTable.o [1]
  .text              ro code  0x00211958    0x5bc  AF.o [1]
  .text              ro code  0x00211f14    0x8bc  APSMEDE.o [3]
  .text              ro code  0x002127d0    0x148  reflecttrack.o [3]
  .text              ro code  0x00212918    0x104  APSMEDE_CB.o [3]
  .text              ro code  0x00212a1c    0x228  aps_util.o [3]
  .text              ro code  0x00212c44   0x11c4  ZDObject.o [1]
  .text              ro code  0x00213e08    0x56e  ZDSecMgr.o [1]
  .text              ro code  0x00214376     0x5e  debug.o [1]
  .text              ro code  0x002143d4    0x94c  ZDProfile.o [1]
  .text              ro code  0x00214d20    0x154  ZGlobals.o [1]
  .text              ro code  0x00214e74    0xe0c  osal_nv.o [1]
  .text              ro code  0x00215c80     0x40  ZDConfig.o [1]
  .text              ro code  0x00215cc0      0xa  hal_lcd.o [1]
  .text              ro code  0x00215ccc     0x20  hal_adc.o [1]
  .text              ro code  0x00215cec      0x6  ABImemclr4.o [7]
  .text              ro code  0x00215cf4     0x34  sprintf.o [6]
  .text              ro code  0x00215d28     0x48  common.o [1]
  .text              ro code  0x00215d70    0x1ec  aes.o [8]
  .text              ro code  0x00215f5c     0xd6  uart.o [8]
  .text              ro code  0x00216034    0x350  io_pin_int.o [5]
  .text              ro code  0x00216384     0x9a  hal_ccm.o [1]
  .text              ro code  0x0021641e    0x128  armcm3flashutil.o [1]
  .text              ro code  0x00216548     0x32  ABImemset48.o [7]
  .text              ro code  0x0021657a    0x14e  xprintftiny.o [6]
  .text              ro code  0x002166c8    0x388  ccm.o [8]
  .text              ro code  0x00216a50     0x38  flash.o [8]
  .text              ro code  0x00216a88    0x23c  ZMain.o [1]
  .text              ro code  0x00216cc4     0x24  hal_systick.o [1]
  .text              ro code  0x00216ce8     0x64  OSAL_Clock.o [1]
  .text              ro code  0x00216d4c     0x34  systick.o [8]
  .rodata            const    0x00216d80     0xcc  mac_beacon.o [4]
  .rodata            const    0x00216e4c     0x80  GenericApp.o [1]
  .rodata            const    0x00216ecc     0x54  nwk_globals.o [1]
  .text              ro code  0x00216f20     0x40  zero_init3.o [7]
  .text              ro code  0x00216f60     0x3a  startup_ewarm.o [1]
  .text              ro code  0x00216f9a      0xc  cstartup_M.o [7]
  .text              ro code  0x00216fa8     0x1a  cmain.o [7]
  .text              ro code  0x00216fc2      0x4  low_level_init.o [6]
  .text              ro code  0x00216fc8     0x28  data_init.o [7]
  .text              ro code  0x00216ff0      0x4  exit.o [6]
  .text              ro code  0x00216ff4      0xa  cexit.o [7]
  .text              ro code  0x00217000     0x14  exit.o [9]
  .text              ro code  0x00217014     0x38  packbits_init_single.o [7]
  .rodata            const    0x0021704c     0x24  mac_radio_defs.o [1]
  .rodata            const    0x00217070     0x21  OSAL_GenericApp.o [1]
  .iar.init_table    const    0x00217094     0x28  - Linker created -
  .rodata            const    0x002170bc      0x8  mac_cfg.o [1]
  .text              ro code  0x002170c4      0x6  hal_sleep.o [1]
  .rodata            const    0x002170ca      0x0  zero_init3.o [7]
  .rodata            const    0x002170ca      0x0  packbits_init_single.o [7]
  Initializer bytes  const    0x002170ca     0xa7  <for P2-1>
                            - 0x00217171  0x17071

Absolute sections:                         0x3000
  .noinit            uninit   0x0027c800   0x3000  osal_nv.o [1]
                            - 0x0027f800   0x3000

"A1":                                         0xc
  .cca               const    0x0027ffd4      0xc  startup_ewarm.o [1]
                            - 0x0027ffe0      0xc

"A6":                                       0x100
  VTABLE             zero     0x20004000    0x100  interrupt.o [8]
                            - 0x20004100    0x100

"P2", part 1 of 3:                          0x29e
  P2-1                        0x20004100    0x29e  <Init block>
    .data            inited   0x20004100      0x8  AF.o [1]
    .data            inited   0x20004108     0x2c  GenericApp.o [1]
    .data            inited   0x20004134     0x2c  osal_nv.o [1]
    .data            inited   0x20004160     0x54  ZDApp.o [1]
    .data            inited   0x200041b4     0x58  ZDProfile.o [1]
    .data            inited   0x2000420c      0x4  ZGlobals.o [1]
    .data            inited   0x20004210     0x14  nwk_util.o [3]
    .data            inited   0x20004224     0x20  APS.o [3]
    .data            inited   0x20004244     0x14  nwk.o [3]
    .data            inited   0x20004258     0x80  mac_beacon.o [4]
    .data            inited   0x200042d8     0x80  mac_beacon.o [4]
    .data            inited   0x20004358      0xc  aps_frag.o [3]
    .data            inited   0x20004364      0x8  reflecttrack.o [3]
    .data            inited   0x2000436c      0x2  ZDObject.o [1]
    .data            inited   0x2000436e      0x2  ZGlobals.o [1]
    .data            inited   0x20004370      0x2  ZGlobals.o [1]
    .data            inited   0x20004372      0x2  ZGlobals.o [1]
    .data            inited   0x20004374      0x2  ZGlobals.o [1]
    .data            inited   0x20004376      0x2  ZGlobals.o [1]
    .data            inited   0x20004378      0x2  ZGlobals.o [1]
    .data            inited   0x2000437a      0x2  ZGlobals.o [1]
    .data            inited   0x2000437c      0x1  mac_sleep.o [1]
    .data            inited   0x2000437d      0x1  nwk_globals.o [1]
    .data            inited   0x2000437e      0x1  OnBoard.o [1]
    .data            inited   0x2000437f      0x1  OSAL.o [1]
    .data            inited   0x20004380      0x1  ZGlobals.o [1]
    .data            inited   0x20004381      0x1  ZGlobals.o [1]
    .data            inited   0x20004382      0x1  ZGlobals.o [1]
    .data            inited   0x20004383      0x1  ZGlobals.o [1]
    .data            inited   0x20004384      0x1  ZGlobals.o [1]
    .data            inited   0x20004385      0x1  ZGlobals.o [1]
    .data            inited   0x20004386      0x1  ZGlobals.o [1]
    .data            inited   0x20004387      0x1  ZGlobals.o [1]
    .data            inited   0x20004388      0x1  ZGlobals.o [1]
    .data            inited   0x20004389      0x1  ZGlobals.o [1]
    .data            inited   0x2000438a      0x1  ZGlobals.o [1]
    .data            inited   0x2000438b      0x1  ZGlobals.o [1]
    .data            inited   0x2000438c      0x1  ZGlobals.o [1]
    .data            inited   0x2000438d      0x1  ZGlobals.o [1]
    .data            inited   0x2000438e      0x1  ZGlobals.o [1]
    .data            inited   0x2000438f      0x1  ZGlobals.o [1]
    .data            inited   0x20004390      0x1  ZGlobals.o [1]
    .data            inited   0x20004391      0x1  ZGlobals.o [1]
    .data            inited   0x20004392      0x1  ZGlobals.o [1]
    .data            inited   0x20004393      0x1  ZGlobals.o [1]
    .data            inited   0x20004394      0x1  ZGlobals.o [1]
    .data            inited   0x20004395      0x2  ZGlobals.o [1]
    .data            inited   0x20004397      0x1  ZGlobals.o [1]
    .data            inited   0x20004398      0x1  nwk_util.o [3]
    .data            inited   0x20004399      0x2  NLMEDE.o [3]
    .data            inited   0x2000439b      0x1  NLMEDE.o [3]
    .data            inited   0x2000439c      0x2  reflecttrack.o [3]
                            - 0x2000439e    0x29e

"P2", part 2 of 3:                         0x2004
  .noinit            uninit   0x200043a0   0x1800  OSAL_Memory.o [1]
  .noinit            uninit   0x20005ba0    0x800  startup_ewarm.o [1]
  .noinit            uninit   0x200063a0      0x4  OSAL_Memory.o [1]
                            - 0x200063a4   0x2004

"P2", part 3 of 3:                          0xcb0
  .bss               zero     0x200063a4    0x1f8  nwk_globals.o [1]
  .bss               zero     0x2000659c    0x1c0  nwk_globals.o [1]
  .bss               zero     0x2000675c    0x140  nwk_globals.o [1]
  .bss               zero     0x2000689c     0x8c  mac_pib.o [1]
  .bss               zero     0x20006928     0x78  nwk.o [3]
  .bss               zero     0x200069a0     0x70  mac_beacon.o [4]
  .bss               zero     0x20006a10     0x70  io_pin_int.o [5]
  .bss               zero     0x20006a80     0x60  nwk_globals.o [1]
  .bss               zero     0x20006ae0     0x5c  mac_beacon.o [4]
  .bss               zero     0x20006b3c     0x50  nwk_globals.o [1]
  .bss               zero     0x20006b8c     0x4c  mac_beacon.o [4]
  .bss               zero     0x20006bd8     0x48  nwk_globals.o [1]
  .bss               zero     0x20006c20     0x44  mac_beacon.o [4]
  .bss               zero     0x20006c64     0x38  nwk_globals.o [1]
  .bss               zero     0x20006c9c     0x38  ZDObject.o [1]
  .bss               zero     0x20006cd4     0x38  mac_beacon.o [4]
  .bss               zero     0x20006d0c     0x34  hal_led.o [1]
  .bss               zero     0x20006d40     0x30  ZDNwkMgr.o [1]
  .bss               zero     0x20006d70     0x2c  hal_uart.o [1]
  .bss               zero     0x20006d9c     0x28  ZDSecMgr.o [1]
  .bss               zero     0x20006dc4     0x24  nwk_globals.o [1]
  .bss               zero     0x20006de8     0x20  BindingTable.o [1]
  .bss               zero     0x20006e08     0x20  bsp_key.o [5]
  .bss               zero     0x20006e28     0x20  io_pin_int.o [5]
  .bss               zero     0x20006e48     0x1c  nwk_util.o [3]
  .bss               zero     0x20006e64     0x18  mac_rx.o [1]
  .bss               zero     0x20006e7c     0x18  nwk_globals.o [1]
  .bss               zero     0x20006e94     0x14  nwk_globals.o [1]
  .bss               zero     0x20006ea8     0x14  ZDConfig.o [1]
  .bss               zero     0x20006ebc     0x14  APSMEDE.o [3]
  .bss               zero     0x20006ed0     0x14  aes.o [8]
  .bss               zero     0x20006ee4     0x10  mac_mcu.o [1]
  .bss               zero     0x20006ef4     0x10  nwk_util.o [3]
  .bss               zero     0x20006f04     0x10  APS.o [3]
  .bss               zero     0x20006f14      0xc  nwk_globals.o [1]
  .bss               zero     0x20006f20      0xc  ZDSecMgr.o [1]
  .bss               zero     0x20006f2c      0xc  nwk_util.o [3]
  .bss               zero     0x20006f38      0xc  nwk_util.o [3]
  .bss               zero     0x20006f44      0xc  NLMEDE.o [3]
  .bss               zero     0x20006f50      0x8  hal_key.o [1]
  .bss               zero     0x20006f58      0x8  mac_backoff_timer.o [1]
  .bss               zero     0x20006f60      0x8  mac_mcu.o [1]
  .bss               zero     0x20006f68      0x8  mac_tx.o [1]
  .bss               zero     0x20006f70      0x8  OnBoard.o [1]
  .bss               zero     0x20006f78      0x8  OSAL_Clock.o [1]
  .bss               zero     0x20006f80      0x8  OSAL_PwrMgr.o [1]
  .bss               zero     0x20006f88      0x8  OSAL_Timers.o [1]
  .bss               zero     0x20006f90      0x8  ZDApp.o [1]
  .bss               zero     0x20006f98      0x8  ZGlobals.o [1]
  .bss               zero     0x20006fa0      0x8  ZGlobals.o [1]
  .bss               zero     0x20006fa8      0x8  ZGlobals.o [1]
  .bss               zero     0x20006fb0      0x8  zmac.o [1]
  .bss               zero     0x20006fb8      0x8  AddrMgr.o [3]
  .bss               zero     0x20006fc0      0x8  ssp.o [3]
  .bss               zero     0x20006fc8      0x8  ssp.o [3]
  .bss               zero     0x20006fd0      0x4  hal_aes.o [1]
  .bss               zero     0x20006fd4      0x4  mac_radio.o [1]
  .bss               zero     0x20006fd8      0x4  OSAL.o [1]
  .bss               zero     0x20006fdc      0x4  OSAL_GenericApp.o [1]
  .bss               zero     0x20006fe0      0x4  ZDNwkMgr.o [1]
  .bss               zero     0x20006fe4      0x4  ZDNwkMgr.o [1]
  .bss               zero     0x20006fe8      0x4  ZDObject.o [1]
  .bss               zero     0x20006fec      0x4  ZDProfile.o [1]
  .bss               zero     0x20006ff0      0x4  zmac_cb.o [1]
  .bss               zero     0x20006ff4      0x4  APSMEDE.o [3]
  .bss               zero     0x20006ff8      0x4  rtg.o [3]
  .bss               zero     0x20006ffc      0x4  rtg.o [3]
  .bss               zero     0x20007000      0x4  rtg.o [3]
  .bss               zero     0x20007004      0x4  rtg.o [3]
  .bss               zero     0x20007008      0x4  rtg.o [3]
  .bss               zero     0x2000700c      0x4  aps_groups.o [3]
  .bss               zero     0x20007010      0x4  APS.o [3]
  .bss               zero     0x20007014      0x4  APS.o [3]
  .bss               zero     0x20007018      0x4  APS.o [3]
  .bss               zero     0x2000701c      0x4  NLMEDE.o [3]
  .bss               zero     0x20007020      0x4  NLMEDE.o [3]
  .bss               zero     0x20007024      0x4  nwk_bufs.o [3]
  .bss               zero     0x20007028      0x4  nwk_bufs.o [3]
  .bss               zero     0x2000702c      0x3  hal_led.o [1]
  .bss               zero     0x2000702f      0x2  mac_rx_onoff.o [1]
  .bss               zero     0x20007031      0x2  ZDSecMgr.o [1]
  .bss               zero     0x20007033      0x1  hal_assert.o [1]
  .bss               zero     0x20007034      0x2  nwk_util.o [3]
  .bss               zero     0x20007036      0x2  nwk.o [3]
  .bss               zero     0x20007038      0x2  NLMEDE.o [3]
  .bss               zero     0x2000703a      0x1  hal_drivers.o [1]
  .bss               zero     0x2000703b      0x1  hal_uart.o [1]
  .bss               zero     0x2000703c      0x1  hal_uart.o [1]
  .bss               zero     0x2000703d      0x1  mac_autopend.o [1]
  .bss               zero     0x2000703e      0x1  mac_autopend.o [1]
  .bss               zero     0x2000703f      0x1  mac_mcu.o [1]
  .bss               zero     0x20007040      0x1  nwk_globals.o [1]
  .bss               zero     0x20007041      0x1  nwk_globals.o [1]
  .bss               zero     0x20007042      0x1  OnBoard.o [1]
  .bss               zero     0x20007043      0x1  OSAL_Memory.o [1]
  .bss               zero     0x20007044      0x1  ZGlobals.o [1]
  .bss               zero     0x20007045      0x1  ZGlobals.o [1]
  .bss               zero     0x20007046      0x1  ZGlobals.o [1]
  .bss               zero     0x20007047      0x1  ZGlobals.o [1]
  .bss               zero     0x20007048      0x1  ZGlobals.o [1]
  .bss               zero     0x20007049      0x1  ZGlobals.o [1]
  .bss               zero     0x2000704a      0x1  ZGlobals.o [1]
  .bss               zero     0x2000704b      0x1  ZGlobals.o [1]
  .bss               zero     0x2000704c      0x1  zmac_cb.o [1]
  .bss               zero     0x2000704d      0x1  nwk_util.o [3]
  .bss               zero     0x2000704e      0x1  nwk_util.o [3]
  .bss               zero     0x2000704f      0x1  rtg.o [3]
  .bss               zero     0x20007050      0x1  rtg.o [3]
  .bss               zero     0x20007051      0x1  nwk.o [3]
                            - 0x20007052    0xcae


*******************************************************************************
*** INIT TABLE
***

          Address     Size
          -------     ----
Zero (__iar_zero_init3)
    2 destination ranges, total size 0xdae:
          0x20004000  0x100
          0x200063a4  0xcae

Copy/packbits (__iar_packbits_init_single3)
    1 source range, total size 0xa7 (24% of destination):
          0x002170ca   0xa7
    1 destination range, total size 0x29e:
          0x20004100  0x29e



*******************************************************************************
*** MODULE SUMMARY
***

    Module                  ro code  ro data  rw data  rw data
                                                        (abs)
    ------                  -------  -------  -------  -------
C:\Users\Thaonguyen\Desktop\CodeSample\Light_sensor\Z-Stack Mesh 1.0.0 ZED\Projects\zstack\Samples\GenericApp\CC2538\Coordinator\Obj: [1]
    AF.o                      1 468        1        8
    BindingTable.o            2 104                32
    GenericApp.o              1 824      139       44
    OSAL.o                    1 444                 5
    OSAL_Clock.o                100                 8
    OSAL_GenericApp.o            76       33        4
    OSAL_Memory.o               392             6 149
    OSAL_PwrMgr.o                20                 8
    OSAL_Timers.o               500                 8
    OnBoard.o                   182                10
    ZDApp.o                   3 362       21       92
    ZDConfig.o                   64                20
    ZDNwkMgr.o                1 160                56
    ZDObject.o                4 548        1       62
    ZDProfile.o               2 380       22       92
    ZDSecMgr.o                1 390                54
    ZDiags.o                      2
    ZGlobals.o                  340       10       74
    ZMain.o                     572
    armcm3flashutil.o           296
    common.o                     72
    debug.o                      94
    hal_adc.o                    32
    hal_aes.o                    68                 4
    hal_assert.o                596                 1
    hal_ccm.o                   154
    hal_drivers.o               124                 1
    hal_key.o                   300                 8
    hal_lcd.o                    10
    hal_led.o                   684                55
    hal_sleep.o                   6
    hal_sys_ctrl.o              420
    hal_systick.o                36
    hal_uart.o                  832                46
    mac_autopend.o              900                 2
    mac_backoff_timer.o         348                 8
    mac_cfg.o                              8
    mac_csp_tx.o                992
    mac_low_level.o              78
    mac_mcu.o                 1 080                25
    mac_mem.o                   104
    mac_pib.o                   756               140
    mac_radio.o                 554                 4
    mac_radio_defs.o             92       36
    mac_rx.o                  1 884                24
    mac_rx_onoff.o              448                 2
    mac_sleep.o                  92                 1
    mac_tx.o                    928                 8
    nwk_globals.o               636       85    1 671
    osal_nv.o                 3 596       11       44   12 288
    saddr.o                     146
    startup_ewarm.o              58      268    2 048
    zmac.o                      482                 8
    zmac_cb.o                   584                 5
    ----------------------------------------------------------
    Total:                   39 410      635   10 831   12 288

command line: [2]
    ----------------------------------------------------------
    Total:

Router.a: [3]
    APS.o                     1 976        8       60
    APSMEDE.o                 2 236                24
    APSMEDE_CB.o                260
    AddrMgr.o                 1 068                 8
    AssocList.o               1 496
    NLMEDE.o                  1 028        1       25
    NLMEDE_CB.o                 736
    aps_frag.o                1 568        3       12
    aps_groups.o                 88                 4
    aps_util.o                  552
    nwk.o                     6 036        5      143
    nwk_bufs.o                1 272                 8
    nwk_util.o                9 946        5       93
    reflecttrack.o              328        3       10
    rtg.o                     7 080                22
    ssp.o                       968                16
    ----------------------------------------------------------
    Total:                   36 638       25      425

TIMAC-CC2538.a: [4]
    mac_beacon.o             10 860      268      660
    ----------------------------------------------------------
    Total:                   10 860      268      660

bsp.lib: [5]
    bsp_key.o                   780                32
    io_pin_int.o                848               144
    ----------------------------------------------------------
    Total:                    1 628               176

dl7M_tln.a: [6]
    exit.o                        4
    low_level_init.o              4
    sprintf.o                    52
    strcat.o                     28
    xprintftiny.o               334
    xsprout.o                    10
    ----------------------------------------------------------
    Total:                      432

rt7M_tl.a: [7]
    ABImemclr.o                   6
    ABImemclr4.o                  6
    ABImemcpy_unaligned.o       118
    ABImemset.o                 102
    ABImemset48.o                50
    cexit.o                      10
    cmain.o                      26
    cstartup_M.o                 12
    data_init.o                  40
    packbits_init_single.o       56
    strcpy_unaligned.o           68
    strlen.o                     54
    zero_init3.o                 64
    ----------------------------------------------------------
    Total:                      612

sdriverlib.lib: [8]
    aes.o                       492                20
    ccm.o                       904
    cpu.o                        16
    flash.o                      56
    gpio.o                      444
    interrupt.o                 592               256
    ioc.o                       768
    sys_ctrl.o                  444
    systick.o                    52
    uart.o                      214
    ----------------------------------------------------------
    Total:                    3 982               276

shb_l.a: [9]
    exit.o                       20
    ----------------------------------------------------------
    Total:                       20

    Gaps                         36        3
    Linker created                        40
--------------------------------------------------------------
    Grand Total:             93 618      971   12 368   12 288


*******************************************************************************
*** ENTRY LIST
***

Entry                      Address    Size  Type      Object
-----                      -------    ----  ----      ------
.iar.init_table$$Base   0x00217094           --   Gb  - Linker created -
.iar.init_table$$Limit  0x002170bc           --   Gb  - Linker created -
?main                   0x00216fa9          Code  Gb  cmain.o [7]
AESECBCheckResult       0x00215ec9    0x16  Code  Gb  aes.o [8]
AESECBGetResult         0x00215edf    0x5a  Code  Gb  aes.o [8]
AESECBStart             0x00215e41    0x88  Code  Gb  aes.o [8]
AESLoadKey              0x00215d71    0xce  Code  Gb  aes.o [8]
AF_DataRequest          0x00211c3d   0x1ce  Code  Gb  AF.o [1]
AF_DataRequestDiscoverRoute
                        0x20004100     0x1  Data  Gb  AF.o [1]
AIB_MaxBindingTime      0x20004228     0x2  Data  Gb  APS.o [3]
AIB_apsTrustCenterAddress
                        0x2000422c     0x4  Data  Gb  APS.o [3]
AIB_apsUseExtendedPANID
                        0x2000423c     0x8  Data  Gb  APS.o [3]
AIB_apsUseInsecureJoin  0x20004226     0x1  Data  Gb  APS.o [3]
APSDE_DataCnf           0x00212931     0xa  Code  Gb  APSMEDE_CB.o [3]
APSDE_DataConfirm       0x00212919    0x18  Code  Gb  APSMEDE_CB.o [3]
APSDE_DataIndication    0x0021293b    0x9a  Code  Gb  APSMEDE_CB.o [3]
APSDE_DataReq           0x00211f15   0x1f0  Code  Gb  APSMEDE.o [3]
APSDE_DataReqMTU        0x00212105    0x28  Code  Gb  APSMEDE.o [3]
APSDE_FrameAlloc        0x00212455   0x114  Code  Gb  APSMEDE.o [3]
APSDE_FrameHdrSet       0x0021223b    0xee  Code  Gb  APSMEDE.o [3]
APSDE_FrameSend         0x0021256d    0x42  Code  Gb  APSMEDE.o [3]
APSDE_ParseMsg          0x00212a1d   0x102  Code  Gb  aps_util.o [3]
APSF_AllocRxObj         0x00208795    0xee  Code  Lc  aps_frag.o [3]
APSF_FindObj            0x00208493    0x2a  Code  Lc  aps_frag.o [3]
APSF_FreeObj            0x002084bd    0x28  Code  Lc  aps_frag.o [3]
APSF_IncomingData       0x00208883   0x12e  Code  Lc  aps_frag.o [3]
APSF_Init               0x0020846d    0x26  Code  Gb  aps_frag.o [3]
APSF_ObjList            0x2000435c     0x4  Data  Lc  aps_frag.o [3]
APSF_ProcessAck         0x00208711    0x84  Code  Gb  aps_frag.o [3]
APSF_ProcessEvent       0x002089bb    0xb0  Code  Gb  aps_frag.o [3]
APSF_SendFragmented     0x002084e5   0x128  Code  Gb  aps_frag.o [3]
APSF_SendOsalMsg        0x002089b1     0xa  Code  Gb  aps_frag.o [3]
APSF_TxNextFrame        0x0020860d   0x102  Code  Lc  aps_frag.o [3]
APSF_taskID             0x20004358     0x1  Data  Gb  aps_frag.o [3]
APSME_BindRequest       0x0021212d    0x26  Code  Gb  APSMEDE.o [3]
APSME_CmdPkt            0x002123ff    0x40  Code  Gb  APSMEDE.o [3]
APSME_CmdPktHook        0x20006ecc     0x4  Data  Gb  APSMEDE.o [3]
APSME_CmdPktRM_CD       0x002123c9    0x14  Code  Gb  APSMEDE.o [3]
APSME_FrameSecApplyExtHook
                        0x20006ec4     0x4  Data  Gb  APSMEDE.o [3]
APSME_FrameSecApplyExtNM
                        0x00212237     0x4  Code  Gb  APSMEDE.o [3]
APSME_FrameSecApplyHook
                        0x20006ec0     0x4  Data  Gb  APSMEDE.o [3]
APSME_FrameSecApplyNM   0x00212231     0x6  Code  Gb  APSMEDE.o [3]
APSME_FrameSecRemoveHook
                        0x20006ec8     0x4  Data  Gb  APSMEDE.o [3]
APSME_FrameSecRemoveNM  0x0021222d     0x4  Code  Gb  APSMEDE.o [3]
APSME_FrameSecSetupHook
                        0x20006ebc     0x4  Data  Gb  APSMEDE.o [3]
APSME_FrameSecSetupNM   0x00212227     0x6  Code  Gb  APSMEDE.o [3]
APSME_FrameSecurityRemove
                        0x002125af    0x20  Code  Gb  APSMEDE.o [3]
APSME_FrameTunnel       0x00212329    0x98  Code  Gb  APSMEDE.o [3]
APSME_GetRequest        0x00212167    0x5a  Code  Gb  APSMEDE.o [3]
APSME_HoldDataRequests  0x002082f5    0x2a  Code  Gb  APS.o [3]
APSME_LookupNwkAddr     0x002121c1    0x2e  Code  Gb  APSMEDE.o [3]
APSME_RemoveDeviceReq   0x00212735    0x52  Code  Gb  APSMEDE.o [3]
APSME_SecurityRM_CD     0x0021278f    0x18  Code  Gb  APSMEDE.o [3]
APSME_TCLinkKeyInit     0x00214169    0x76  Code  Gb  ZDSecMgr.o [1]
APSME_TransportKeyReq   0x002125d5    0xf8  Code  Gb  APSMEDE.o [3]
APSME_UnBindRequest     0x00212153    0x14  Code  Gb  APSMEDE.o [3]
APSME_UpdateDeviceInd   0x002129d5    0x2c  Code  Gb  APSMEDE_CB.o [3]
APSME_UpdateDeviceReq   0x002126cd    0x60  Code  Gb  APSMEDE.o [3]
APS_AllowDataRequests   0x20004227     0x1  Data  Gb  APS.o [3]
APS_CmdInd              0x00207de3    0x60  Code  Gb  APS.o [3]
APS_Counter             0x20004225     0x1  Data  Gb  APS.o [3]
APS_DataConfirmReflect  0x00207f25    0x20  Code  Lc  APS.o [3]
APS_DataIndReflect      0x00207f45   0x118  Code  Lc  APS.o [3]
APS_GetBind             0x00207e7d    0xa8  Code  Lc  APS.o [3]
APS_Init                0x00207cd9    0x30  Code  Gb  APS.o [3]
APS_IsDuplicate         0x002083a7    0x98  Code  Lc  APS.o [3]
APS_MaintainDupRejTable
                        0x0020831f    0x88  Code  Lc  APS.o [3]
APS_ReReflect           0x00208235    0x78  Code  Lc  APS.o [3]
APS_Reflect             0x00208063   0x1d2  Code  Lc  APS.o [3]
APS_ReflectorInit       0x00207cb5    0x24  Code  Gb  APS.o [3]
APS_SetEndDeviceBindTimeout
                        0x00207dc5    0x1e  Code  Gb  APS.o [3]
APS_TaskID              0x20004224     0x1  Data  Gb  APS.o [3]
APS_UnBind              0x00207e45    0x38  Code  Lc  APS.o [3]
APS_event_loop          0x00207d09    0xbc  Code  Gb  APS.o [3]
APS_lastDupTime         0x20004238     0x4  Data  Gb  APS.o [3]
AddrMgrEntryAdd         0x00210d19    0x64  Code  Lc  AddrMgr.o [3]
AddrMgrEntryAddRef      0x00210e5b    0x3c  Code  Gb  AddrMgr.o [3]
AddrMgrEntryData        0x20006fbc     0x4  Data  Lc  AddrMgr.o [3]
AddrMgrEntryGet         0x00210f61    0x52  Code  Gb  AddrMgr.o [3]
AddrMgrEntryLookupExt   0x00210f07    0x5a  Code  Gb  AddrMgr.o [3]
AddrMgrEntryLookupNwk   0x00210e97    0x70  Code  Gb  AddrMgr.o [3]
AddrMgrEntryRelease     0x00210e27    0x34  Code  Gb  AddrMgr.o [3]
AddrMgrEntryTotal       0x20006fb8     0x2  Data  Lc  AddrMgr.o [3]
AddrMgrEntryUpdate      0x00210fb3   0x142  Code  Gb  AddrMgr.o [3]
AddrMgrEntryValidate    0x00210cf5    0x24  Code  Lc  AddrMgr.o [3]
AddrMgrExtAddrLookup    0x00210dcf    0x28  Code  Gb  AddrMgr.o [3]
AddrMgrExtAddrSet       0x00210da7     0xe  Code  Gb  AddrMgr.o [3]
AddrMgrExtAddrValid     0x00210db5    0x1a  Code  Gb  AddrMgr.o [3]
AddrMgrInit             0x00210d7d    0x2a  Code  Gb  AddrMgr.o [3]
AddrMgrIsFull           0x002110f5    0x28  Code  Gb  AddrMgr.o [3]
AddrMgrNwkAddrLookup    0x00210df7    0x30  Code  Gb  AddrMgr.o [3]
AddrMgrWriteNVRequest   0x00209557     0x2  Code  Gb  ZDApp.o [1]
ApsLinkKeyFrmCntr       0x20006d9c    0x24  Data  Gb  ZDSecMgr.o [1]
AssocAddNew             0x0020e095   0x12c  Code  Gb  AssocList.o [3]
AssocChangeNwkAddr      0x0020e1c7    0x62  Code  Gb  AssocList.o [3]
AssocCheckDupNeighbors  0x0020e4e7    0x6a  Code  Gb  AssocList.o [3]
AssocChildAging         0x0020e551    0x62  Code  Gb  AssocList.o [3]
AssocChildTableManagement
                        0x0020e5cf    0x3a  Code  Gb  AssocList.o [3]
AssocChildTableUpdateTimeout
                        0x0020e5b3    0x1c  Code  Gb  AssocList.o [3]
AssocCnfFailStr         0x0020e040    0x10  Data  Gb  nwk_globals.o [1]
AssocCnfStr             0x0020dfd0     0xc  Data  Gb  nwk_globals.o [1]
AssocCount              0x0020e06f    0x26  Code  Gb  AssocList.o [3]
AssocFindDevice         0x0020e4bd    0x2a  Code  Gb  AssocList.o [3]
AssocGetNextNode        0x0020e3e3    0x6a  Code  Lc  AssocList.o [3]
AssocGetWithAddress     0x0020e317    0x74  Code  Gb  AssocList.o [3]
AssocGetWithExt         0x0020e2b5    0x62  Code  Gb  AssocList.o [3]
AssocGetWithShort       0x0020e281    0x34  Code  Gb  AssocList.o [3]
AssocInit               0x0020e06d     0x2  Code  Gb  AssocList.o [3]
AssocIsChild            0x0020e229    0x20  Code  Gb  AssocList.o [3]
AssocIsParent           0x0020e269    0x18  Code  Gb  AssocList.o [3]
AssocIsRFChild          0x0020e249    0x20  Code  Gb  AssocList.o [3]
AssocMakeList           0x0020e463    0x48  Code  Gb  AssocList.o [3]
AssocRemove             0x0020e391    0x52  Code  Gb  AssocList.o [3]
AssocRspFailStr         0x0020e030    0x10  Data  Gb  nwk_globals.o [1]
AssociatedDevList       0x200063a4   0x1f8  Data  Gb  nwk_globals.o [1]
BindCopyBackupToNewNV   0x0021160f    0xcc  Code  Lc  BindingTable.o [1]
BindInitNV              0x002115c1    0x38  Code  Gb  BindingTable.o [1]
BindRestoreFromNV       0x002116dd    0xca  Code  Gb  BindingTable.o [1]
BindSetDefaultNV        0x002115f9    0x16  Code  Gb  BindingTable.o [1]
BindWriteNV             0x002117a9    0x6c  Code  Gb  BindingTable.o [1]
BindingTable            0x20006c64    0x38  Data  Gb  nwk_globals.o [1]
BuzzerControl           0x002047a9     0x2  Code  Gb  OnBoard.o [1]
CCMAuthEncryptCheckResult
                        0x002167d3    0x16  Code  Gb  ccm.o [8]
CCMAuthEncryptGetResult
                        0x002167e9    0x88  Code  Gb  ccm.o [8]
CCMAuthEncryptStart     0x002166c9   0x10a  Code  Gb  ccm.o [8]
CCMInvAuthDecryptCheckResult
                        0x00216977     0x2  Code  Gb  ccm.o [8]
CCMInvAuthDecryptGetResult
                        0x00216979    0xaa  Code  Gb  ccm.o [8]
CCMInvAuthDecryptStart  0x00216871   0x100  Code  Gb  ccm.o [8]
CPUcpsid                0x00204add     0x8  Code  Gb  cpu.o [8]
CPUcpsie                0x00204ae5     0x8  Code  Gb  cpu.o [8]
CskipChldrn             0x20007041     0x1  Data  Gb  nwk_globals.o [1]
CskipRtrs               0x20007040     0x1  Data  Gb  nwk_globals.o [1]
EnergyLevelStr          0x0020e050    0x10  Data  Gb  nwk_globals.o [1]
FailedStr               0x0020e028     0x8  Data  Gb  nwk_globals.o [1]
FaultISR                0x00216f97     0x2  Code  Lc  startup_ewarm.o [1]
FlashCacheModeSet       0x00216a71    0x12  Code  Gb  flash.o [8]
FlashMainPageErase      0x00216a51    0x10  Code  Gb  flash.o [8]
GPIODirModeSet          0x00205e2b    0x28  Code  Gb  gpio.o [8]
GPIOGetIntNumber        0x00205dfd    0x2e  Code  Gb  gpio.o [8]
GPIOIntTypeSet          0x00205e53    0x38  Code  Gb  gpio.o [8]
GPIOIntWakeupDisable    0x00205f97     0xc  Code  Gb  gpio.o [8]
GPIOIntWakeupEnable     0x00205f8d     0xa  Code  Gb  gpio.o [8]
GPIOPinIntClear         0x00205eb5     0x6  Code  Gb  gpio.o [8]
GPIOPinIntDisable       0x00205e97     0xe  Code  Gb  gpio.o [8]
GPIOPinIntEnable        0x00205e8b     0xc  Code  Gb  gpio.o [8]
GPIOPinIntStatus        0x00205ea5    0x10  Code  Gb  gpio.o [8]
GPIOPinRead             0x00205ed5     0x6  Code  Gb  gpio.o [8]
GPIOPinTypeGPIOInput    0x00205ee1     0xa  Code  Gb  gpio.o [8]
GPIOPinTypeGPIOOutput   0x00205eeb     0xa  Code  Gb  gpio.o [8]
GPIOPinTypeUARTInput    0x00205f0d     0x4  Code  Gb  gpio.o [8]
GPIOPinTypeUARTOutput   0x00205f11    0x1a  Code  Gb  gpio.o [8]
GPIOPinWrite            0x00205edb     0x6  Code  Gb  gpio.o [8]
GPIOPortIntRegister     0x00205ebb    0x1a  Code  Gb  gpio.o [8]
GPIOPowIntClear         0x00205f61    0x22  Code  Gb  gpio.o [8]
GPIOPowIntTypeSet       0x00205f2b    0x36  Code  Gb  gpio.o [8]
GenericApp_DstAddr      0x20004118     0xc  Data  Gb  GenericApp.o [1]
GenericApp_InClusterList
                        0x00216e4c    0x40  Data  Gb  GenericApp.o [1]
GenericApp_Init         0x00209c3b   0x106  Code  Gb  GenericApp.o [1]
GenericApp_NwkState     0x20004125     0x1  Data  Gb  GenericApp.o [1]
GenericApp_Out_ClusterList
                        0x00216e8c    0x40  Data  Gb  GenericApp.o [1]
GenericApp_ProcessEvent
                        0x00209d51   0x2ee  Code  Gb  GenericApp.o [1]
GenericApp_SimpleDesc   0x0020a344    0x14  Data  Gb  GenericApp.o [1]
GenericApp_TaskID       0x20004124     0x1  Data  Gb  GenericApp.o [1]
GenericApp_TransID      0x20004126     0x1  Data  Gb  GenericApp.o [1]
GenericApp_epDesc       0x20004108    0x10  Data  Gb  GenericApp.o [1]
GetBindingTableEntry    0x00211905    0x3c  Code  Gb  BindingTable.o [1]
HalAdcCheckVdd          0x00215ccf    0x16  Code  Gb  hal_adc.o [1]
HalAdcInit              0x00215ccd     0x2  Code  Gb  hal_adc.o [1]
HalAesInit              0x0020a359    0x14  Code  Gb  hal_aes.o [1]
HalDriverInit           0x00204a67    0x16  Code  Gb  hal_drivers.o [1]
HalKeyConfig            0x0020646d    0x60  Code  Gb  hal_key.o [1]
HalKeyInit              0x002063f5     0xa  Code  Gb  hal_key.o [1]
HalKeyPoll              0x002064cd    0x28  Code  Gb  hal_key.o [1]
HalLcdWriteScreen       0x00215cc5     0x2  Code  Gb  hal_lcd.o [1]
HalLcdWriteString       0x00215cc1     0x2  Code  Gb  hal_lcd.o [1]
HalLcdWriteStringValue  0x00215cc7     0x2  Code  Gb  hal_lcd.o [1]
HalLcdWriteStringValueValue
                        0x00215cc9     0x2  Code  Gb  hal_lcd.o [1]
HalLcdWriteValue        0x00215cc3     0x2  Code  Gb  hal_lcd.o [1]
HalLedBlink             0x0020a431    0x98  Code  Gb  hal_led.o [1]
HalLedInit              0x0020a39d    0x2e  Code  Gb  hal_led.o [1]
HalLedOnOff             0x0020a5c7    0x72  Code  Gb  hal_led.o [1]
HalLedSet               0x0020a3cd    0x64  Code  Gb  hal_led.o [1]
HalLedState             0x2000702c     0x1  Data  Lc  hal_led.o [1]
HalLedStatusControl     0x20006d0c    0x34  Data  Lc  hal_led.o [1]
HalLedUpdate            0x0020a4c9    0xfe  Code  Gb  hal_led.o [1]
HalSleepLedState        0x2000702d     0x1  Data  Lc  hal_led.o [1]
HalUARTInit             0x0020a943     0x2  Code  Gb  hal_uart.o [1]
HalUARTInitIsr          0x0020a649    0x36  Code  Gb  hal_uart.o [1]
HalUARTOpen             0x0020a945     0x2  Code  Gb  hal_uart.o [1]
HalUARTOpenIsr          0x0020a685   0x108  Code  Gb  hal_uart.o [1]
HalUARTPoll             0x0020a947     0x2  Code  Gb  hal_uart.o [1]
HalUARTPollIsr          0x0020a78d    0xa2  Code  Gb  hal_uart.o [1]
HalUARTWrite            0x0020a949     0x2  Code  Gb  hal_uart.o [1]
HalUARTWriteIsr         0x0020a82f    0x68  Code  Gb  hal_uart.o [1]
Hal_Init                0x00204a61     0x6  Code  Gb  hal_drivers.o [1]
Hal_KeyIntEnable        0x20006f51     0x1  Data  Gb  hal_key.o [1]
Hal_ProcessEvent        0x00204a7d    0x52  Code  Gb  hal_drivers.o [1]
Hal_ProcessPoll         0x00204ad9     0x4  Code  Gb  hal_drivers.o [1]
Hal_TaskID              0x2000703a     0x1  Data  Gb  hal_drivers.o [1]
IOCPadConfigSet         0x0020d909    0x68  Code  Gb  ioc.o [8]
IOCPinConfigPeriphInput
                        0x0020d7f1   0x118  Code  Gb  ioc.o [8]
IOCPinConfigPeriphOutput
                        0x0020d789    0x68  Code  Gb  ioc.o [8]
InitBindingTable        0x00211121    0x50  Code  Gb  BindingTable.o [1]
InitBoard               0x002046f5    0x22  Code  Gb  OnBoard.o [1]
IntAltMapEnable         0x00203481     0xc  Code  Gb  interrupt.o [8]
IntDefaultHandler       0x00216f99     0x2  Code  Lc  startup_ewarm.o [1]
IntDisable              0x002033ed    0x58  Code  Gb  interrupt.o [8]
IntEnable               0x00203395    0x58  Code  Gb  interrupt.o [8]
IntMasterDisable        0x0020333d     0x6  Code  Gb  interrupt.o [8]
IntMasterEnable         0x00203335     0x8  Code  Gb  interrupt.o [8]
IntPendClear            0x00203445    0x3c  Code  Gb  interrupt.o [8]
IntPrioritySet          0x00203371    0x24  Code  Gb  interrupt.o [8]
IntRegister             0x0020334b    0x26  Code  Gb  interrupt.o [8]
MAC_CbackCheckPending   0x002038c5     0x4  Code  Gb  zmac_cb.o [1]
MAC_CbackEvent          0x002036e1   0x1e4  Code  Gb  zmac_cb.o [1]
MAC_CbackQueryRetransmit
                        0x002038c9     0x4  Code  Gb  zmac_cb.o [1]
MAC_Init                0x0020252d    0x44  Code  Gb  mac_beacon.o [4]
MAC_InitCoord           0x00200b19    0x3c  Code  Gb  mac_beacon.o [4]
MAC_InitDevice          0x00201955    0x2a  Code  Gb  mac_beacon.o [4]
MAC_McpsDataAlloc       0x00201261    0x1a  Code  Gb  mac_beacon.o [4]
MAC_McpsDataReq         0x002011cd    0x90  Code  Gb  mac_beacon.o [4]
MAC_MlmeAssociateRsp    0x00200bb9     0xa  Code  Gb  mac_beacon.o [4]
MAC_MlmeGetReq          0x00203b91    0x52  Code  Gb  mac_pib.o [1]
MAC_MlmeOrphanRsp       0x00200bc3     0xa  Code  Gb  mac_beacon.o [4]
MAC_MlmeResetReq        0x00202479    0xae  Code  Gb  mac_beacon.o [4]
MAC_MlmeScanReq         0x002028f1    0x20  Code  Gb  mac_beacon.o [4]
MAC_MlmeSetReq          0x00203be3   0x11c  Code  Gb  mac_pib.o [1]
MAC_MlmeStartReq        0x00200bcd    0x20  Code  Gb  mac_beacon.o [4]
MAC_SrcMatchAckAllPending
                        0x0020d43b    0x1e  Code  Gb  mac_autopend.o [1]
MAC_SrcMatchAddEntry    0x0020d27f   0x148  Code  Gb  mac_autopend.o [1]
MAC_SrcMatchCheckAllPending
                        0x0020d459     0xe  Code  Gb  mac_autopend.o [1]
MAC_SrcMatchCheckResult
                        0x0020d467    0x18  Code  Gb  mac_autopend.o [1]
MAC_SrcMatchDeleteEntry
                        0x0020d3c7    0x74  Code  Gb  mac_autopend.o [1]
MAC_SrcMatchEnable      0x0020d249    0x36  Code  Gb  mac_autopend.o [1]
NIB_init                0x0020de13    0xba  Code  Gb  nwk_globals.o [1]
NLDE_BuildMsg           0x0020ac79   0x120  Code  Lc  nwk_util.o [3]
NLDE_BuildSrcRtgFrame   0x0020ad99    0x4a  Code  Gb  nwk_util.o [3]
NLDE_CheckForAddrConflict
                        0x0020bc2d    0x36  Code  Gb  nwk_util.o [3]
NLDE_CheckFrameSecurity
                        0x0020af21    0x30  Code  Gb  nwk_util.o [3]
NLDE_DataCnf            0x002105f1    0xf4  Code  Gb  NLMEDE_CB.o [3]
NLDE_DataIndSend        0x0020ab63    0x54  Code  Gb  nwk_util.o [3]
NLDE_DataIndication     0x002106e5   0x156  Code  Gb  NLMEDE_CB.o [3]
NLDE_DataReq            0x00210205    0x5c  Code  Gb  NLMEDE.o [3]
NLDE_DataReqAlloc       0x00210261    0x40  Code  Gb  NLMEDE.o [3]
NLDE_DataReqSend        0x0020a989   0x1d4  Code  Gb  nwk_util.o [3]
NLDE_FrameDataLoad      0x002121ef    0x38  Code  Gb  APSMEDE.o [3]
NLDE_GetHandle          0x0020b01b    0x1e  Code  Gb  nwk_util.o [3]
NLDE_ParseFrameControl  0x0020aee3    0x3e  Code  Gb  nwk_util.o [3]
NLDE_ParseMsg           0x0020ade3   0x100  Code  Gb  nwk_util.o [3]
NLDE_ParseMsg2          0x0020af51    0x9c  Code  Gb  nwk_util.o [3]
NLDE_SendMsg            0x0020abb7    0xc2  Code  Gb  nwk_util.o [3]
NLME_AddressConflictAssignNewStochastic
                        0x0020b957    0x28  Code  Gb  nwk_util.o [3]
NLME_AssocPermission    0x2000439b     0x1  Data  Gb  NLMEDE.o [3]
NLME_CheckNewAddrSet    0x0020b999   0x284  Code  Gb  nwk_util.o [3]
NLME_CmdBcast           0x0020b621    0x12  Code  Gb  nwk_util.o [3]
NLME_CmdCnf             0x0020b5a9    0x78  Code  Gb  nwk_util.o [3]
NLME_CmdDataReqAlloc    0x0020b633    0x3a  Code  Gb  nwk_util.o [3]
NLME_ConcentratorIndication
                        0x00210885     0x4  Code  Gb  NLMEDE_CB.o [3]
NLME_CoordStartPANIDConflictCB
                        0x002108c9     0x4  Code  Gb  NLMEDE_CB.o [3]
NLME_CoordinatorInit    0x002101ed    0x18  Code  Gb  NLMEDE.o [3]
NLME_EDScanConfirm      0x00210889    0x1c  Code  Gb  NLMEDE_CB.o [3]
NLME_EDScanRequest      0x0021054f    0x56  Code  Gb  NLMEDE.o [3]
NLME_GetCoordExtAddr    0x0020b013     0x8  Code  Gb  nwk_util.o [3]
NLME_GetCoordShortAddr  0x0020b00b     0x8  Code  Gb  nwk_util.o [3]
NLME_GetEnergyThreshold
                        0x0020b673     0x8  Code  Gb  nwk_util.o [3]
NLME_GetExtAddr         0x0020afed    0x16  Code  Gb  nwk_util.o [3]
NLME_GetProtocolVersion
                        0x0020b66d     0x6  Code  Gb  nwk_util.o [3]
NLME_GetShortAddr       0x0020b003     0x8  Code  Gb  nwk_util.o [3]
NLME_InitLinkStatus     0x0020c169    0x18  Code  Gb  nwk_util.o [3]
NLME_InitStochasticAddressing
                        0x00210531    0x1e  Code  Gb  NLMEDE.o [3]
NLME_IsAddressBroadcast
                        0x0020b69b    0x3e  Code  Gb  nwk_util.o [3]
NLME_JoinConfirm        0x00210851     0x4  Code  Gb  NLMEDE_CB.o [3]
NLME_JoinIndication     0x00210855     0x4  Code  Gb  NLMEDE_CB.o [3]
NLME_LeaveCmdProcess    0x0020b4ed    0xb8  Code  Gb  nwk_util.o [3]
NLME_LeaveCmdSend       0x0020b445    0x9e  Code  Gb  nwk_util.o [3]
NLME_LeaveCmdSendDirectly
                        0x0020ccc5   0x174  Code  Gb  nwk_util.o [3]
NLME_LeaveCnf           0x00210859     0x4  Code  Gb  NLMEDE_CB.o [3]
NLME_LeaveInd           0x0021085d     0x4  Code  Gb  NLMEDE_CB.o [3]
NLME_LeaveReq           0x0021044d    0x9e  Code  Gb  NLMEDE.o [3]
NLME_LeaveRsp           0x002104eb    0x46  Code  Gb  NLMEDE.o [3]
NLME_NetworkDiscoveryConfirm
                        0x00210841     0x4  Code  Gb  NLMEDE_CB.o [3]
NLME_NetworkFormationConfirm
                        0x00210845     0x4  Code  Gb  NLMEDE_CB.o [3]
NLME_NetworkFormationRequest
                        0x00210319    0xba  Code  Gb  NLMEDE.o [3]
NLME_NetworkStatusCB    0x002108cd     0x4  Code  Gb  NLMEDE_CB.o [3]
NLME_NwkDiscReq2        0x002102a1    0x5a  Code  Gb  NLMEDE.o [3]
NLME_NwkDiscTerm        0x002102fb    0x1e  Code  Gb  NLMEDE.o [3]
NLME_PermitJoining      0x20004399     0x1  Data  Gb  NLMEDE.o [3]
NLME_PermitJoiningDuration
                        0x2000439a     0x1  Data  Lc  NLMEDE.o [3]
NLME_PermitJoiningEvent
                        0x002103d3    0x18  Code  Gb  NLMEDE.o [3]
NLME_PermitJoiningSet   0x002103eb    0x4e  Code  Lc  NLMEDE.o [3]
NLME_PermitJoiningTimeout
                        0x002133fd     0x2  Code  Gb  ZDObject.o [1]
NLME_ProcessAddressConflictLocal
                        0x0020b7d9   0x17e  Code  Gb  nwk_util.o [3]
NLME_ProcessLinkStatus  0x0020c4c9   0x180  Code  Gb  nwk_util.o [3]
NLME_ProcessNetworkReport
                        0x0020bdb1    0xa8  Code  Gb  nwk_util.o [3]
NLME_ProcessNetworkStatus
                        0x0020bcb3    0xea  Code  Gb  nwk_util.o [3]
NLME_ProcessNetworkUpdate
                        0x0020be65    0x7a  Code  Gb  nwk_util.o [3]
NLME_ReadNwkKeyInfo     0x0020cc63    0x22  Code  Gb  nwk_util.o [3]
NLME_RejoinReqCmdProcess
                        0x0020b2eb    0x50  Code  Gb  nwk_util.o [3]
NLME_RejoinRspCmdProcess
                        0x0020b3c7    0x76  Code  Gb  nwk_util.o [3]
NLME_RejoinRspSend      0x0020b33b    0x8c  Code  Gb  nwk_util.o [3]
NLME_RemoveChild        0x0020b6d9    0x38  Code  Gb  nwk_util.o [3]
NLME_RouteDiscoveryIndication
                        0x00210865    0x20  Code  Gb  NLMEDE_CB.o [3]
NLME_RouteDiscoveryRequest
                        0x0020e6c1   0x126  Code  Gb  rtg.o [3]
NLME_ScanFields         0x2000701c     0x4  Data  Gb  NLMEDE.o [3]
NLME_SendLinkStatus     0x0020c45f    0x68  Code  Gb  nwk_util.o [3]
NLME_SendNetworkStatus  0x0020bc63    0x50  Code  Gb  nwk_util.o [3]
NLME_SetAssocFlags      0x0020b1cb    0xe8  Code  Gb  nwk_util.o [3]
NLME_SetBroadcastFilter
                        0x0020b683    0x18  Code  Gb  nwk_util.o [3]
NLME_SetEnergyThreshold
                        0x0020b67b     0x8  Code  Gb  nwk_util.o [3]
NLME_SetLinkStatusTimer
                        0x0020c1a5    0x34  Code  Gb  nwk_util.o [3]
NLME_SetPollRate        0x0020b197    0x2c  Code  Gb  nwk_util.o [3]
NLME_SetResponseRate    0x0020b1c3     0x8  Code  Gb  nwk_util.o [3]
NLME_SetUpdateID        0x0020b2b3    0x38  Code  Gb  nwk_util.o [3]
NLME_StartRouterConfirm
                        0x00210849     0x4  Code  Gb  NLMEDE_CB.o [3]
NLME_StartRouterRequest
                        0x00210443     0xa  Code  Gb  NLMEDE.o [3]
NLME_SyncIndication     0x00210861     0x4  Code  Gb  NLMEDE_CB.o [3]
NLME_UpdateLinkStatus   0x0020c181    0x22  Code  Gb  nwk_util.o [3]
NLME_beaconNotifyInd    0x0021084d     0x4  Code  Gb  NLMEDE_CB.o [3]
NWK_TaskID              0x20007036     0x1  Data  Gb  nwk.o [3]
NetworkIDStr            0x0020dffc     0xc  Data  Gb  nwk_globals.o [1]
NmiSR                   0x00216f95     0x2  Code  Lc  startup_ewarm.o [1]
NwkCommandPktProcessing
                        0x00206975    0xee  Code  Lc  nwk.o [3]
NwkDescList             0x2000699c     0x4  Data  Gb  nwk.o [3]
NwkFreqAgilityIncErrorCnt
                        0x0020cbd1    0x6e  Code  Lc  nwk_util.o [3]
NwkFreqAgilityIncTotalTx
                        0x0020cb75    0x5a  Code  Lc  nwk_util.o [3]
NwkFreqAgilityInit      0x0020cb3b    0x18  Code  Gb  nwk_util.o [3]
NwkFreqAgilityScanCfg   0x0020cb55    0x20  Code  Lc  nwk_util.o [3]
NwkInitChildAging       0x0020cc85    0x32  Code  Gb  nwk_util.o [3]
NwkMgrStr_4             0x00209c24    0x14  Data  Gb  ZDNwkMgr.o [1]
NwkNotMyChildListAdd    0x0020cea1    0x7e  Code  Gb  nwk_util.o [3]
NwkNotMyChildListAging  0x0020ce55    0x4a  Code  Gb  nwk_util.o [3]
NwkNotMyChildListDelete
                        0x0020cf21    0x52  Code  Gb  nwk_util.o [3]
NwkNotMyChildListInit   0x0020ce39    0x1c  Code  Gb  nwk_util.o [3]
NwkNotMyChildSendLeave  0x0020cfcd    0x26  Code  Gb  nwk_util.o [3]
OSAL_timeSeconds        0x20006f7c     0x4  Data  Gb  OSAL_Clock.o [1]
OnBoard_KeyCallback     0x00204729    0x2c  Code  Gb  OnBoard.o [1]
OnboardKeyIntEnable     0x20007042     0x1  Data  Gb  OnBoard.o [1]
Onboard_rand            0x002047a5     0x4  Code  Gb  OnBoard.o [1]
OrphanRspStr            0x0020e010    0x10  Data  Gb  nwk_globals.o [1]
ParentStr               0x0020dfe4     0x8  Data  Gb  nwk_globals.o [1]
PortCPortAIsr           0x00216f91     0x4  Code  Lc  startup_ewarm.o [1]
PreaperData             0x00215d67     0xa  Code  Gb  common.o [1]
RTG_AddRtgEntry         0x0020f17d   0x16a  Code  Lc  rtg.o [3]
RTG_AddSrcRtgEntry      0x0020f2f1    0x8e  Code  Lc  rtg.o [3]
RTG_AllocNewAddress     0x0020f0c5    0x2e  Code  Gb  rtg.o [3]
RTG_BcastAdd            0x0020f9ad   0x170  Code  Gb  rtg.o [3]
RTG_BcastChk            0x0020f913    0x8e  Code  Gb  rtg.o [3]
RTG_BcastDel            0x0020fb21    0x2a  Code  Gb  rtg.o [3]
RTG_BcastHold           0x0020f7d7    0x46  Code  Lc  rtg.o [3]
RTG_BcastTimeout        0x0020f825    0x96  Code  Lc  rtg.o [3]
RTG_BcastTimerHandler   0x0020f8bb    0x58  Code  Gb  rtg.o [3]
RTG_CheckRtStatus       0x0020fd81    0xb0  Code  Gb  rtg.o [3]
RTG_ChildGetNextHop     0x0020e99f    0x1a  Code  Gb  rtg.o [3]
RTG_DataReq             0x0020fb4b    0xaa  Code  Gb  rtg.o [3]
RTG_DeAllocStochasticAddress
                        0x0020f155     0x4  Code  Gb  rtg.o [3]
RTG_GetLinkCost         0x0020f729    0x38  Code  Lc  rtg.o [3]
RTG_GetNextHop          0x0020e8d5    0xca  Code  Gb  rtg.o [3]
RTG_GetRoutingAddress   0x0020fe39    0x34  Code  Lc  rtg.o [3]
RTG_GetRtDiscEntry      0x0020fcd3    0x2e  Code  Lc  rtg.o [3]
RTG_GetRtgEntry         0x0020fd01    0x72  Code  Gb  rtg.o [3]
RTG_GetRtgSrcEntry      0x0020f38d    0x2e  Code  Gb  rtg.o [3]
RTG_GetRtgSrcIndex      0x0020f3c1    0x5e  Code  Lc  rtg.o [3]
RTG_GetStochastic       0x0020f0f3    0x48  Code  Gb  rtg.o [3]
RTG_Init                0x0020e645    0x7c  Code  Gb  rtg.o [3]
RTG_MTORouteReq         0x0020e7ed    0xe8  Code  Gb  rtg.o [3]
RTG_ProcessRrec         0x0020f431   0x154  Code  Gb  rtg.o [3]
RTG_ProcessRrep         0x0020ecd9   0x11e  Code  Gb  rtg.o [3]
RTG_ProcessRreq         0x0020eac5   0x20e  Code  Gb  rtg.o [3]
RTG_ProcessRtDiscBits   0x0020fe75    0xe0  Code  Gb  rtg.o [3]
RTG_RemoveRtgEntry      0x0020f6eb    0x3a  Code  Gb  rtg.o [3]
RTG_RouteMaintanence    0x0020e9b9   0x10c  Code  Gb  rtg.o [3]
RTG_RtgRecordInitiation
                        0x0020f5cd   0x11e  Code  Gb  rtg.o [3]
RTG_SendBrokenRoute     0x0020ff61    0x4a  Code  Gb  rtg.o [3]
RTG_SendNextEDMsg       0x0020fbf9    0xd4  Code  Gb  rtg.o [3]
RTG_SendRErr            0x0020eeed    0x68  Code  Gb  rtg.o [3]
RTG_SendRrep            0x0020edfd    0xf0  Code  Lc  rtg.o [3]
RTG_SrcGetNextHop       0x0020f585     0xa  Code  Gb  rtg.o [3]
RTG_TimerEvent          0x0020ef55   0x12a  Code  Gb  rtg.o [3]
RTG_UpdateNeighborEntry
                        0x0020b039   0x15e  Code  Gb  nwk_util.o [3]
RTG_UpdateRtDiscEntry   0x0020f761    0x76  Code  Lc  rtg.o [3]
RTG_ValidateSrcRtg      0x0020f58f    0x3a  Code  Gb  rtg.o [3]
RTG_initRtgTable        0x0020ffe1    0x28  Code  Gb  rtg.o [3]
RTG_nextHopIsBad        0x0020ffab    0x32  Code  Gb  rtg.o [3]
Region$$Table$$Base     0x00217094           --   Gb  - Linker created -
Region$$Table$$Limit    0x002170bc           --   Gb  - Linker created -
RegisterForKeys         0x00204717    0x12  Code  Gb  OnBoard.o [1]
ResetIsr                0x00216f61    0x1e  Code  Lc  startup_ewarm.o [1]
RouterStr               0x0020e008     0x8  Data  Gb  nwk_globals.o [1]
SSP_CCM_Auth_Encrypt    0x00216385    0x4a  Code  Gb  hal_ccm.o [1]
SSP_CCM_InvAuth_Decrypt
                        0x002163d1    0x4e  Code  Gb  hal_ccm.o [1]
SSP_GetMicLen           0x00210c6f     0xe  Code  Gb  ssp.o [3]
SSP_GetMicLenHook       0x20006fcc     0x4  Data  Lc  ssp.o [3]
SSP_GetMicLenProc       0x002109d1    0x10  Code  Gb  ssp.o [3]
SSP_GetNwkKey           0x002109e1    0x52  Code  Gb  ssp.o [3]
SSP_Init                0x002108d1    0x12  Code  Gb  ssp.o [3]
SSP_NwkSecurity         0x00210c5d    0x12  Code  Gb  ssp.o [3]
SSP_NwkSecurityHook     0x20006fc8     0x4  Data  Lc  ssp.o [3]
SSP_NwkSecurityProc     0x00210a35   0x144  Code  Gb  ssp.o [3]
SSP_ReadNwkActiveKey    0x002108e3    0x1c  Code  Gb  ssp.o [3]
SSP_SwitchNwkKey        0x0021092d    0xa2  Code  Gb  ssp.o [3]
SSP_UpdateNwkKey        0x002108ff    0x2e  Code  Gb  ssp.o [3]
ScanFailedStr           0x0020e060     0xc  Data  Gb  nwk_globals.o [1]
SentStr                 0x0020e020     0x8  Data  Gb  nwk_globals.o [1]
SuccessStr              0x0020dfdc     0x8  Data  Gb  nwk_globals.o [1]
SysCtrlClockGet         0x0020d619    0x2c  Code  Gb  sys_ctrl.o [8]
SysCtrlClockSet         0x0020d5cd    0x4c  Code  Gb  sys_ctrl.o [8]
SysCtrlClockStartSetting
                        0x00205dd7    0x1a  Code  Gb  hal_sys_ctrl.o [1]
SysCtrlDeepSleepSetting
                        0x00205d25    0x5e  Code  Gb  hal_sys_ctrl.o [1]
SysCtrlDelay            0x0020d665     0x8  Code  Gb  sys_ctrl.o [8]
SysCtrlPeripheralDeepSleepDisable
                        0x0020d6f7     0x6  Code  Gb  sys_ctrl.o [8]
SysCtrlPeripheralDisable
                        0x0020d6b7     0x6  Code  Gb  sys_ctrl.o [8]
SysCtrlPeripheralEnable
                        0x0020d6b1     0x6  Code  Gb  sys_ctrl.o [8]
SysCtrlPeripheralReset  0x0020d675    0x3c  Code  Gb  sys_ctrl.o [8]
SysCtrlPeripheralSleepDisable
                        0x0020d6d7     0x4  Code  Gb  sys_ctrl.o [8]
SysCtrlPowIntClear      0x00205dc1    0x16  Code  Gb  hal_sys_ctrl.o [1]
SysCtrlReset            0x0020d66d     0x8  Code  Gb  sys_ctrl.o [8]
SysCtrlRunSetting       0x00205c59    0x6e  Code  Gb  hal_sys_ctrl.o [1]
SysCtrlSleepSetting     0x00205cc7    0x5e  Code  Gb  hal_sys_ctrl.o [1]
SysCtrlWakeupSetting    0x00205d83    0x3e  Code  Gb  hal_sys_ctrl.o [1]
SysTickEnable           0x00216d4d     0xc  Code  Gb  systick.o [8]
SysTickIntDisable       0x00216d65     0xc  Code  Gb  systick.o [8]
SysTickIntEnable        0x00216d59     0xc  Code  Gb  systick.o [8]
SysTickIntHandler       0x00216cc5     0x6  Code  Gb  hal_systick.o [1]
SysTickPeriodSet        0x00216d71     0x8  Code  Gb  systick.o [8]
SysTickSetup            0x00216ccb    0x1e  Code  Gb  hal_systick.o [1]
TCLinkKeyFrmCntr        0x20006f20     0xc  Data  Gb  ZDSecMgr.o [1]
UARTCharGetNonBlocking  0x00216003    0x10  Code  Gb  uart.o [8]
UARTCharPutNonBlocking  0x00216013    0x10  Code  Gb  uart.o [8]
UARTCharsAvail          0x00215ff3     0x6  Code  Gb  uart.o [8]
UARTConfigSetExpClk     0x00215f63    0x46  Code  Gb  uart.o [8]
UARTDisable             0x00215fc3    0x1e  Code  Gb  uart.o [8]
UARTEnable              0x00215fa9    0x1a  Code  Gb  uart.o [8]
UARTFIFOEnable          0x00215fe1     0xc  Code  Gb  uart.o [8]
UARTFIFOLevelSet        0x00215f5d     0x6  Code  Gb  uart.o [8]
UARTIntClear            0x0021602f     0x4  Code  Gb  uart.o [8]
UARTIntEnable           0x00216029     0x6  Code  Gb  uart.o [8]
UART_RX_Flag            0x2000703c     0x1  Data  Gb  hal_uart.o [1]
UBRRTable               0x0020a974    0x14  Data  Gb  hal_uart.o [1]
ZDAppDetermineDeviceType
                        0x00208df9    0x58  Code  Gb  ZDApp.o [1]
ZDAppNwkAddr            0x20004160     0xc  Data  Gb  ZDApp.o [1]
ZDAppPendingBindReq     0x2000419c     0x4  Data  Gb  ZDApp.o [1]
ZDAppTaskID             0x2000416f     0x1  Data  Gb  ZDApp.o [1]
ZDApp_AgeOutPendingBindEntry
                        0x002096ed    0xbc  Code  Gb  ZDApp.o [1]
ZDApp_CoordStartPANIDConflictCB
                        0x002095a1     0x6  Code  Gb  ZDApp.o [1]
ZDApp_DeviceAuthEvt     0x00208e97    0xa0  Code  Gb  ZDApp.o [1]
ZDApp_GetEmptyPendingBindReq
                        0x0020961b    0x2e  Code  Gb  ZDApp.o [1]
ZDApp_InMsgCB           0x00209559    0x2e  Code  Gb  ZDApp.o [1]
ZDApp_Init              0x00208a8d    0x56  Code  Gb  ZDApp.o [1]
ZDApp_InitPendingBind   0x002095c9    0x50  Code  Gb  ZDApp.o [1]
ZDApp_InitUserDesc      0x00208f37    0x3e  Code  Gb  ZDApp.o [1]
ZDApp_LeaveCtrl         0x20004171     0x1  Data  Gb  ZDApp.o [1]
ZDApp_LeaveUpdate       0x0020906f    0x7c  Code  Gb  ZDApp.o [1]
ZDApp_NVUpdate          0x0020959f     0x2  Code  Gb  ZDApp.o [1]
ZDApp_NetworkStartEvt   0x00208e51    0x46  Code  Gb  ZDApp.o [1]
ZDApp_NewDeviceList     0x200041a0     0x4  Data  Gb  ZDApp.o [1]
ZDApp_NwkStateUpdateCB  0x00209587     0xc  Code  Gb  ZDApp.o [1]
ZDApp_ProcessMsgCBs     0x00208f75    0xb0  Code  Gb  ZDApp.o [1]
ZDApp_ProcessPendingBindReq
                        0x00209649    0x82  Code  Gb  ZDApp.o [1]
ZDApp_ProcessSecEvent   0x00208c81    0xa4  Code  Gb  ZDApp.o [1]
ZDApp_RegisterCBs       0x00209025    0x4a  Code  Gb  ZDApp.o [1]
ZDApp_SavedPollRate     0x20004176     0x2  Data  Gb  ZDApp.o [1]
ZDApp_SecInit           0x00208ae3    0x66  Code  Gb  ZDApp.o [1]
ZDApp_epDesc            0x200041a4    0x10  Data  Gb  ZDApp.o [1]
ZDApp_event_loop        0x00208b49   0x138  Code  Gb  ZDApp.o [1]
ZDConfig_InitDescriptors
                        0x00215c81    0x30  Code  Gb  ZDConfig.o [1]
ZDMatchSendState        0x00213955   0x18e  Code  Gb  ZDObject.o [1]
ZDNwkMgr_BuildAndSendUpdateNotify
                        0x00209ae1    0xaa  Code  Lc  ZDNwkMgr.o [1]
ZDNwkMgr_CheckForChannelInterference
                        0x00209a4f    0x92  Code  Lc  ZDNwkMgr.o [1]
ZDNwkMgr_EDScanConfirmCB
                        0x00209bb5    0x36  Code  Gb  ZDNwkMgr.o [1]
ZDNwkMgr_Init           0x002097b1    0x36  Code  Gb  ZDNwkMgr.o [1]
ZDNwkMgr_MgmtNwkUpdateNotifyAddr
                        0x20006d4c     0xc  Data  Gb  ZDNwkMgr.o [1]
ZDNwkMgr_MgmtNwkUpdateNotifyTransSeq
                        0x20006d59     0x1  Data  Gb  ZDNwkMgr.o [1]
ZDNwkMgr_MgmtNwkUpdateReq
                        0x20006d40     0xc  Data  Gb  ZDNwkMgr.o [1]
ZDNwkMgr_NewChannel     0x20006d5c     0x1  Data  Gb  ZDNwkMgr.o [1]
ZDNwkMgr_NumUpdateNotifySent
                        0x20006d5a     0x1  Data  Gb  ZDNwkMgr.o [1]
ZDNwkMgr_ProcessDataConfirm
                        0x00209bed    0x26  Code  Gb  ZDNwkMgr.o [1]
ZDNwkMgr_ProcessMgmtNwkUpdateReq
                        0x0020994f   0x100  Code  Lc  ZDNwkMgr.o [1]
ZDNwkMgr_ReportChannelInterference
                        0x00209b8d    0x28  Code  Gb  ZDNwkMgr.o [1]
ZDNwkMgr_TaskID         0x20006d58     0x1  Data  Gb  ZDNwkMgr.o [1]
ZDNwkMgr_TotalTransmissions
                        0x20006d60     0x2  Data  Gb  ZDNwkMgr.o [1]
ZDNwkMgr_TxFailures     0x20006d62     0x2  Data  Gb  ZDNwkMgr.o [1]
ZDNwkMgr_UpdateNotifyTimer
                        0x20006d5e     0x2  Data  Gb  ZDNwkMgr.o [1]
ZDNwkMgr_WaitingForNotifyConfirm
                        0x20006d5b     0x1  Data  Gb  ZDNwkMgr.o [1]
ZDNwkMgr_event_loop     0x002097e7   0x162  Code  Gb  ZDNwkMgr.o [1]
ZDOBuildBuf             0x20006c9c    0x34  Data  Lc  ZDObject.o [1]
ZDOInitDevice           0x00208d3d    0xbc  Code  Gb  ZDApp.o [1]
ZDO_AddrChangeIndicationCB
                        0x0020931f    0x62  Code  Gb  ZDApp.o [1]
ZDO_CompareClusterLists
                        0x00212db1    0x3a  Code  Lc  ZDObject.o [1]
ZDO_ConcentratorIndicationCB
                        0x002093e3    0x20  Code  Gb  ZDApp.o [1]
ZDO_Config_Node_Descriptor
                        0x20006ea8    0x10  Data  Gb  ZDConfig.o [1]
ZDO_Config_Power_Descriptor
                        0x20006eb8     0x4  Data  Gb  ZDConfig.o [1]
ZDO_ConvertOTAClusters  0x00212f19    0x26  Code  Gb  ZDObject.o [1]
ZDO_CopyMatchInfo       0x002138ed    0x68  Code  Lc  ZDObject.o [1]
ZDO_EDBind              0x20006fe8     0x4  Data  Lc  ZDObject.o [1]
ZDO_EndDeviceBindMatchTimeoutCB
                        0x00213ae9   0x13c  Code  Lc  ZDObject.o [1]
ZDO_Init                0x00212c45    0x22  Code  Gb  ZDObject.o [1]
ZDO_JoinConfirmCB       0x00209279    0x94  Code  Gb  ZDApp.o [1]
ZDO_JoinIndicationCB    0x00209385    0x5e  Code  Gb  ZDApp.o [1]
ZDO_LeaveCnf            0x00209409    0x5c  Code  Gb  ZDApp.o [1]
ZDO_LeaveInd            0x00209473    0xa8  Code  Gb  ZDApp.o [1]
ZDO_ManytoOneFailureIndicationCB
                        0x0020954f     0x4  Code  Gb  ZDApp.o [1]
ZDO_MatchEndDeviceBind  0x00213639   0x244  Code  Gb  ZDObject.o [1]
ZDO_NetworkDiscoveryConfirmCB
                        0x002090eb    0x40  Code  Gb  ZDApp.o [1]
ZDO_NetworkFormationConfirmCB
                        0x00209139    0x1a  Code  Gb  ZDApp.o [1]
ZDO_NetworkStatusCB     0x00209553     0x4  Code  Gb  ZDApp.o [1]
ZDO_ParseAddrRsp        0x00213cfd    0x68  Code  Gb  ZDObject.o [1]
ZDO_ParseBindUnbindReq  0x00213cb7    0x46  Code  Gb  ZDObject.o [1]
ZDO_ParseDeviceAnnce    0x00213dab    0x20  Code  Gb  ZDObject.o [1]
ZDO_ParseEPListRsp      0x00213d65    0x32  Code  Gb  ZDObject.o [1]
ZDO_ParseEndDeviceBindReq
                        0x00213c2b    0x8c  Code  Gb  ZDObject.o [1]
ZDO_ParseMgmtNwkUpdateReq
                        0x00213dcb    0x3e  Code  Gb  ZDObject.o [1]
ZDO_ParseServerDiscRsp  0x00213d97    0x14  Code  Gb  ZDObject.o [1]
ZDO_PermitJoinCB        0x0020930d    0x12  Code  Gb  ZDApp.o [1]
ZDO_ProcessActiveEPReq  0x00212ebf    0x5a  Code  Gb  ZDObject.o [1]
ZDO_ProcessBindUnbindReq
                        0x00213215   0x112  Code  Gb  ZDObject.o [1]
ZDO_ProcessDeviceAnnce  0x002134fd   0x12a  Code  Gb  ZDObject.o [1]
ZDO_ProcessEndDeviceTimeoutReq
                        0x00213379    0x7a  Code  Gb  ZDObject.o [1]
ZDO_ProcessMatchDescReq
                        0x00212f3f   0x296  Code  Gb  ZDObject.o [1]
ZDO_ProcessNodeDescReq  0x00212deb    0x36  Code  Gb  ZDObject.o [1]
ZDO_ProcessPowerDescReq
                        0x00212e21    0x34  Code  Gb  ZDObject.o [1]
ZDO_ProcessServerDiscReq
                        0x00213345    0x34  Code  Gb  ZDObject.o [1]
ZDO_ProcessSimpleDescReq
                        0x00212e65    0x5a  Code  Gb  ZDObject.o [1]
ZDO_ProcessUserDescReq  0x002133ff    0x54  Code  Gb  ZDObject.o [1]
[...]
nwk_indSendError        0x002072ff    0x52  Code  Lc  nwk.o [3]
nwk_init                0x00206521    0x3e  Code  Gb  nwk.o [3]
nwk_orphan_ind_processing
                        0x00207aa1    0x6a  Code  Lc  nwk.o [3]
nwk_process_dstAddr     0x00206be1    0xc0  Code  Lc  nwk.o [3]
nwk_scan_cnf_processing
                        0x002075dd    0x66  Code  Lc  nwk.o [3]
nwk_send_direct_leave_req
                        0x00207c33    0x24  Code  Gb  nwk.o [3]
nwk_start_cnf_processing
                        0x00207a2f    0x72  Code  Lc  nwk.o [3]
nwk_start_coord         0x002078f1   0x13e  Code  Gb  nwk.o [3]
nwk_stateIdle           0x00207c2d     0x6  Code  Gb  nwk.o [3]
nwkbufs_hold            0x002052f3    0x74  Code  Gb  nwk_bufs.o [3]
nwkbufs_init            0x00204f25     0xa  Code  Gb  nwk_bufs.o [3]
osalAddTimer            0x00204815    0x4a  Code  Gb  OSAL_Timers.o [1]
osalAdjustTimer         0x00216d23    0x1c  Code  Gb  OSAL_Clock.o [1]
osalClockUpdate         0x00216ce9    0x3a  Code  Lc  OSAL_Clock.o [1]
osalInitTasks           0x00204a15    0x48  Code  Gb  OSAL_GenericApp.o [1]
osalMemStat             0x20007043     0x1  Data  Lc  OSAL_Memory.o [1]
osalTimerInit           0x0020480d     0x8  Code  Gb  OSAL_Timers.o [1]
osalTimerUpdate         0x0020492b    0xca  Code  Gb  OSAL_Timers.o [1]
osal_GetSystemClock     0x002049f5     0x6  Code  Gb  OSAL_Timers.o [1]
osal_buffer_uint24      0x002030eb     0xe  Code  Gb  OSAL.o [1]
osal_buffer_uint32      0x002030d9    0x12  Code  Gb  OSAL.o [1]
osal_build_uint32       0x00202bad    0x3c  Code  Gb  OSAL.o [1]
osal_clear_event        0x00202ff5    0x22  Code  Gb  OSAL.o [1]
osal_get_timeoutEx      0x002048f9    0x32  Code  Gb  OSAL_Timers.o [1]
osal_init_system        0x0020303b    0x20  Code  Gb  OSAL.o [1]
osal_int_disable        0x00203029    0x12  Code  Gb  OSAL.o [1]
osal_int_enable         0x00203017    0x12  Code  Gb  OSAL.o [1]
osal_mem_alloc          0x00203169    0xc8  Code  Gb  OSAL_Memory.o [1]
osal_mem_free           0x00203231    0x56  Code  Gb  OSAL_Memory.o [1]
osal_mem_init           0x00203111    0x24  Code  Gb  OSAL_Memory.o [1]
osal_mem_kick           0x00203135    0x34  Code  Gb  OSAL_Memory.o [1]
osal_memcmp             0x00202b81    0x18  Code  Gb  OSAL.o [1]
osal_memcpy             0x00202b71    0x10  Code  Gb  OSAL.o [1]
osal_memset             0x00202b99    0x14  Code  Gb  OSAL.o [1]
osal_msg_allocate       0x00202d3d    0x24  Code  Gb  OSAL.o [1]
osal_msg_deallocate     0x00202d61    0x1e  Code  Gb  OSAL.o [1]
osal_msg_dequeue        0x00202f05    0x32  Code  Gb  OSAL.o [1]
osal_msg_enqueue        0x00202ed1    0x34  Code  Gb  OSAL.o [1]
osal_msg_enqueue_max    0x00202f91    0x42  Code  Gb  OSAL.o [1]
osal_msg_extract        0x00202f57    0x3a  Code  Gb  OSAL.o [1]
osal_msg_find           0x00202e97    0x36  Code  Gb  OSAL.o [1]
osal_msg_push           0x00202f37    0x18  Code  Gb  OSAL.o [1]
osal_msg_receive        0x00202e19    0x7e  Code  Gb  OSAL.o [1]
osal_msg_send           0x00202d7f    0x7a  Code  Gb  OSAL.o [1]
osal_nv_delete          0x00215bf3    0x84  Code  Gb  osal_nv.o [1]
osal_nv_init            0x002158a1     0x4  Code  Gb  osal_nv.o [1]
osal_nv_item_init       0x002158a5    0x44  Code  Gb  osal_nv.o [1]
osal_nv_item_len        0x002158e9    0x4a  Code  Gb  osal_nv.o [1]
osal_nv_read            0x00215b8d    0x66  Code  Gb  osal_nv.o [1]
osal_nv_write           0x00215933   0x25a  Code  Gb  osal_nv.o [1]
osal_pwrmgr_device      0x00204a0b     0x6  Code  Gb  OSAL_PwrMgr.o [1]
osal_pwrmgr_init        0x00204a01     0xa  Code  Gb  OSAL_PwrMgr.o [1]
osal_qHead              0x20006fd8     0x4  Data  Gb  OSAL.o [1]
osal_rand               0x00202d39     0x4  Code  Gb  OSAL.o [1]
osal_run_system         0x00203063    0x76  Code  Gb  OSAL.o [1]
osal_set_event          0x00202fd3    0x22  Code  Gb  OSAL.o [1]
osal_start_reload_timer
                        0x00204889    0x34  Code  Gb  OSAL_Timers.o [1]
osal_start_system       0x0020305b     0x8  Code  Gb  OSAL.o [1]
osal_start_timerEx      0x0020485f    0x2a  Code  Gb  OSAL_Timers.o [1]
osal_stop_timerEx       0x002048bd    0x3c  Code  Gb  OSAL_Timers.o [1]
osal_strlen             0x00202b6d     0x4  Code  Gb  OSAL.o [1]
osal_systemClock        0x20006f8c     0x4  Data  Lc  OSAL_Timers.o [1]
out                     0x0021657b    0x18  Code  Lc  xprintftiny.o [6]
pAPSDupRej              0x20004234     0x4  Data  Lc  APS.o [3]
pAPSF_IgnoreBlock       0x20004360     0x4  Data  Gb  aps_frag.o [3]
pAPS_BindingTimeoutCB   0x20004230     0x4  Data  Gb  APS.o [3]
pAPS_DataConfirmReflect
                        0x20006f0c     0x4  Data  Gb  APS.o [3]
pAPS_DataIndReflect     0x20006f10     0x4  Data  Gb  APS.o [3]
pAPS_GetBind            0x20006f08     0x4  Data  Gb  APS.o [3]
pAPS_UnBind             0x20006f04     0x4  Data  Gb  APS.o [3]
pAssocChildAging        0x20006e48     0x4  Data  Gb  nwk_util.o [3]
pAssocChildTableUpdateTimeout
                        0x20006e4c     0x4  Data  Gb  nwk_util.o [3]
pBindInitNV             0x20006df8     0x4  Data  Gb  BindingTable.o [1]
pBindRestoreFromNV      0x20006e00     0x4  Data  Gb  BindingTable.o [1]
pBindSetDefaultNV       0x20006dfc     0x4  Data  Gb  BindingTable.o [1]
pBindWriteNV            0x20006e04     0x4  Data  Gb  BindingTable.o [1]
pFuncRxState            0x20006e74     0x4  Data  Lc  mac_rx.o [1]
pHal_KeyProcessFunction
                        0x20006f54     0x4  Data  Lc  hal_key.o [1]
pMacDataTx              0x200042b4     0x4  Data  Gb  mac_beacon.o [4]
pNLME_NetworkFormationConfirm
                        0x20006f4c     0x4  Data  Gb  NLMEDE.o [3]
pNLME_ProcessLinkStatus
                        0x20006f40     0x4  Data  Gb  nwk_util.o [3]
pNLME_SetLinkStatusTimer
                        0x20006f38     0x4  Data  Gb  nwk_util.o [3]
pNLME_UpdateLinkStatus  0x20006f3c     0x4  Data  Gb  nwk_util.o [3]
pNwkFreqAgilityIncErrorCnt
                        0x20006f00     0x4  Data  Gb  nwk_util.o [3]
pNwkFreqAgilityIncTotalTx
                        0x20006efc     0x4  Data  Gb  nwk_util.o [3]
pNwkFreqAgilityScanCfg  0x20006ef8     0x4  Data  Gb  nwk_util.o [3]
pNwkNotMyChildListAdd   0x20006e58     0x4  Data  Gb  nwk_util.o [3]
pNwkNotMyChildListAging
                        0x20006e54     0x4  Data  Gb  nwk_util.o [3]
pNwkNotMyChildListDelete
                        0x20006e5c     0x4  Data  Gb  nwk_util.o [3]
pNwkNotMyChildListInit  0x20006e50     0x4  Data  Gb  nwk_util.o [3]
pNwkNotMyChildSendLeave
                        0x20006e60     0x4  Data  Gb  nwk_util.o [3]
pRTG_CalcAddress        0x20007000     0x4  Data  Gb  rtg.o [3]
pRTG_DeAllocAddress     0x20007008     0x4  Data  Gb  rtg.o [3]
pRTG_FinishGetNextHop   0x20006ff8     0x4  Data  Gb  rtg.o [3]
pRTG_GetNextTreeHop     0x20006ffc     0x4  Data  Gb  rtg.o [3]
pRTG_GetTreeRoute       0x20007004     0x4  Data  Gb  rtg.o [3]
pRandomSeedCB           0x20006f64     0x4  Data  Lc  mac_mcu.o [1]
pRxBuf                  0x20006e78     0x4  Data  Lc  mac_rx.o [1]
pSspAesEncrypt          0x20006fd0     0x4  Data  Gb  hal_aes.o [1]
pZDNwkMgr_EDScanConfirmCB
                        0x20006d6c     0x4  Data  Gb  ZDNwkMgr.o [1]
pZDNwkMgr_NetworkReportCB
                        0x20006fe0     0x4  Data  Gb  ZDNwkMgr.o [1]
pZDNwkMgr_NetworkUpdateCB
                        0x20006fe4     0x4  Data  Gb  ZDNwkMgr.o [1]
pZDNwkMgr_ProcessDataConfirm
                        0x20006d68     0x4  Data  Gb  ZDNwkMgr.o [1]
pZDNwkMgr_ReportChannelInterference
                        0x20006d64     0x4  Data  Gb  ZDNwkMgr.o [1]
pZMac_AppCallback       0x20006ff0     0x4  Data  Gb  zmac_cb.o [1]
pbindAddEntry           0x20006dec     0x4  Data  Gb  BindingTable.o [1]
pbindNumOfEntries       0x20006df0     0x4  Data  Gb  BindingTable.o [1]
pbindRemoveDev          0x20006df4     0x4  Data  Gb  BindingTable.o [1]
pfnPortAIsr             0x20006a10    0x20  Data  Lc  io_pin_int.o [5]
pfnPortBIsr             0x20006a30    0x20  Data  Lc  io_pin_int.o [5]
pfnPortCIsr             0x20006a50    0x20  Data  Lc  io_pin_int.o [5]
pfnPortDIsr             0x20006e28    0x20  Data  Lc  io_pin_int.o [5]
pfnPreProcessDataReq    0x20006ff4     0x4  Data  Lc  APSMEDE.o [3]
pgLost                  0x20004148     0xc  Data  Lc  osal_nv.o [1]
pgOff                   0x2000413c     0xc  Data  Lc  osal_nv.o [1]
pgRes                   0x20004134     0x1  Data  Lc  osal_nv.o [1]
pnwk_AssignNewAddr      0x20004218     0x4  Data  Gb  nwk_util.o [3]
pnwk_ScanJoiningOrphan  0x20007020     0x4  Data  Gb  NLMEDE.o [3]
pnwk_ScanPANChanSelect  0x20006f44     0x4  Data  Gb  NLMEDE.o [3]
pnwk_ScanPANChanVerify  0x20006f48     0x4  Data  Gb  NLMEDE.o [3]
preBlinkState           0x2000702e     0x1  Data  Lc  hal_led.o [1]
prevAccumulatedOverflowCount
                        0x20006ee8     0x4  Data  Lc  mac_mcu.o [1]
prevoverflowCount       0x20006eec     0x4  Data  Lc  mac_mcu.o [1]
procRx                  0x0020a8b1    0x44  Code  Lc  hal_uart.o [1]
procTx                  0x0020a8f5    0x30  Code  Lc  hal_uart.o [1]
pulStack                0x20005ba0   0x800  Data  Lc  startup_ewarm.o [1]
pwrmgr_attribute        0x20006f80     0x8  Data  Gb  OSAL_PwrMgr.o [1]
readHdr                 0x0021553d    0x34  Code  Lc  osal_nv.o [1]
recRst                  0x0020a897    0x1a  Code  Lc  hal_uart.o [1]
reflectID               0x20004365     0x1  Data  Lc  reflecttrack.o [3]
reflectMAXEntries       0x20004364     0x1  Data  Lc  reflecttrack.o [3]
reflectMAXIndirects     0x2000439d     0x1  Data  Lc  reflecttrack.o [3]
reflectMAXSimultaneous  0x2000439c     0x1  Data  Lc  reflecttrack.o [3]
reflectTrack_AddNewEntry
                        0x00212853    0x64  Code  Gb  reflecttrack.o [3]
reflectTrack_FindHandle
                        0x002128b7    0x2a  Code  Gb  reflecttrack.o [3]
reflectTrack_GetNewEntry
                        0x00212829    0x2a  Code  Gb  reflecttrack.o [3]
reflectTrack_RemoveEntryNotify
                        0x002082ad    0x48  Code  Gb  APS.o [3]
reflectTrack_UpdateOption
                        0x002128e1    0x2e  Code  Gb  reflecttrack.o [3]
reflectTrackingHdr      0x20004368     0x4  Data  Lc  reflecttrack.o [3]
reflectTracking_GetMaxIndirectAdjusted
                        0x002127fd    0x2c  Code  Gb  reflecttrack.o [3]
reflectTracking_GetMaxSimultaneousAdjusted
                        0x002127d1    0x2c  Code  Gb  reflecttrack.o [3]
registeredKeysTaskID    0x2000437e     0x1  Data  Lc  OnBoard.o [1]
reqChannel              0x20006fd6     0x1  Data  Lc  mac_radio.o [1]
reqTxPower              0x20006fd7     0x1  Data  Lc  mac_radio.o [1]
retryCnt                0x20004174     0x1  Data  Gb  ZDApp.o [1]
rreqCounter             0x2000704f     0x1  Data  Gb  rtg.o [3]
rtDiscTable             0x20006b3c    0x50  Data  Gb  nwk_globals.o [1]
rtgFindRandomNeighbor   0x0021000d   0x126  Code  Lc  rtg.o [3]
rtgIsValidNeighbor      0x00210139    0x48  Code  Lc  rtg.o [3]
rtgRReqFindMatchCB      0x0020f081    0x44  Code  Lc  rtg.o [3]
rtgSrcRelayList         0x20006e7c    0x18  Data  Gb  nwk_globals.o [1]
rtgSrcTable             0x20006a80    0x60  Data  Gb  nwk_globals.o [1]
rtgTable                0x2000675c   0x140  Data  Gb  nwk_globals.o [1]
rxAddrIsr               0x002058c1    0xb8  Code  Lc  mac_rx.o [1]
rxBuf                   0x20006e64     0x4  Data  Lc  mac_rx.o [1]
rxDiscardFrame          0x00205ac9    0x5c  Code  Lc  mac_rx.o [1]
rxDiscardIsr            0x00205b25    0x62  Code  Lc  mac_rx.o [1]
rxFcsIsr                0x002059bd    0xee  Code  Lc  mac_rx.o [1]
rxFifoOverflowCount     0x20006e72     0x1  Data  Lc  mac_rx.o [1]
rxFilter                0x20006e6e     0x1  Data  Lc  mac_rx.o [1]
rxHaltCleanupFinalStep  0x002054f9    0x6a  Code  Lc  mac_rx.o [1]
rxIsrActiveFlag         0x20006e70     0x1  Data  Lc  mac_rx.o [1]
rxMsgCount              0x2000412a     0x2  Data  Lc  GenericApp.o [1]
rxNextLen               0x20006e6c     0x1  Data  Lc  mac_rx.o [1]
rxPayloadIsr            0x00205979    0x44  Code  Lc  mac_rx.o [1]
rxPayloadLen            0x20006e6d     0x1  Data  Lc  mac_rx.o [1]
rxPromiscuousMode       0x20006e6f     0x1  Data  Lc  mac_rx.o [1]
rxResetFlag             0x20006e71     0x1  Data  Lc  mac_rx.o [1]
rxStartIsr              0x00205589   0x338  Code  Lc  mac_rx.o [1]
rxUnreadLen             0x20006e6b     0x1  Data  Lc  mac_rx.o [1]
sAddrCmp                0x00203299    0x46  Code  Gb  saddr.o [1]
sAddrCpy                0x002032e5    0x14  Code  Gb  saddr.o [1]
sAddrExtCmp             0x002032f9    0x26  Code  Gb  saddr.o [1]
sAddrExtCpy             0x00203325     0x6  Code  Gb  saddr.o [1]
s_bcMask                0x2000704d     0x1  Data  Lc  nwk_util.o [3]
saveExtAddr             0x2000421c     0x8  Data  Gb  nwk_util.o [3]
savedResponseRate       0x20007038     0x2  Data  Gb  NLMEDE.o [3]
setItem                 0x0021549f    0x70  Code  Lc  osal_nv.o [1]
sprintf                 0x00215cf5    0x34  Code  Gb  sprintf.o [6]
sspAesEncryptHW         0x0020a379    0x1c  Code  Gb  hal_aes.o [1]
ssp_HW_KeyInit          0x0020a371     0x6  Code  Gb  hal_aes.o [1]
strcat                  0x002047f1    0x1c  Code  Gb  strcat.o [6]
strlen                  0x0020464d          Code  Gb  strlen.o [7]
tasksArr                0x00217070    0x20  Data  Gb  OSAL_GenericApp.o [1]
tasksCnt                0x00217090     0x1  Data  Gb  OSAL_GenericApp.o [1]
tasksEvents             0x20006fdc     0x4  Data  Gb  OSAL_GenericApp.o [1]
theHeap                 0x200043a0  0x1800  Data  Lc  OSAL_Memory.o [1]
timeMSec                0x20006f78     0x4  Data  Lc  OSAL_Clock.o [1]
timerAlignedQ           0x200042c8     0x4  Data  Gb  mac_beacon.o [4]
timerHead               0x20006f88     0x4  Data  Gb  OSAL_Timers.o [1]
timerUnalignedQ         0x200042c4     0x4  Data  Gb  mac_beacon.o [4]
txAckReq                0x20006f6e     0x1  Data  Lc  mac_tx.o [1]
txComplete              0x00204427    0x22  Code  Lc  mac_tx.o [1]
txCsmaPrep              0x002041e9    0x2a  Code  Lc  mac_tx.o [1]
txMT                    0x2000703b     0x1  Data  Lc  hal_uart.o [1]
txMsgDelay              0x20004130     0x4  Data  Lc  GenericApp.o [1]
txRetransmitFlag        0x20006f6f     0x1  Data  Lc  mac_tx.o [1]
txSeqn                  0x20006f6d     0x1  Data  Lc  mac_tx.o [1]
uartRecord              0x20006d70    0x2c  Data  Lc  hal_uart.o [1]
uart_callback           0x00209c39     0x2  Code  Lc  GenericApp.o [1]
uart_put_byte_array     0x00214389     0x4  Code  Gb  debug.o [1]
uart_put_string         0x00214377    0x12  Code  Gb  debug.o [1]
uart_put_string_value   0x00214393    0x42  Code  Gb  debug.o [1]
ucMainRXID              0x2000412c     0x4  Data  Gb  GenericApp.o [1]
ui8BspKeyMode           0x20006e24     0x4  Data  Lc  bsp_key.o [5]
ui8PortAPinHasIsr       0x20006a70     0x4  Data  Lc  io_pin_int.o [5]
ui8PortBPinHasIsr       0x20006a74     0x4  Data  Lc  io_pin_int.o [5]
ui8PortCPinHasIsr       0x20006a78     0x4  Data  Lc  io_pin_int.o [5]
ui8PortDPinHasIsr       0x20006a7c     0x4  Data  Lc  io_pin_int.o [5]
updateRolloverflag      0x20006ee4     0x1  Data  Lc  mac_mcu.o [1]
writeBuf                0x00215571    0xc8  Code  Lc  osal_nv.o [1]
writeItem               0x00215717   0x146  Code  Lc  osal_nv.o [1]
xferBuf                 0x00215639    0xde  Code  Lc  osal_nv.o [1]
zdoCBFunc               0x20004178    0x24  Data  Gb  ZDApp.o [1]
zdoDiscCounter          0x2000416c     0x1  Data  Gb  ZDApp.o [1]
zdoMsgCBs               0x20006fec     0x4  Data  Gb  ZDProfile.o [1]
zdoSendStateChangeMsg   0x00212cfd    0x3e  Code  Lc  ZDObject.o [1]
zdpExternalStateTaskID  0x2000436c     0x2  Data  Gb  ZDObject.o [1]
zdpMsgProcs             0x00214cb8    0x68  Data  Gb  ZDProfile.o [1]
zdpProcessAddrReq       0x00214585   0x19c  Code  Gb  ZDProfile.o [1]
zgApsAckWaitMultiplier  0x20004391     0x1  Data  Gb  ZGlobals.o [1]
zgApsAllowR19Sec        0x2000704a     0x1  Data  Gb  ZGlobals.o [1]
zgApsDefaultMaxBindingTime
                        0x20004374     0x2  Data  Gb  ZGlobals.o [1]
zgApsLinkKeyType        0x20004395     0x1  Data  Gb  ZGlobals.o [1]
zgApsMinDupRejTableSize
                        0x20004378     0x2  Data  Gb  ZGlobals.o [1]
zgApsNonMemberRadius    0x20004393     0x1  Data  Gb  ZGlobals.o [1]
zgApsTrustCenterAddr    0x20006f98     0x8  Data  Gb  ZGlobals.o [1]
zgApsUseExtendedPANID   0x20006fa8     0x8  Data  Gb  ZGlobals.o [1]
zgApsUseInsecureJoin    0x20004392     0x1  Data  Gb  ZGlobals.o [1]
zgApscAckWaitDurationPolled
                        0x20004372     0x2  Data  Gb  ZGlobals.o [1]
zgApscDupRejTimeoutCount
                        0x20004394     0x1  Data  Gb  ZGlobals.o [1]
zgApscDupRejTimeoutInc  0x20004376     0x2  Data  Gb  ZGlobals.o [1]
zgApscMaxFrameRetries   0x20004390     0x1  Data  Gb  ZGlobals.o [1]
zgBcastDeliveryTime     0x2000438b     0x1  Data  Gb  ZGlobals.o [1]
zgChildAgingEnable      0x20007048     0x1  Data  Gb  ZGlobals.o [1]
zgConcentratorDiscoveryTime
                        0x20007045     0x1  Data  Gb  ZGlobals.o [1]
zgConcentratorEnable    0x20007044     0x1  Data  Gb  ZGlobals.o [1]
zgConcentratorRC        0x20007046     0x1  Data  Gb  ZGlobals.o [1]
zgConcentratorRadius    0x2000438d     0x1  Data  Gb  ZGlobals.o [1]
zgConfigPANID           0x2000437a     0x2  Data  Gb  ZGlobals.o [1]
zgDefaultChannelList    0x2000420c     0x4  Data  Gb  ZGlobals.o [1]
zgDefaultStartingScanDuration
                        0x20004382     0x1  Data  Gb  ZGlobals.o [1]
zgDeviceLogicalType     0x2000704b     0x1  Data  Gb  ZGlobals.o [1]
zgExtendedPANID         0x20006fa0     0x8  Data  Gb  ZGlobals.o [1]
zgIndirectMsgTimeout    0x20004384     0x1  Data  Gb  ZGlobals.o [1]
zgInit                  0x00214d21    0xa4  Code  Gb  ZGlobals.o [1]
zgInitItems             0x00214dc5    0x5a  Code  Gb  ZGlobals.o [1]
zgItemTable             0x00214e6c     0x8  Data  Lc  ZGlobals.o [1]
zgMaxBcastRetires       0x20004389     0x1  Data  Gb  ZGlobals.o [1]
zgMaxDataRetries        0x20004380     0x1  Data  Gb  ZGlobals.o [1]
zgMaxPollFailureRetries
                        0x20004381     0x1  Data  Gb  ZGlobals.o [1]
zgNwkLeaveRequestAllowed
                        0x2000438f     0x1  Data  Gb  ZGlobals.o [1]
zgNwkMgrMinTransmissions
                        0x20004397     0x1  Data  Gb  ZGlobals.o [1]
zgNwkMode               0x2000438c     0x1  Data  Gb  ZGlobals.o [1]
zgNwkSrcRtgExpiryTime   0x2000438e     0x1  Data  Gb  ZGlobals.o [1]
zgPassiveAckTimeout     0x2000438a     0x1  Data  Gb  ZGlobals.o [1]
zgPollRate              0x2000436e     0x2  Data  Gb  ZGlobals.o [1]
zgPreConfigKeys         0x20007049     0x1  Data  Gb  ZGlobals.o [1]
zgResponsePollRate      0x20004370     0x2  Data  Gb  ZGlobals.o [1]
zgRouteDiscoveryTime    0x20004387     0x1  Data  Gb  ZGlobals.o [1]
zgRouteExpiryTime       0x20004388     0x1  Data  Gb  ZGlobals.o [1]
zgRouterOffAssocCleanup
                        0x20007047     0x1  Data  Gb  ZGlobals.o [1]
zgSecurePermitJoin      0x20004386     0x1  Data  Gb  ZGlobals.o [1]
zgSecurityMode          0x20004385     0x1  Data  Gb  ZGlobals.o [1]
zgStackProfile          0x20004383     0x1  Data  Gb  ZGlobals.o [1]
zgUseDefaultTCLK        0x20004396     0x1  Data  Gb  ZGlobals.o [1]
zgWriteStartupOptions   0x00214e2d    0x3e  Code  Gb  ZGlobals.o [1]
zmacCBSizeTable         0x00203914    0x14  Data  Gb  zmac_cb.o [1]
zmain_ext_addr          0x00216b9d    0xe8  Code  Lc  ZMain.o [1]


[1] = C:\Users\Thaonguyen\Desktop\CodeSample\Light_sensor\Z-Stack Mesh 1.0.0 ZED\Projects\zstack\Samples\GenericApp\CC2538\Coordinator\Obj
[2] = command line
[3] = Router.a
[4] = TIMAC-CC2538.a
[5] = bsp.lib
[6] = dl7M_tln.a
[7] = rt7M_tl.a
[8] = sdriverlib.lib
[9] = shb_l.a

  93 618 bytes of readonly  code memory
     971 bytes of readonly  data memory
  12 368 bytes of readwrite data memory (+ 12 288 absolute)

Errors: none
Warnings: none
