###############################################################################
#
# IAR ELF Linker V7.80.1.11864/W32 for ARM                19/Dec/2016  12:32:53
# Copyright 2007-2016 IAR Systems AB.
#
#    Output file  =  
#        C:\Users\Thaonguyen\Desktop\CodeSample\Light_sensor\Z-Stack Mesh 1.0.0
#        ZED\Projects\zstack\Samples\GenericApp\CC2538\EndDevice\Exe\GenericApp.out
#    Map file     =  
#        C:\Users\Thaonguyen\Desktop\CodeSample\Light_sensor\Z-Stack Mesh 1.0.0
#        ZED\Projects\zstack\Samples\GenericApp\CC2538\EndDevice\List\GenericApp.map
#    Command line =  
#        "C:\Users\Thaonguyen\Desktop\CodeSample\Light_sensor\Z-Stack Mesh
#        1.0.0
#        ZED\Projects\zstack\Samples\GenericApp\CC2538\EndDevice\Obj\AF.o"
#        "C:\Users\Thaonguyen\Desktop\CodeSample\Light_sensor\Z-Stack Mesh
#        1.0.0
#        ZED\Projects\zstack\Samples\GenericApp\CC2538\EndDevice\Obj\armcm3flashutil.o"
#        "C:\Users\Thaonguyen\Desktop\CodeSample\Light_sensor\Z-Stack Mesh
#        1.0.0
#        ZED\Projects\zstack\Samples\GenericApp\CC2538\EndDevice\Obj\BindingTable.o"
#        "C:\Users\Thaonguyen\Desktop\CodeSample\Light_sensor\Z-Stack Mesh
#        1.0.0
#        ZED\Projects\zstack\Samples\GenericApp\CC2538\EndDevice\Obj\common.o"
#        "C:\Users\Thaonguyen\Desktop\CodeSample\Light_sensor\Z-Stack Mesh
#        1.0.0
#        ZED\Projects\zstack\Samples\GenericApp\CC2538\EndDevice\Obj\debug.o"
#        "C:\Users\Thaonguyen\Desktop\CodeSample\Light_sensor\Z-Stack Mesh
#        1.0.0
#        ZED\Projects\zstack\Samples\GenericApp\CC2538\EndDevice\Obj\DebugTrace.o"
#        "C:\Users\Thaonguyen\Desktop\CodeSample\Light_sensor\Z-Stack Mesh
#        1.0.0
#        ZED\Projects\zstack\Samples\GenericApp\CC2538\EndDevice\Obj\GenericApp.o"
#        "C:\Users\Thaonguyen\Desktop\CodeSample\Light_sensor\Z-Stack Mesh
#        1.0.0
#        ZED\Projects\zstack\Samples\GenericApp\CC2538\EndDevice\Obj\hal_adc.o"
#        "C:\Users\Thaonguyen\Desktop\CodeSample\Light_sensor\Z-Stack Mesh
#        1.0.0
#        ZED\Projects\zstack\Samples\GenericApp\CC2538\EndDevice\Obj\hal_aes.o"
#        "C:\Users\Thaonguyen\Desktop\CodeSample\Light_sensor\Z-Stack Mesh
#        1.0.0
#        ZED\Projects\zstack\Samples\GenericApp\CC2538\EndDevice\Obj\hal_assert.o"
#        "C:\Users\Thaonguyen\Desktop\CodeSample\Light_sensor\Z-Stack Mesh
#        1.0.0
#        ZED\Projects\zstack\Samples\GenericApp\CC2538\EndDevice\Obj\hal_ccm.o"
#        "C:\Users\Thaonguyen\Desktop\CodeSample\Light_sensor\Z-Stack Mesh
#        1.0.0
#        ZED\Projects\zstack\Samples\GenericApp\CC2538\EndDevice\Obj\hal_drivers.o"
#        "C:\Users\Thaonguyen\Desktop\CodeSample\Light_sensor\Z-Stack Mesh
#        1.0.0
#        ZED\Projects\zstack\Samples\GenericApp\CC2538\EndDevice\Obj\hal_key.o"
#        "C:\Users\Thaonguyen\Desktop\CodeSample\Light_sensor\Z-Stack Mesh
#        1.0.0
#        ZED\Projects\zstack\Samples\GenericApp\CC2538\EndDevice\Obj\hal_lcd.o"
#        "C:\Users\Thaonguyen\Desktop\CodeSample\Light_sensor\Z-Stack Mesh
#        1.0.0
#        ZED\Projects\zstack\Samples\GenericApp\CC2538\EndDevice\Obj\hal_led.o"
#        "C:\Users\Thaonguyen\Desktop\CodeSample\Light_sensor\Z-Stack Mesh
#        1.0.0
#        ZED\Projects\zstack\Samples\GenericApp\CC2538\EndDevice\Obj\hal_mac_cfg.o"
#        "C:\Users\Thaonguyen\Desktop\CodeSample\Light_sensor\Z-Stack Mesh
#        1.0.0
#        ZED\Projects\zstack\Samples\GenericApp\CC2538\EndDevice\Obj\hal_sleep.o"
#        "C:\Users\Thaonguyen\Desktop\CodeSample\Light_sensor\Z-Stack Mesh
#        1.0.0
#        ZED\Projects\zstack\Samples\GenericApp\CC2538\EndDevice\Obj\hal_sys_ctrl.o"
#        "C:\Users\Thaonguyen\Desktop\CodeSample\Light_sensor\Z-Stack Mesh
#        1.0.0
#        ZED\Projects\zstack\Samples\GenericApp\CC2538\EndDevice\Obj\hal_systick.o"
#        "C:\Users\Thaonguyen\Desktop\CodeSample\Light_sensor\Z-Stack Mesh
#        1.0.0
#        ZED\Projects\zstack\Samples\GenericApp\CC2538\EndDevice\Obj\hal_uart.o"
#        "C:\Users\Thaonguyen\Desktop\CodeSample\Light_sensor\Z-Stack Mesh
#        1.0.0
#        ZED\Projects\zstack\Samples\GenericApp\CC2538\EndDevice\Obj\mac_autopend.o"
#        "C:\Users\Thaonguyen\Desktop\CodeSample\Light_sensor\Z-Stack Mesh
#        1.0.0
#        ZED\Projects\zstack\Samples\GenericApp\CC2538\EndDevice\Obj\mac_backoff_timer.o"
#        "C:\Users\Thaonguyen\Desktop\CodeSample\Light_sensor\Z-Stack Mesh
#        1.0.0
#        ZED\Projects\zstack\Samples\GenericApp\CC2538\EndDevice\Obj\mac_cfg.o"
#        "C:\Users\Thaonguyen\Desktop\CodeSample\Light_sensor\Z-Stack Mesh
#        1.0.0
#        ZED\Projects\zstack\Samples\GenericApp\CC2538\EndDevice\Obj\mac_csp_tx.o"
#        "C:\Users\Thaonguyen\Desktop\CodeSample\Light_sensor\Z-Stack Mesh
#        1.0.0
#        ZED\Projects\zstack\Samples\GenericApp\CC2538\EndDevice\Obj\mac_low_level.o"
#        "C:\Users\Thaonguyen\Desktop\CodeSample\Light_sensor\Z-Stack Mesh
#        1.0.0
#        ZED\Projects\zstack\Samples\GenericApp\CC2538\EndDevice\Obj\mac_mcu.o"
#        "C:\Users\Thaonguyen\Desktop\CodeSample\Light_sensor\Z-Stack Mesh
#        1.0.0
#        ZED\Projects\zstack\Samples\GenericApp\CC2538\EndDevice\Obj\mac_mem.o"
#        "C:\Users\Thaonguyen\Desktop\CodeSample\Light_sensor\Z-Stack Mesh
#        1.0.0
#        ZED\Projects\zstack\Samples\GenericApp\CC2538\EndDevice\Obj\mac_pib.o"
#        "C:\Users\Thaonguyen\Desktop\CodeSample\Light_sensor\Z-Stack Mesh
#        1.0.0
#        ZED\Projects\zstack\Samples\GenericApp\CC2538\EndDevice\Obj\mac_radio.o"
#        "C:\Users\Thaonguyen\Desktop\CodeSample\Light_sensor\Z-Stack Mesh
#        1.0.0
#        ZED\Projects\zstack\Samples\GenericApp\CC2538\EndDevice\Obj\mac_radio_defs.o"
#        "C:\Users\Thaonguyen\Desktop\CodeSample\Light_sensor\Z-Stack Mesh
#        1.0.0
#        ZED\Projects\zstack\Samples\GenericApp\CC2538\EndDevice\Obj\mac_rffrontend.o"
#        "C:\Users\Thaonguyen\Desktop\CodeSample\Light_sensor\Z-Stack Mesh
#        1.0.0
#        ZED\Projects\zstack\Samples\GenericApp\CC2538\EndDevice\Obj\mac_rx.o"
#        "C:\Users\Thaonguyen\Desktop\CodeSample\Light_sensor\Z-Stack Mesh
#        1.0.0
#        ZED\Projects\zstack\Samples\GenericApp\CC2538\EndDevice\Obj\mac_rx_onoff.o"
#        "C:\Users\Thaonguyen\Desktop\CodeSample\Light_sensor\Z-Stack Mesh
#        1.0.0
#        ZED\Projects\zstack\Samples\GenericApp\CC2538\EndDevice\Obj\mac_sleep.o"
#        "C:\Users\Thaonguyen\Desktop\CodeSample\Light_sensor\Z-Stack Mesh
#        1.0.0
#        ZED\Projects\zstack\Samples\GenericApp\CC2538\EndDevice\Obj\mac_tx.o"
#        "C:\Users\Thaonguyen\Desktop\CodeSample\Light_sensor\Z-Stack Mesh
#        1.0.0
#        ZED\Projects\zstack\Samples\GenericApp\CC2538\EndDevice\Obj\MT.o"
#        "C:\Users\Thaonguyen\Desktop\CodeSample\Light_sensor\Z-Stack Mesh
#        1.0.0
#        ZED\Projects\zstack\Samples\GenericApp\CC2538\EndDevice\Obj\MT_AF.o"
#        "C:\Users\Thaonguyen\Desktop\CodeSample\Light_sensor\Z-Stack Mesh
#        1.0.0
#        ZED\Projects\zstack\Samples\GenericApp\CC2538\EndDevice\Obj\MT_APP.o"
#        "C:\Users\Thaonguyen\Desktop\CodeSample\Light_sensor\Z-Stack Mesh
#        1.0.0
#        ZED\Projects\zstack\Samples\GenericApp\CC2538\EndDevice\Obj\MT_DEBUG.o"
#        "C:\Users\Thaonguyen\Desktop\CodeSample\Light_sensor\Z-Stack Mesh
#        1.0.0
#        ZED\Projects\zstack\Samples\GenericApp\CC2538\EndDevice\Obj\MT_NWK.o"
#        "C:\Users\Thaonguyen\Desktop\CodeSample\Light_sensor\Z-Stack Mesh
#        1.0.0
#        ZED\Projects\zstack\Samples\GenericApp\CC2538\EndDevice\Obj\MT_SYS.o"
#        "C:\Users\Thaonguyen\Desktop\CodeSample\Light_sensor\Z-Stack Mesh
#        1.0.0
#        ZED\Projects\zstack\Samples\GenericApp\CC2538\EndDevice\Obj\MT_TASK.o"
#        "C:\Users\Thaonguyen\Desktop\CodeSample\Light_sensor\Z-Stack Mesh
#        1.0.0
#        ZED\Projects\zstack\Samples\GenericApp\CC2538\EndDevice\Obj\MT_UART.o"
#        "C:\Users\Thaonguyen\Desktop\CodeSample\Light_sensor\Z-Stack Mesh
#        1.0.0
#        ZED\Projects\zstack\Samples\GenericApp\CC2538\EndDevice\Obj\MT_UTIL.o"
#        "C:\Users\Thaonguyen\Desktop\CodeSample\Light_sensor\Z-Stack Mesh
#        1.0.0
#        ZED\Projects\zstack\Samples\GenericApp\CC2538\EndDevice\Obj\MT_VERSION.o"
#        "C:\Users\Thaonguyen\Desktop\CodeSample\Light_sensor\Z-Stack Mesh
#        1.0.0
#        ZED\Projects\zstack\Samples\GenericApp\CC2538\EndDevice\Obj\MT_ZDO.o"
#        "C:\Users\Thaonguyen\Desktop\CodeSample\Light_sensor\Z-Stack Mesh
#        1.0.0
#        ZED\Projects\zstack\Samples\GenericApp\CC2538\EndDevice\Obj\nwk_globals.o"
#        "C:\Users\Thaonguyen\Desktop\CodeSample\Light_sensor\Z-Stack Mesh
#        1.0.0
#        ZED\Projects\zstack\Samples\GenericApp\CC2538\EndDevice\Obj\OnBoard.o"
#        "C:\Users\Thaonguyen\Desktop\CodeSample\Light_sensor\Z-Stack Mesh
#        1.0.0
#        ZED\Projects\zstack\Samples\GenericApp\CC2538\EndDevice\Obj\OSAL.o"
#        "C:\Users\Thaonguyen\Desktop\CodeSample\Light_sensor\Z-Stack Mesh
#        1.0.0
#        ZED\Projects\zstack\Samples\GenericApp\CC2538\EndDevice\Obj\OSAL_Clock.o"
#        "C:\Users\Thaonguyen\Desktop\CodeSample\Light_sensor\Z-Stack Mesh
#        1.0.0
#        ZED\Projects\zstack\Samples\GenericApp\CC2538\EndDevice\Obj\OSAL_GenericApp.o"
#        "C:\Users\Thaonguyen\Desktop\CodeSample\Light_sensor\Z-Stack Mesh
#        1.0.0
#        ZED\Projects\zstack\Samples\GenericApp\CC2538\EndDevice\Obj\OSAL_Memory.o"
#        "C:\Users\Thaonguyen\Desktop\CodeSample\Light_sensor\Z-Stack Mesh
#        1.0.0
#        ZED\Projects\zstack\Samples\GenericApp\CC2538\EndDevice\Obj\osal_nv.o"
#        "C:\Users\Thaonguyen\Desktop\CodeSample\Light_sensor\Z-Stack Mesh
#        1.0.0
#        ZED\Projects\zstack\Samples\GenericApp\CC2538\EndDevice\Obj\OSAL_PwrMgr.o"
#        "C:\Users\Thaonguyen\Desktop\CodeSample\Light_sensor\Z-Stack Mesh
#        1.0.0
#        ZED\Projects\zstack\Samples\GenericApp\CC2538\EndDevice\Obj\OSAL_Timers.o"
#        "C:\Users\Thaonguyen\Desktop\CodeSample\Light_sensor\Z-Stack Mesh
#        1.0.0
#        ZED\Projects\zstack\Samples\GenericApp\CC2538\EndDevice\Obj\saddr.o"
#        "C:\Users\Thaonguyen\Desktop\CodeSample\Light_sensor\Z-Stack Mesh
#        1.0.0
#        ZED\Projects\zstack\Samples\GenericApp\CC2538\EndDevice\Obj\startup_ewarm.o"
#        "C:\Users\Thaonguyen\Desktop\CodeSample\Light_sensor\Z-Stack Mesh
#        1.0.0
#        ZED\Projects\zstack\Samples\GenericApp\CC2538\EndDevice\Obj\stub_aps.o"
#        "C:\Users\Thaonguyen\Desktop\CodeSample\Light_sensor\Z-Stack Mesh
#        1.0.0
#        ZED\Projects\zstack\Samples\GenericApp\CC2538\EndDevice\Obj\ZDApp.o"
#        "C:\Users\Thaonguyen\Desktop\CodeSample\Light_sensor\Z-Stack Mesh
#        1.0.0
#        ZED\Projects\zstack\Samples\GenericApp\CC2538\EndDevice\Obj\ZDConfig.o"
#        "C:\Users\Thaonguyen\Desktop\CodeSample\Light_sensor\Z-Stack Mesh
#        1.0.0
#        ZED\Projects\zstack\Samples\GenericApp\CC2538\EndDevice\Obj\ZDiags.o"
#        "C:\Users\Thaonguyen\Desktop\CodeSample\Light_sensor\Z-Stack Mesh
#        1.0.0
#        ZED\Projects\zstack\Samples\GenericApp\CC2538\EndDevice\Obj\ZDNwkMgr.o"
#        "C:\Users\Thaonguyen\Desktop\CodeSample\Light_sensor\Z-Stack Mesh
#        1.0.0
#        ZED\Projects\zstack\Samples\GenericApp\CC2538\EndDevice\Obj\ZDObject.o"
#        "C:\Users\Thaonguyen\Desktop\CodeSample\Light_sensor\Z-Stack Mesh
#        1.0.0
#        ZED\Projects\zstack\Samples\GenericApp\CC2538\EndDevice\Obj\ZDProfile.o"
#        "C:\Users\Thaonguyen\Desktop\CodeSample\Light_sensor\Z-Stack Mesh
#        1.0.0
#        ZED\Projects\zstack\Samples\GenericApp\CC2538\EndDevice\Obj\ZDSecMgr.o"
#        "C:\Users\Thaonguyen\Desktop\CodeSample\Light_sensor\Z-Stack Mesh
#        1.0.0
#        ZED\Projects\zstack\Samples\GenericApp\CC2538\EndDevice\Obj\ZGlobals.o"
#        "C:\Users\Thaonguyen\Desktop\CodeSample\Light_sensor\Z-Stack Mesh
#        1.0.0
#        ZED\Projects\zstack\Samples\GenericApp\CC2538\EndDevice\Obj\zmac.o"
#        "C:\Users\Thaonguyen\Desktop\CodeSample\Light_sensor\Z-Stack Mesh
#        1.0.0
#        ZED\Projects\zstack\Samples\GenericApp\CC2538\EndDevice\Obj\zmac_cb.o"
#        "C:\Users\Thaonguyen\Desktop\CodeSample\Light_sensor\Z-Stack Mesh
#        1.0.0
#        ZED\Projects\zstack\Samples\GenericApp\CC2538\EndDevice\Obj\ZMain.o"
#        --redirect _Printf=_PrintfTiny --redirect _Scanf=_ScanfSmall -o
#        "C:\Users\Thaonguyen\Desktop\CodeSample\Light_sensor\Z-Stack Mesh
#        1.0.0
#        ZED\Projects\zstack\Samples\GenericApp\CC2538\EndDevice\Exe\GenericApp.out"
#        --map "C:\Users\Thaonguyen\Desktop\CodeSample\Light_sensor\Z-Stack
#        Mesh 1.0.0
#        ZED\Projects\zstack\Samples\GenericApp\CC2538\EndDevice\List\GenericApp.map"
#        --config "C:\Users\Thaonguyen\Desktop\CodeSample\Light_sensor\Z-Stack
#        Mesh 1.0.0
#        ZED\Projects\zstack\Samples\GenericApp\CC2538\..\..\..\Tools\CC2538DB\CC2538.icf"
#        --semihosting
#        "C:\Users\Thaonguyen\Desktop\CodeSample\Light_sensor\Z-Stack Mesh
#        1.0.0
#        ZED\Projects\zstack\Samples\GenericApp\CC2538\..\..\..\Libraries\CC2538\bin\EndDevice.a"
#        "C:\Users\Thaonguyen\Desktop\CodeSample\Light_sensor\Z-Stack Mesh
#        1.0.0
#        ZED\Projects\zstack\Samples\GenericApp\CC2538\..\..\..\Libraries\TIMAC\bin\TIMAC-CC2538.a"
#        "C:\Users\Thaonguyen\Desktop\CodeSample\Light_sensor\Z-Stack Mesh
#        1.0.0
#        ZED\Projects\zstack\Samples\GenericApp\CC2538\..\..\..\..\..\Components\driverlib\cc2538\bin\iar\sdriverlib.lib"
#        "C:\Users\Thaonguyen\Desktop\CodeSample\Light_sensor\Z-Stack Mesh
#        1.0.0
#        ZED\Projects\zstack\Samples\GenericApp\CC2538\..\..\..\..\..\Components\bsp\srf06eb_cc2538\drivers\bin\iar\bsp.lib"
#        --entry __iar_program_start --vfe
#
###############################################################################

*******************************************************************************
*** RUNTIME MODEL ATTRIBUTES
***

CppFlavor       = *
__Heap_Handler  = DLMalloc
__SystemLibrary = DLib


*******************************************************************************
*** PLACEMENT SUMMARY
***

"A0":  place at start of [0x00200000-0x0027c7ff] { ro section .intvec };
"A1":  place at start of [0x0027ffd4-0x0027ffdf] { ro section .cca };
"P1":  place in [from 0x00200000 to 0x0027c7ff] { ro };
"P2":  place in [from 0x20004000 to 0x20007fff] { rw, block HEAP };
do not initialize { section .noinit };
initialize by copy { rw };

  Section            Kind        Address     Size  Object
  -------            ----        -------     ----  ------
"A0":                                       0x100
  .intvec            const    0x00200000    0x100  startup_ewarm.o [1]
                            - 0x00200100    0x100

"P1":                                     0x11fea
  .text              ro code  0x00200100   0x1f20  mac_beacon.o [4]
  .text              ro code  0x00202020    0x5b0  OSAL.o [1]
  .text              ro code  0x002025d0    0x248  zmac_cb.o [1]
  .text              ro code  0x00202818    0x254  hal_assert.o [1]
  .text              ro code  0x00202a6c    0x224  interrupt.o [9]
  .text              ro code  0x00202c90    0x188  OSAL_Memory.o [1]
  .text              ro code  0x00202e18     0x4e  mac_low_level.o [1]
  .text              ro code  0x00202e66      0xa  xsprout.o [6]
  .text              ro code  0x00202e70    0x3a0  mac_tx.o [1]
  .text              ro code  0x00203210    0x22a  mac_radio.o [1]
  .text              ro code  0x0020343a     0x92  saddr.o [1]
  .text              ro code  0x002034cc    0x15c  mac_backoff_timer.o [1]
  .text              ro code  0x00203628    0x2f4  mac_pib.o [1]
  .text              ro code  0x0020391c    0x1c0  mac_rx_onoff.o [1]
  .text              ro code  0x00203adc     0x36  strlen.o [8]
  .text              ro code  0x00203b14     0x66  ABImemset.o [8]
  .text              ro code  0x00203b7c      0x6  ABImemclr.o [8]
  .text              ro code  0x00203b84     0xb4  OnBoard.o [1]
  .text              ro code  0x00203c38     0x44  strcpy_unaligned.o [8]
  .text              ro code  0x00203c7c     0x1c  strcat.o [6]
  .text              ro code  0x00203c98    0x1f4  OSAL_Timers.o [1]
  .text              ro code  0x00203e8c     0x10  OSAL_PwrMgr.o [1]
  .text              ro code  0x00203e9c     0x48  OSAL_GenericApp.o [1]
  .text              ro code  0x00203ee4     0x60  hal_drivers.o [1]
  .text              ro code  0x00203f44    0x44c  nwk_bufs.o [3]
  .text              ro code  0x00204390    0x1a4  hal_sys_ctrl.o [1]
  .text              ro code  0x00204534    0x130  gpio.o [9]
  .text              ro code  0x00204664     0x10  cpu.o [9]
  .text              ro code  0x00204674    0x438  mac_mcu.o [1]
  .text              ro code  0x00204aac    0x75c  mac_rx.o [1]
  .text              ro code  0x00205208     0x5c  mac_sleep.o [1]
  .text              ro code  0x00205264    0x3e0  mac_csp_tx.o [1]
  .text              ro code  0x00205644     0x68  mac_mem.o [1]
  .text              ro code  0x002056ac     0x76  ABImemcpy_unaligned.o [8]
  .text              ro code  0x00205722      0x6  hal_key.o [1]
  .text              ro code  0x00205728    0xb4c  nwk.o [3]
  .text              ro code  0x00206274    0x730  APS.o [3]
  .text              ro code  0x002069a4    0x620  aps_frag.o [3]
  .text              ro code  0x00206fc4   0x10e8  ZDApp.o [1]
  .text              ro code  0x002080ac    0x920  GenericApp.o [1]
  .text              ro code  0x002089cc    0x118  hal_adc.o [1]
  .text              ro code  0x00208ae4     0x44  hal_aes.o [1]
  .text              ro code  0x00208b28    0x2ac  hal_led.o [1]
  .text              ro code  0x00208dd4    0x340  hal_uart.o [1]
  .text              ro code  0x00209114   0x1048  nwk_util.o [3]
  .text              ro code  0x0020a15c    0x192  zmac.o [1]
  .text              ro code  0x0020a2f0    0x1bc  sys_ctrl.o [9]
  .text              ro code  0x0020a4ac    0x494  ioc.o [9]
  .text              ro code  0x0020a940    0x384  mac_autopend.o [1]
  .text              ro code  0x0020acc4     0x5c  mac_radio_defs.o [1]
  .text              ro code  0x0020ad20    0x10c  nwk_globals.o [1]
  .text              ro code  0x0020ae2c    0x7b8  rtg.o [3]
  .text              ro code  0x0020b5e4    0x2d8  NLMEDE_CB.o [3]
  .text              ro code  0x0020b8bc    0x524  ssp.o [3]
  .text              ro code  0x0020bde0     0x58  aps_groups.o [3]
  .text              ro code  0x0020be38      0x2  ZDiags.o [1]
  .text              ro code  0x0020be3c    0x838  BindingTable.o [1]
  .text              ro code  0x0020c674    0x5bc  AF.o [1]
  .text              ro code  0x0020cc30    0xadc  APSMEDE.o [3]
  .text              ro code  0x0020d70c    0x148  reflecttrack.o [3]
  .text              ro code  0x0020d854    0x140  APSMEDE_CB.o [3]
  .text              ro code  0x0020d994    0x228  aps_util.o [3]
  .text              ro code  0x0020dbbc    0x79c  ZDObject.o [1]
  .text              ro code  0x0020e358    0x6a4  ZDProfile.o [1]
  .text              ro code  0x0020e9fc    0x7f8  ZDSecMgr.o [1]
  .text              ro code  0x0020f1f4     0x5e  debug.o [1]
  .text              ro code  0x0020f254    0x14c  ZGlobals.o [1]
  .text              ro code  0x0020f3a0    0xe0c  osal_nv.o [1]
  .text              ro code  0x002101ac     0x64  ZDConfig.o [1]
  .text              ro code  0x00210210    0x3ac  NLMEDE.o [3]
  .text              ro code  0x002105bc      0x6  ABImemclr4.o [8]
  .text              ro code  0x002105c4     0x34  sprintf.o [6]
  .text              ro code  0x002105f8    0x41c  AddrMgr.o [3]
  .text              ro code  0x00210a14     0xc8  common.o [1]
  .text              ro code  0x00210adc     0x30  I32ToDbl.o [7]
  .text              ro code  0x00210b0c    0x1a2  DblMul.o [7]
  .text              ro code  0x00210cb0     0x4c  DblToI32.o [7]
  .text              ro code  0x00210cfc    0x1ec  aes.o [9]
  .text              ro code  0x00210ee8     0xd6  uart.o [9]
  .text              ro code  0x00210fc0    0x134  AssocList.o [3]
  .text              ro code  0x002110f4    0x2b0  ssp_hash.o [3]
  .text              ro code  0x002113a4     0x9a  hal_ccm.o [1]
  .text              ro code  0x0021143e    0x128  armcm3flashutil.o [1]
  .text              ro code  0x00211568     0x32  ABImemset48.o [8]
  .text              ro code  0x0021159a    0x14e  xprintftiny.o [6]
  .text              ro code  0x002116e8    0x388  ccm.o [9]
  .text              ro code  0x00211a70     0x38  flash.o [9]
  .text              ro code  0x00211aa8    0x1c0  ZMain.o [1]
  .text              ro code  0x00211c68     0x24  hal_systick.o [1]
  .text              ro code  0x00211c8c     0x64  OSAL_Clock.o [1]
  .text              ro code  0x00211cf0     0x34  systick.o [9]
  .rodata            const    0x00211d24     0xcc  mac_beacon.o [4]
  .rodata            const    0x00211df0     0x80  GenericApp.o [1]
  .rodata            const    0x00211e70     0x40  nwk_globals.o [1]
  .text              ro code  0x00211eb0     0x40  zero_init3.o [8]
  .text              ro code  0x00211ef0     0x3a  startup_ewarm.o [1]
  .text              ro code  0x00211f2a      0xc  cstartup_M.o [8]
  .text              ro code  0x00211f38     0x1a  cmain.o [8]
  .text              ro code  0x00211f52      0x4  low_level_init.o [6]
  .text              ro code  0x00211f58     0x28  data_init.o [8]
  .text              ro code  0x00211f80      0x4  exit.o [6]
  .text              ro code  0x00211f84      0xa  cexit.o [8]
  .text              ro code  0x00211f90     0x14  exit.o [10]
  .text              ro code  0x00211fa4     0x38  packbits_init_single.o [8]
  .rodata            const    0x00211fdc     0x24  mac_radio_defs.o [1]
  .iar.init_table    const    0x00212000     0x20  - Linker created -
  .rodata            const    0x00212020     0x1d  OSAL_GenericApp.o [1]
  .rodata            const    0x00212040      0x8  mac_cfg.o [1]
  .text              ro code  0x00212048      0x6  hal_sleep.o [1]
  .rodata            const    0x0021204e      0x0  zero_init3.o [8]
  .rodata            const    0x0021204e      0x0  packbits_init_single.o [8]
  Initializer bytes  const    0x0021204e     0x9c  <for P2-1>
                            - 0x002120ea  0x11fea

Absolute sections:                         0x3000
  .noinit            uninit   0x0027c800   0x3000  osal_nv.o [1]
                            - 0x0027f800   0x3000

"A1":                                         0xc
  .cca               const    0x0027ffd4      0xc  startup_ewarm.o [1]
                            - 0x0027ffe0      0xc

"P2", part 1 of 3:                          0x283
  P2-1                        0x20004000    0x283  <Init block>
    .data            inited   0x20004000      0x8  AF.o [1]
    .data            inited   0x20004008     0x2c  GenericApp.o [1]
    .data            inited   0x20004034     0x2c  osal_nv.o [1]
    .data            inited   0x20004060     0x5c  ZDApp.o [1]
    .data            inited   0x200040bc     0x58  ZDProfile.o [1]
    .data            inited   0x20004114      0x4  ZGlobals.o [1]
    .data            inited   0x20004118     0x10  nwk_util.o [3]
    .data            inited   0x20004128     0x1c  APS.o [3]
    .data            inited   0x20004144     0x80  mac_beacon.o [4]
    .data            inited   0x200041c4     0x80  mac_beacon.o [4]
    .data            inited   0x20004244      0xc  aps_frag.o [3]
    .data            inited   0x20004250      0x8  reflecttrack.o [3]
    .data            inited   0x20004258      0x2  ZDObject.o [1]
    .data            inited   0x2000425a      0x2  ZGlobals.o [1]
    .data            inited   0x2000425c      0x2  ZGlobals.o [1]
    .data            inited   0x2000425e      0x2  ZGlobals.o [1]
    .data            inited   0x20004260      0x2  ZGlobals.o [1]
    .data            inited   0x20004262      0x2  ZGlobals.o [1]
    .data            inited   0x20004264      0x2  ZGlobals.o [1]
    .data            inited   0x20004266      0x2  ZGlobals.o [1]
    .data            inited   0x20004268      0x2  ZGlobals.o [1]
    .data            inited   0x2000426a      0x1  mac_sleep.o [1]
    .data            inited   0x2000426b      0x1  nwk_globals.o [1]
    .data            inited   0x2000426c      0x1  OnBoard.o [1]
    .data            inited   0x2000426d      0x1  OSAL.o [1]
    .data            inited   0x2000426e      0x1  ZGlobals.o [1]
    .data            inited   0x2000426f      0x1  ZGlobals.o [1]
    .data            inited   0x20004270      0x1  ZGlobals.o [1]
    .data            inited   0x20004271      0x1  ZGlobals.o [1]
    .data            inited   0x20004272      0x1  ZGlobals.o [1]
    .data            inited   0x20004273      0x1  ZGlobals.o [1]
    .data            inited   0x20004274      0x1  ZGlobals.o [1]
    .data            inited   0x20004275      0x1  ZGlobals.o [1]
    .data            inited   0x20004276      0x1  ZGlobals.o [1]
    .data            inited   0x20004277      0x1  ZGlobals.o [1]
    .data            inited   0x20004278      0x1  ZGlobals.o [1]
    .data            inited   0x20004279      0x1  ZGlobals.o [1]
    .data            inited   0x2000427a      0x1  ZGlobals.o [1]
    .data            inited   0x2000427b      0x1  ZGlobals.o [1]
    .data            inited   0x2000427c      0x1  ZGlobals.o [1]
    .data            inited   0x2000427d      0x1  ZGlobals.o [1]
    .data            inited   0x2000427e      0x1  ZGlobals.o [1]
    .data            inited   0x2000427f      0x1  ZGlobals.o [1]
    .data            inited   0x20004280      0x1  ZGlobals.o [1]
    .data            inited   0x20004281      0x2  reflecttrack.o [3]
                            - 0x20004283    0x283

"P2", part 2 of 3:                         0x2004
  .noinit            uninit   0x20004284   0x1800  OSAL_Memory.o [1]
  .noinit            uninit   0x20005a84    0x800  startup_ewarm.o [1]
  .noinit            uninit   0x20006284      0x4  OSAL_Memory.o [1]
                            - 0x20006288   0x2004

"P2", part 3 of 3:                          0x920
  .bss               zero     0x20006288    0x1f8  nwk_globals.o [1]
  .bss               zero     0x20006480    0x140  nwk_globals.o [1]
  .bss               zero     0x200065c0     0x8c  mac_pib.o [1]
  .bss               zero     0x2000664c     0x78  nwk.o [3]
  .bss               zero     0x200066c4     0x70  nwk_globals.o [1]
  .bss               zero     0x20006734     0x70  mac_beacon.o [4]
  .bss               zero     0x200067a4     0x5c  mac_beacon.o [4]
  .bss               zero     0x20006800     0x50  nwk_globals.o [1]
  .bss               zero     0x20006850     0x4c  mac_beacon.o [4]
  .bss               zero     0x2000689c     0x38  nwk_globals.o [1]
  .bss               zero     0x200068d4     0x38  mac_beacon.o [4]
  .bss               zero     0x2000690c     0x34  hal_led.o [1]
  .bss               zero     0x20006940     0x34  ZDObject.o [1]
  .bss               zero     0x20006974     0x2c  hal_uart.o [1]
  .bss               zero     0x200069a0     0x24  ZDSecMgr.o [1]
  .bss               zero     0x200069c4     0x20  BindingTable.o [1]
  .bss               zero     0x200069e4     0x18  common.o [1]
  .bss               zero     0x200069fc     0x18  mac_rx.o [1]
  .bss               zero     0x20006a14     0x18  nwk_globals.o [1]
  .bss               zero     0x20006a2c     0x14  APSMEDE.o [3]
  .bss               zero     0x20006a40     0x14  aes.o [9]
  .bss               zero     0x20006a54     0x10  mac_mcu.o [1]
  .bss               zero     0x20006a64     0x10  ZDConfig.o [1]
  .bss               zero     0x20006a74     0x10  APS.o [3]
  .bss               zero     0x20006a84      0xc  nwk_globals.o [1]
  .bss               zero     0x20006a90      0xc  ZDSecMgr.o [1]
  .bss               zero     0x20006a9c      0xc  nwk_util.o [3]
  .bss               zero     0x20006aa8      0xc  nwk_util.o [3]
  .bss               zero     0x20006ab4      0xc  nwk_util.o [3]
  .bss               zero     0x20006ac0      0xc  NLMEDE.o [3]
  .bss               zero     0x20006acc      0x8  mac_backoff_timer.o [1]
  .bss               zero     0x20006ad4      0x8  mac_mcu.o [1]
  .bss               zero     0x20006adc      0x8  mac_tx.o [1]
  .bss               zero     0x20006ae4      0x8  OnBoard.o [1]
  .bss               zero     0x20006aec      0x8  OSAL_Clock.o [1]
  .bss               zero     0x20006af4      0x8  OSAL_PwrMgr.o [1]
  .bss               zero     0x20006afc      0x8  OSAL_Timers.o [1]
  .bss               zero     0x20006b04      0x8  ZGlobals.o [1]
  .bss               zero     0x20006b0c      0x8  ZGlobals.o [1]
  .bss               zero     0x20006b14      0x8  ZGlobals.o [1]
  .bss               zero     0x20006b1c      0x8  zmac.o [1]
  .bss               zero     0x20006b24      0x8  AddrMgr.o [3]
  .bss               zero     0x20006b2c      0x8  ssp.o [3]
  .bss               zero     0x20006b34      0x8  ssp.o [3]
  .bss               zero     0x20006b3c      0x4  hal_aes.o [1]
  .bss               zero     0x20006b40      0x4  mac_radio.o [1]
  .bss               zero     0x20006b44      0x4  OSAL.o [1]
  .bss               zero     0x20006b48      0x4  OSAL_GenericApp.o [1]
  .bss               zero     0x20006b4c      0x4  ZDConfig.o [1]
  .bss               zero     0x20006b50      0x4  ZDObject.o [1]
  .bss               zero     0x20006b54      0x4  ZDProfile.o [1]
  .bss               zero     0x20006b58      0x4  ZDSecMgr.o [1]
  .bss               zero     0x20006b5c      0x4  zmac_cb.o [1]
  .bss               zero     0x20006b60      0x4  APSMEDE.o [3]
  .bss               zero     0x20006b64      0x4  aps_groups.o [3]
  .bss               zero     0x20006b68      0x4  APS.o [3]
  .bss               zero     0x20006b6c      0x4  APS.o [3]
  .bss               zero     0x20006b70      0x4  APS.o [3]
  .bss               zero     0x20006b74      0x4  nwk_bufs.o [3]
  .bss               zero     0x20006b78      0x4  nwk_bufs.o [3]
  .bss               zero     0x20006b7c      0x4  NLMEDE.o [3]
  .bss               zero     0x20006b80      0x4  NLMEDE.o [3]
  .bss               zero     0x20006b84      0x3  hal_led.o [1]
  .bss               zero     0x20006b87      0x2  mac_rx_onoff.o [1]
  .bss               zero     0x20006b89      0x1  hal_adc.o [1]
  .bss               zero     0x20006b8a      0x2  NLMEDE.o [3]
  .bss               zero     0x20006b8c      0x1  hal_assert.o [1]
  .bss               zero     0x20006b8d      0x1  hal_drivers.o [1]
  .bss               zero     0x20006b8e      0x1  hal_uart.o [1]
  .bss               zero     0x20006b8f      0x1  hal_uart.o [1]
  .bss               zero     0x20006b90      0x1  mac_autopend.o [1]
  .bss               zero     0x20006b91      0x1  mac_autopend.o [1]
  .bss               zero     0x20006b92      0x1  mac_mcu.o [1]
  .bss               zero     0x20006b93      0x1  OnBoard.o [1]
  .bss               zero     0x20006b94      0x1  OSAL_Memory.o [1]
  .bss               zero     0x20006b95      0x1  ZDObject.o [1]
  .bss               zero     0x20006b96      0x1  ZGlobals.o [1]
  .bss               zero     0x20006b97      0x1  ZGlobals.o [1]
  .bss               zero     0x20006b98      0x1  ZGlobals.o [1]
  .bss               zero     0x20006b99      0x1  ZGlobals.o [1]
  .bss               zero     0x20006b9a      0x1  ZGlobals.o [1]
  .bss               zero     0x20006b9b      0x1  ZGlobals.o [1]
  .bss               zero     0x20006b9c      0x1  ZGlobals.o [1]
  .bss               zero     0x20006b9d      0x1  zmac_cb.o [1]
  .bss               zero     0x20006b9e      0x1  nwk_util.o [3]
  .bss               zero     0x20006b9f      0x1  nwk_util.o [3]
  .bss               zero     0x20006ba0      0x1  nwk_util.o [3]
  .bss               zero     0x20006ba1      0x1  rtg.o [3]
  .bss               zero     0x20006ba2      0x1  nwk.o [3]
  .bss               zero     0x20006ba3      0x1  nwk.o [3]
  .bss               zero     0x20006ba4      0x1  nwk.o [3]
                            - 0x20006ba5    0x91d


*******************************************************************************
*** INIT TABLE
***

          Address     Size
          -------     ----
Zero (__iar_zero_init3)
    1 destination range, total size 0x91d:
          0x20006288  0x91d

Copy/packbits (__iar_packbits_init_single3)
    1 source range, total size 0x9c (24% of destination):
          0x0021204e   0x9c
    1 destination range, total size 0x283:
          0x20004000  0x283



*******************************************************************************
*** MODULE SUMMARY
***

    Module                  ro code  ro data  rw data  rw data
                                                        (abs)
    ------                  -------  -------  -------  -------
C:\Users\Thaonguyen\Desktop\CodeSample\Light_sensor\Z-Stack Mesh 1.0.0 ZED\Projects\zstack\Samples\GenericApp\CC2538\EndDevice\Obj: [1]
    AF.o                      1 468        1        8
    BindingTable.o            2 104                32
    GenericApp.o              2 336      139       44
    OSAL.o                    1 456                 5
    OSAL_Clock.o                100                 8
    OSAL_GenericApp.o            72       29        4
    OSAL_Memory.o               392             6 149
    OSAL_PwrMgr.o                16                 8
    OSAL_Timers.o               500                 8
    OnBoard.o                   180                10
    ZDApp.o                   4 328       22       92
    ZDConfig.o                  100                20
    ZDObject.o                1 948        1       59
    ZDProfile.o               1 700       21       92
    ZDSecMgr.o                2 040                52
    ZDiags.o                      2
    ZGlobals.o                  332        9       70
    ZMain.o                     448
    armcm3flashutil.o           296
    common.o                    200                24
    debug.o                      94
    hal_adc.o                   280                 1
    hal_aes.o                    68                 4
    hal_assert.o                596                 1
    hal_ccm.o                   154
    hal_drivers.o                96                 1
    hal_key.o                     6
    hal_led.o                   684                55
    hal_sleep.o                   6
    hal_sys_ctrl.o              420
    hal_systick.o                36
    hal_uart.o                  832                46
    mac_autopend.o              900                 2
    mac_backoff_timer.o         348                 8
    mac_cfg.o                              8
    mac_csp_tx.o                992
    mac_low_level.o              78
    mac_mcu.o                 1 080                25
    mac_mem.o                   104
    mac_pib.o                   756               140
    mac_radio.o                 554                 4
    mac_radio_defs.o             92       36
    mac_rx.o                  1 884                24
    mac_rx_onoff.o              448                 2
    mac_sleep.o                  92        1        1
    mac_tx.o                    928                 8
    nwk_globals.o               268       64    1 109
    osal_nv.o                 3 596       11       44   12 288
    saddr.o                     146
    startup_ewarm.o              58      268    2 048
    zmac.o                      402                 8
    zmac_cb.o                   584                 5
    ----------------------------------------------------------
    Total:                   36 600      610   10 221   12 288

command line: [2]
    ----------------------------------------------------------
    Total:

EndDevice.a: [3]
    APS.o                     1 840        7       56
    APSMEDE.o                 2 780                24
    APSMEDE_CB.o                320
    AddrMgr.o                 1 052                 8
    AssocList.o                 308
    NLMEDE.o                    940                22
    NLMEDE_CB.o                 728
    aps_frag.o                1 568        3       12
    aps_groups.o                 88                 4
    aps_util.o                  552
    nwk.o                     2 892               123
    nwk_bufs.o                1 100                 8
    nwk_util.o                4 168        4       55
    reflecttrack.o              328        3       10
    rtg.o                     1 976                 1
    ssp.o                     1 316                16
    ssp_hash.o                  688
    ----------------------------------------------------------
    Total:                   22 644       17      339

TIMAC-CC2538.a: [4]
    mac_beacon.o              7 968      266      592
    ----------------------------------------------------------
    Total:                    7 968      266      592

bsp.lib: [5]
    ----------------------------------------------------------
    Total:

dl7M_tln.a: [6]
    exit.o                        4
    low_level_init.o              4
    sprintf.o                    52
    strcat.o                     28
    xprintftiny.o               334
    xsprout.o                    10
    ----------------------------------------------------------
    Total:                      432

m7M_tl.a: [7]
    DblMul.o                    418
    DblToI32.o                   76
    I32ToDbl.o                   48
    ----------------------------------------------------------
    Total:                      542

rt7M_tl.a: [8]
    ABImemclr.o                   6
    ABImemclr4.o                  6
    ABImemcpy_unaligned.o       118
    ABImemset.o                 102
    ABImemset48.o                50
    cexit.o                      10
    cmain.o                      26
    cstartup_M.o                 12
    data_init.o                  40
    packbits_init_single.o       56
    strcpy_unaligned.o           68
    strlen.o                     54
    zero_init3.o                 64
    ----------------------------------------------------------
    Total:                      612

sdriverlib.lib: [9]
    aes.o                       492                20
    ccm.o                       904
    cpu.o                        16
    flash.o                      56
    gpio.o                      304
    interrupt.o                 548
    ioc.o                     1 172
    sys_ctrl.o                  444
    systick.o                    52
    uart.o                      214
    ----------------------------------------------------------
    Total:                    4 202                20

shb_l.a: [10]
    exit.o                       20
    ----------------------------------------------------------
    Total:                       20

    Gaps                         26        3
    Linker created                        32
--------------------------------------------------------------
    Grand Total:             73 046      928   11 172   12 288


*******************************************************************************
*** ENTRY LIST
***

Entry                      Address    Size  Type      Object
-----                      -------    ----  ----      ------
.iar.init_table$$Base   0x00212000           --   Gb  - Linker created -
.iar.init_table$$Limit  0x00212020           --   Gb  - Linker created -
?main                   0x00211f39          Code  Gb  cmain.o [8]
AESECBCheckResult       0x00210e55    0x16  Code  Gb  aes.o [9]
AESECBGetResult         0x00210e6b    0x5a  Code  Gb  aes.o [9]
AESECBStart             0x00210dcd    0x88  Code  Gb  aes.o [9]
AESLoadKey              0x00210cfd    0xce  Code  Gb  aes.o [9]
AF_DataRequest          0x0020c959   0x1ce  Code  Gb  AF.o [1]
AF_DataRequestDiscoverRoute
                        0x20004000     0x1  Data  Gb  AF.o [1]
AIB_apsTrustCenterAddress
                        0x2000412c     0x4  Data  Gb  APS.o [3]
AIB_apsUseExtendedPANID
                        0x2000413c     0x8  Data  Gb  APS.o [3]
AIB_apsUseInsecureJoin  0x2000412a     0x1  Data  Gb  APS.o [3]
APSDE_DataCnf           0x0020d86d     0xa  Code  Gb  APSMEDE_CB.o [3]
APSDE_DataConfirm       0x0020d855    0x18  Code  Gb  APSMEDE_CB.o [3]
APSDE_DataIndication    0x0020d877    0x9a  Code  Gb  APSMEDE_CB.o [3]
APSDE_DataReq           0x0020cc31   0x1f0  Code  Gb  APSMEDE.o [3]
APSDE_DataReqMTU        0x0020ce21    0x28  Code  Gb  APSMEDE.o [3]
APSDE_FrameAlloc        0x0020d515   0x114  Code  Gb  APSMEDE.o [3]
APSDE_FrameHdrSet       0x0020d325    0xee  Code  Gb  APSMEDE.o [3]
APSDE_FrameSend         0x0020d635    0x42  Code  Gb  APSMEDE.o [3]
APSDE_ParseMsg          0x0020d995   0x102  Code  Gb  aps_util.o [3]
APSF_AllocRxObj         0x00206ccd    0xee  Code  Lc  aps_frag.o [3]
APSF_FindObj            0x002069cb    0x2a  Code  Lc  aps_frag.o [3]
APSF_FreeObj            0x002069f5    0x28  Code  Lc  aps_frag.o [3]
APSF_IncomingData       0x00206dbb   0x12e  Code  Lc  aps_frag.o [3]
APSF_Init               0x002069a5    0x26  Code  Gb  aps_frag.o [3]
APSF_ObjList            0x20004248     0x4  Data  Lc  aps_frag.o [3]
APSF_ProcessAck         0x00206c49    0x84  Code  Gb  aps_frag.o [3]
APSF_ProcessEvent       0x00206ef3    0xb0  Code  Gb  aps_frag.o [3]
APSF_SendFragmented     0x00206a1d   0x128  Code  Gb  aps_frag.o [3]
APSF_SendOsalMsg        0x00206ee9     0xa  Code  Gb  aps_frag.o [3]
APSF_TxNextFrame        0x00206b45   0x102  Code  Lc  aps_frag.o [3]
APSF_taskID             0x20004244     0x1  Data  Gb  aps_frag.o [3]
APSME_BindRequest       0x0020ce49    0x26  Code  Gb  APSMEDE.o [3]
APSME_CmdPkt            0x0020d4cf    0x40  Code  Gb  APSMEDE.o [3]
APSME_CmdPktCM_ED       0x0020d4a1    0x14  Code  Gb  APSMEDE.o [3]
APSME_CmdPktHook        0x20006a3c     0x4  Data  Gb  APSMEDE.o [3]
APSME_CmdTransportKey   0x0020d413    0x86  Code  Gb  APSMEDE.o [3]
APSME_FrameSecApplyCM   0x0020d2b5    0x6c  Code  Gb  APSMEDE.o [3]
APSME_FrameSecApplyExtCM
                        0x0020d321     0x4  Code  Gb  APSMEDE.o [3]
APSME_FrameSecApplyExtHook
                        0x20006a34     0x4  Data  Gb  APSMEDE.o [3]
APSME_FrameSecApplyHook
                        0x20006a30     0x4  Data  Gb  APSMEDE.o [3]
APSME_FrameSecKeySetup  0x0020d141    0x76  Code  Gb  APSMEDE.o [3]
APSME_FrameSecKeySync   0x0020d0df    0x62  Code  Gb  APSMEDE.o [3]
APSME_FrameSecRemoveCM  0x0020d23b    0x7a  Code  Gb  APSMEDE.o [3]
APSME_FrameSecRemoveHook
                        0x20006a38     0x4  Data  Gb  APSMEDE.o [3]
APSME_FrameSecSetupCM   0x0020d1b7    0x84  Code  Gb  APSMEDE.o [3]
APSME_FrameSecSetupHook
                        0x20006a2c     0x4  Data  Gb  APSMEDE.o [3]
APSME_FrameSecurityRemove
                        0x0020d67d    0x20  Code  Gb  APSMEDE.o [3]
APSME_GetRequest        0x0020ce83    0x4c  Code  Gb  APSMEDE.o [3]
APSME_HoldDataRequests  0x00206831    0x2a  Code  Gb  APS.o [3]
APSME_IsDistributedSecurity
                        0x0020d6e5     0xc  Code  Gb  APSMEDE.o [3]
APSME_LinkKeyLoad       0x0020d061    0x7e  Code  Gb  APSMEDE.o [3]
APSME_LinkKeyNVIdGet    0x0020ee3f    0x5a  Code  Gb  ZDSecMgr.o [1]
APSME_LinkKeySet        0x0020ed1d    0x82  Code  Gb  ZDSecMgr.o [1]
APSME_LinkKeySync       0x0020cfb9    0x5e  Code  Gb  APSMEDE.o [3]
APSME_LookupExtAddr     0x0020ceeb    0x3e  Code  Gb  APSMEDE.o [3]
APSME_LookupNwkAddr     0x0020cf29    0x2e  Code  Gb  APSMEDE.o [3]
APSME_NwkKeyLoad        0x0020d017    0x4a  Code  Gb  APSMEDE.o [3]
APSME_NwkKeySync        0x0020cf8f    0x2a  Code  Gb  APSMEDE.o [3]
APSME_SecurityCM_ED     0x0020d6bd    0x18  Code  Gb  APSMEDE.o [3]
APSME_SetRequest        0x0020cecf    0x1c  Code  Gb  APSMEDE.o [3]
APSME_SwitchKeyInd      0x0020d95f    0x28  Code  Gb  APSMEDE_CB.o [3]
APSME_TCLinkKeyInit     0x0020ee99    0x76  Code  Gb  ZDSecMgr.o [1]
APSME_TCLinkKeyLoad     0x0020efb5    0x80  Code  Gb  ZDSecMgr.o [1]
APSME_TCLinkKeySync     0x0020ef15    0x9c  Code  Gb  ZDSecMgr.o [1]
APSME_TransportKeyInd   0x0020d911    0x40  Code  Gb  APSMEDE_CB.o [3]
APSME_UnBindRequest     0x0020ce6f    0x14  Code  Gb  APSMEDE.o [3]
APS_AllowDataRequests   0x2000412b     0x1  Data  Gb  APS.o [3]
APS_CmdInd              0x00206365    0x60  Code  Gb  APS.o [3]
APS_Counter             0x20004129     0x1  Data  Gb  APS.o [3]
APS_DataConfirmReflect  0x002064a9    0x20  Code  Lc  APS.o [3]
APS_DataIndReflect      0x002064c9   0x118  Code  Lc  APS.o [3]
APS_GetBind             0x00206401    0xa8  Code  Lc  APS.o [3]
APS_Init                0x00206299    0x28  Code  Gb  APS.o [3]
APS_IsDuplicate         0x002068e3    0x98  Code  Lc  APS.o [3]
APS_MaintainDupRejTable
                        0x0020685b    0x88  Code  Lc  APS.o [3]
APS_ReReflect           0x00206771    0x78  Code  Lc  APS.o [3]
APS_Reflect             0x002065e7   0x18a  Code  Lc  APS.o [3]
APS_ReflectorInit       0x00206275    0x24  Code  Gb  APS.o [3]
APS_TaskID              0x20004128     0x1  Data  Gb  APS.o [3]
APS_UnBind              0x002063c9    0x38  Code  Lc  APS.o [3]
APS_event_loop          0x002062c1    0xa4  Code  Gb  APS.o [3]
APS_lastDupTime         0x20004138     0x4  Data  Gb  APS.o [3]
AddrMgrEntryAdd         0x0021061d    0x64  Code  Lc  AddrMgr.o [3]
AddrMgrEntryAddRef      0x00210777    0x3c  Code  Gb  AddrMgr.o [3]
AddrMgrEntryData        0x20006b28     0x4  Data  Lc  AddrMgr.o [3]
AddrMgrEntryGet         0x0021087d    0x52  Code  Gb  AddrMgr.o [3]
AddrMgrEntryLookupExt   0x00210823    0x5a  Code  Gb  AddrMgr.o [3]
AddrMgrEntryLookupNwk   0x002107b3    0x70  Code  Gb  AddrMgr.o [3]
AddrMgrEntryRelease     0x00210743    0x34  Code  Gb  AddrMgr.o [3]
AddrMgrEntryTotal       0x20006b24     0x2  Data  Lc  AddrMgr.o [3]
AddrMgrEntryUpdate      0x002108cf   0x142  Code  Gb  AddrMgr.o [3]
AddrMgrEntryValidate    0x002105f9    0x24  Code  Lc  AddrMgr.o [3]
AddrMgrExtAddrEqual     0x002106d3    0x18  Code  Gb  AddrMgr.o [3]
AddrMgrExtAddrLookup    0x002106eb    0x28  Code  Gb  AddrMgr.o [3]
AddrMgrExtAddrSet       0x002106ab     0xe  Code  Gb  AddrMgr.o [3]
AddrMgrExtAddrValid     0x002106b9    0x1a  Code  Gb  AddrMgr.o [3]
AddrMgrInit             0x00210681    0x2a  Code  Gb  AddrMgr.o [3]
AddrMgrNwkAddrLookup    0x00210713    0x30  Code  Gb  AddrMgr.o [3]
AddrMgrWriteNVRequest   0x00207d6f     0x2  Code  Gb  ZDApp.o [1]
Alarm_gas_high_level    0x00210a15     0x2  Code  Gb  common.o [1]
ApsLinkKeyFrmCntr       0x200069a0    0x24  Data  Gb  ZDSecMgr.o [1]
AssocChangeNwkAddr      0x00210fc1    0x62  Code  Gb  AssocList.o [3]
AssocGetWithAddress     0x00211057    0x74  Code  Gb  AssocList.o [3]
AssocGetWithShort       0x00211023    0x34  Code  Gb  AssocList.o [3]
AssociatedDevList       0x20006288   0x1f8  Data  Gb  nwk_globals.o [1]
BindCopyBackupToNewNV   0x0020c32b    0xcc  Code  Lc  BindingTable.o [1]
BindInitNV              0x0020c2dd    0x38  Code  Gb  BindingTable.o [1]
BindRestoreFromNV       0x0020c3f9    0xca  Code  Gb  BindingTable.o [1]
BindSetDefaultNV        0x0020c315    0x16  Code  Gb  BindingTable.o [1]
BindWriteNV             0x0020c4c5    0x6c  Code  Gb  BindingTable.o [1]
BindingTable            0x2000689c    0x38  Data  Gb  nwk_globals.o [1]
CCMAuthEncryptCheckResult
                        0x002117f3    0x16  Code  Gb  ccm.o [9]
CCMAuthEncryptGetResult
                        0x00211809    0x88  Code  Gb  ccm.o [9]
CCMAuthEncryptStart     0x002116e9   0x10a  Code  Gb  ccm.o [9]
CCMInvAuthDecryptCheckResult
                        0x00211997     0x2  Code  Gb  ccm.o [9]
CCMInvAuthDecryptGetResult
                        0x00211999    0xaa  Code  Gb  ccm.o [9]
CCMInvAuthDecryptStart  0x00211891   0x100  Code  Gb  ccm.o [9]
CPUcpsid                0x00204665     0x8  Code  Gb  cpu.o [9]
CPUcpsie                0x0020466d     0x8  Code  Gb  cpu.o [9]
FaultISR                0x00211f27     0x2  Code  Lc  startup_ewarm.o [1]
FlashCacheModeSet       0x00211a91    0x12  Code  Gb  flash.o [9]
FlashMainPageErase      0x00211a71    0x10  Code  Gb  flash.o [9]
GPIODirModeGet          0x0020455d    0x26  Code  Gb  gpio.o [9]
GPIODirModeSet          0x00204535    0x28  Code  Gb  gpio.o [9]
GPIOIntWakeupDisable    0x00204645     0xc  Code  Gb  gpio.o [9]
GPIOIntWakeupEnable     0x0020463b     0xa  Code  Gb  gpio.o [9]
GPIOPinRead             0x00204583     0x6  Code  Gb  gpio.o [9]
GPIOPinTypeGPIOInput    0x0020458f     0xa  Code  Gb  gpio.o [9]
GPIOPinTypeGPIOOutput   0x00204599     0xa  Code  Gb  gpio.o [9]
GPIOPinTypeUARTInput    0x002045bb     0x4  Code  Gb  gpio.o [9]
GPIOPinTypeUARTOutput   0x002045bf    0x1a  Code  Gb  gpio.o [9]
GPIOPinWrite            0x00204589     0x6  Code  Gb  gpio.o [9]
GPIOPowIntClear         0x0020460f    0x22  Code  Gb  gpio.o [9]
GPIOPowIntTypeSet       0x002045d9    0x36  Code  Gb  gpio.o [9]
GenericApp_DstAddr      0x20004018     0xc  Data  Gb  GenericApp.o [1]
GenericApp_InClusterList
                        0x00211df0    0x40  Data  Gb  GenericApp.o [1]
GenericApp_Init         0x002080af   0x106  Code  Gb  GenericApp.o [1]
GenericApp_NwkState     0x20004025     0x1  Data  Gb  GenericApp.o [1]
GenericApp_Out_ClusterList
                        0x00211e30    0x40  Data  Gb  GenericApp.o [1]
GenericApp_ProcessEvent
                        0x002081c5   0x462  Code  Gb  GenericApp.o [1]
GenericApp_SimpleDesc   0x002089b8    0x14  Data  Gb  GenericApp.o [1]
GenericApp_TaskID       0x20004024     0x1  Data  Gb  GenericApp.o [1]
GenericApp_TransID      0x20004026     0x1  Data  Gb  GenericApp.o [1]
GenericApp_epDesc       0x20004008    0x10  Data  Gb  GenericApp.o [1]
GetBindingTableEntry    0x0020c621    0x3c  Code  Gb  BindingTable.o [1]
HalAdcCheckVdd          0x00208ac1    0x16  Code  Gb  hal_adc.o [1]
HalAdcInit              0x002089cd     0x8  Code  Gb  hal_adc.o [1]
HalAdcRead              0x002089d5    0xec  Code  Gb  hal_adc.o [1]
HalAesInit              0x00208ae5    0x14  Code  Gb  hal_aes.o [1]
HalDriverInit           0x00203eeb    0x16  Code  Gb  hal_drivers.o [1]
HalKeyConfig            0x00205723     0x2  Code  Gb  hal_key.o [1]
HalLedBlink             0x00208bbd    0x98  Code  Gb  hal_led.o [1]
HalLedInit              0x00208b29    0x2e  Code  Gb  hal_led.o [1]
HalLedOnOff             0x00208d53    0x72  Code  Gb  hal_led.o [1]
HalLedSet               0x00208b59    0x64  Code  Gb  hal_led.o [1]
HalLedState             0x20006b84     0x1  Data  Lc  hal_led.o [1]
HalLedStatusControl     0x2000690c    0x34  Data  Lc  hal_led.o [1]
HalLedUpdate            0x00208c55    0xfe  Code  Gb  hal_led.o [1]
HalSleepLedState        0x20006b85     0x1  Data  Lc  hal_led.o [1]
HalUARTInit             0x002090cf     0x2  Code  Gb  hal_uart.o [1]
HalUARTInitIsr          0x00208dd5    0x36  Code  Gb  hal_uart.o [1]
HalUARTOpen             0x002090d1     0x2  Code  Gb  hal_uart.o [1]
HalUARTOpenIsr          0x00208e11   0x108  Code  Gb  hal_uart.o [1]
HalUARTPoll             0x002090d3     0x2  Code  Gb  hal_uart.o [1]
HalUARTPollIsr          0x00208f19    0xa2  Code  Gb  hal_uart.o [1]
HalUARTWrite            0x002090d5     0x2  Code  Gb  hal_uart.o [1]
HalUARTWriteIsr         0x00208fbb    0x68  Code  Gb  hal_uart.o [1]
Hal_Init                0x00203ee5     0x6  Code  Gb  hal_drivers.o [1]
Hal_ProcessEvent        0x00203f01    0x3c  Code  Gb  hal_drivers.o [1]
Hal_ProcessPoll         0x00203f41     0x4  Code  Gb  hal_drivers.o [1]
Hal_TaskID              0x20006b8d     0x1  Data  Gb  hal_drivers.o [1]
IOCPadConfigGet         0x0020a695   0x116  Code  Gb  ioc.o [9]
IOCPadConfigSet         0x0020a62d    0x68  Code  Gb  ioc.o [9]
IOCPinConfigPeriphInput
                        0x0020a515   0x118  Code  Gb  ioc.o [9]
IOCPinConfigPeriphOutput
                        0x0020a4ad    0x68  Code  Gb  ioc.o [9]
InitBindingTable        0x0020be3d    0x50  Code  Gb  BindingTable.o [1]
InitBoard               0x00203b85    0x22  Code  Gb  OnBoard.o [1]
IntAltMapEnable         0x00202b93     0xc  Code  Gb  interrupt.o [9]
IntDefaultHandler       0x00211f29     0x2  Code  Lc  startup_ewarm.o [1]
IntDisable              0x00202aff    0x58  Code  Gb  interrupt.o [9]
IntEnable               0x00202aa7    0x58  Code  Gb  interrupt.o [9]
IntMasterDisable        0x00202a75     0x6  Code  Gb  interrupt.o [9]
IntMasterEnable         0x00202a6d     0x8  Code  Gb  interrupt.o [9]
IntPendClear            0x00202b57    0x3c  Code  Gb  interrupt.o [9]
IntPrioritySet          0x00202a83    0x24  Code  Gb  interrupt.o [9]
MAC_CbackCheckPending   0x002027b5     0x4  Code  Gb  zmac_cb.o [1]
MAC_CbackEvent          0x002025d1   0x1e4  Code  Gb  zmac_cb.o [1]
MAC_CbackQueryRetransmit
                        0x002027b9     0x4  Code  Gb  zmac_cb.o [1]
MAC_Init                0x002019df    0x44  Code  Gb  mac_beacon.o [4]
MAC_InitDevice          0x00200e35    0x2a  Code  Gb  mac_beacon.o [4]
MAC_McpsDataAlloc       0x00200759    0x1a  Code  Gb  mac_beacon.o [4]
MAC_McpsDataReq         0x002006c9    0x90  Code  Gb  mac_beacon.o [4]
MAC_MlmeAssociateReq    0x00200e5f     0x8  Code  Gb  mac_beacon.o [4]
MAC_MlmeGetReq          0x00203665    0x52  Code  Gb  mac_pib.o [1]
MAC_MlmePollReq         0x00200e67    0x1a  Code  Gb  mac_beacon.o [4]
MAC_MlmeResetReq        0x002018f9    0xae  Code  Gb  mac_beacon.o [4]
MAC_MlmeScanReq         0x00201da5    0x20  Code  Gb  mac_beacon.o [4]
MAC_MlmeSetReq          0x002036b7   0x11c  Code  Gb  mac_pib.o [1]
MAC_MlmeSyncReq         0x002019ad    0x32  Code  Gb  mac_beacon.o [4]
MAC_SrcMatchAckAllPending
                        0x0020ab33    0x1e  Code  Gb  mac_autopend.o [1]
MAC_SrcMatchAddEntry    0x0020a977   0x148  Code  Gb  mac_autopend.o [1]
MAC_SrcMatchCheckAllPending
                        0x0020ab51     0xe  Code  Gb  mac_autopend.o [1]
MAC_SrcMatchCheckResult
                        0x0020ab5f    0x18  Code  Gb  mac_autopend.o [1]
MAC_SrcMatchDeleteEntry
                        0x0020aabf    0x74  Code  Gb  mac_autopend.o [1]
MAC_SrcMatchEnable      0x0020a941    0x36  Code  Gb  mac_autopend.o [1]
NIB_init                0x0020ad27    0xb4  Code  Gb  nwk_globals.o [1]
NLDE_BuildMsg           0x002092eb   0x120  Code  Lc  nwk_util.o [3]
NLDE_CheckForAddrConflict
                        0x00209b9b    0x36  Code  Gb  nwk_util.o [3]
NLDE_CheckFrameSecurity
                        0x00209549    0x30  Code  Gb  nwk_util.o [3]
NLDE_DataCnf            0x0020b5e5    0xf4  Code  Gb  NLMEDE_CB.o [3]
NLDE_DataIndSend        0x0020921b    0x54  Code  Gb  nwk_util.o [3]
NLDE_DataIndication     0x0020b6d9   0x156  Code  Gb  NLMEDE_CB.o [3]
NLDE_DataReq            0x0021021d    0x5c  Code  Gb  NLMEDE.o [3]
NLDE_DataReqAlloc       0x00210279    0x40  Code  Gb  NLMEDE.o [3]
NLDE_DataReqSend        0x00209115   0x106  Code  Gb  nwk_util.o [3]
NLDE_FrameDataLoad      0x0020cf57    0x38  Code  Gb  APSMEDE.o [3]
NLDE_GetHandle          0x00209643    0x1e  Code  Gb  nwk_util.o [3]
NLDE_ParseFrameControl  0x0020950b    0x3e  Code  Gb  nwk_util.o [3]
NLDE_ParseMsg           0x0020940b   0x100  Code  Gb  nwk_util.o [3]
NLDE_ParseMsg2          0x00209579    0x9c  Code  Gb  nwk_util.o [3]
NLDE_SendMsg            0x0020926f    0x7c  Code  Gb  nwk_util.o [3]
NLME_CheckNewAddrSet    0x00209ac1    0xda  Code  Gb  nwk_util.o [3]
NLME_CmdBcast           0x00209973    0x12  Code  Gb  nwk_util.o [3]
NLME_CmdCnf             0x002098fb    0x78  Code  Gb  nwk_util.o [3]
NLME_CmdDataReqAlloc    0x00209985    0x3a  Code  Gb  nwk_util.o [3]
NLME_DeviceJoiningInit  0x00210211     0xc  Code  Gb  NLMEDE.o [3]
NLME_GetCoordExtAddr    0x0020963b     0x8  Code  Gb  nwk_util.o [3]
NLME_GetCoordShortAddr  0x00209633     0x8  Code  Gb  nwk_util.o [3]
NLME_GetExtAddr         0x00209615    0x16  Code  Gb  nwk_util.o [3]
NLME_GetProtocolVersion
                        0x002099bf     0x8  Code  Gb  nwk_util.o [3]
NLME_GetShortAddr       0x0020962b     0x8  Code  Gb  nwk_util.o [3]
NLME_IsAddressBroadcast
                        0x002099e5    0x3e  Code  Gb  nwk_util.o [3]
NLME_JoinConfirm        0x0020b83d     0x4  Code  Gb  NLMEDE_CB.o [3]
NLME_JoinRequest        0x0021047b    0xd6  Code  Gb  NLMEDE.o [3]
NLME_LeaveCmdProcess    0x00209843    0xb8  Code  Gb  nwk_util.o [3]
NLME_LeaveCmdSend       0x002097a5    0x9e  Code  Gb  nwk_util.o [3]
NLME_LeaveCnf           0x0020b841     0x4  Code  Gb  NLMEDE_CB.o [3]
NLME_LeaveInd           0x0020b845     0x4  Code  Gb  NLMEDE_CB.o [3]
NLME_LeaveRsp           0x00210551    0x46  Code  Gb  NLMEDE.o [3]
NLME_NetworkDiscoveryConfirm
                        0x0020b835     0x4  Code  Gb  NLMEDE_CB.o [3]
NLME_NetworkDiscoveryRequest
                        0x002102b9    0x4c  Code  Gb  NLMEDE.o [3]
NLME_NetworkStatusCB    0x0020b8b9     0x4  Code  Gb  NLMEDE_CB.o [3]
NLME_NwkDiscTerm        0x00210305    0x1a  Code  Gb  NLMEDE.o [3]
NLME_OrphanJoinRequest  0x0021031f    0x2e  Code  Gb  NLMEDE.o [3]
NLME_PollConfirm        0x0020b84d    0x26  Code  Gb  NLMEDE_CB.o [3]
NLME_ProcessNetworkStatus
                        0x00209c21    0x4e  Code  Gb  nwk_util.o [3]
NLME_ReJoinReq          0x0021035d   0x11e  Code  Lc  NLMEDE.o [3]
NLME_ReJoinRequest      0x00210357     0x4  Code  Gb  NLMEDE.o [3]
NLME_ReJoinRequestUnsecure
                        0x0021035b     0x2  Code  Gb  NLMEDE.o [3]
NLME_ReadNwkKeyInfo     0x0020a0af    0x22  Code  Gb  nwk_util.o [3]
NLME_RejoinRspCmdProcess
                        0x0020972f    0x76  Code  Gb  nwk_util.o [3]
NLME_RouteDiscoveryIndication
                        0x0020b873    0x20  Code  Gb  NLMEDE_CB.o [3]
NLME_RouteDiscoveryRequest
                        0x0020ae2d   0x126  Code  Gb  rtg.o [3]
NLME_ScanFields         0x20006b7c     0x4  Data  Gb  NLMEDE.o [3]
NLME_SendNetworkStatus  0x00209bd1    0x50  Code  Gb  nwk_util.o [3]
NLME_SetBroadcastFilter
                        0x002099c7    0x18  Code  Gb  nwk_util.o [3]
NLME_SetPollRate        0x002096f3    0x2c  Code  Gb  nwk_util.o [3]
NLME_SetQueuedPollRate  0x0020971f     0x8  Code  Gb  nwk_util.o [3]
NLME_SetResponseRate    0x00209727     0x8  Code  Gb  nwk_util.o [3]
NLME_SyncIndication     0x0020b849     0x4  Code  Gb  NLMEDE_CB.o [3]
NLME_beaconNotifyInd    0x0020b839     0x4  Code  Gb  NLMEDE_CB.o [3]
NWK_TaskID              0x20006ba2     0x1  Data  Gb  nwk.o [3]
NmiSR                   0x00211f25     0x2  Code  Lc  startup_ewarm.o [1]
NwkDescList             0x200066c0     0x4  Data  Gb  nwk.o [3]
OSAL_timeSeconds        0x20006af0     0x4  Data  Gb  OSAL_Clock.o [1]
OnBoard_KeyCallback     0x00203bb9    0x2c  Code  Gb  OnBoard.o [1]
OnboardKeyIntEnable     0x20006b93     0x1  Data  Gb  OnBoard.o [1]
Onboard_rand            0x00203c35     0x4  Code  Gb  OnBoard.o [1]
PortCPortAIsr           0x00211f21     0x4  Code  Lc  startup_ewarm.o [1]
PreaperData             0x00210a8f    0x30  Code  Gb  common.o [1]
RTG_AddRtgEntry         0x0020b0c5   0x16a  Code  Lc  rtg.o [3]
RTG_BcastDel            0x0020b33d    0x2a  Code  Gb  rtg.o [3]
RTG_CheckRtStatus       0x0020b415    0xb0  Code  Gb  rtg.o [3]
RTG_GetRoutingAddress   0x0020b4c9    0x34  Code  Lc  rtg.o [3]
RTG_GetRtDiscEntry      0x0020b367    0x2e  Code  Lc  rtg.o [3]
RTG_GetRtgEntry         0x0020b395    0x72  Code  Gb  rtg.o [3]
RTG_MTORouteReq         0x0020af59    0xe8  Code  Gb  rtg.o [3]
RTG_RemoveRtgEntry      0x0020b27b    0x3a  Code  Gb  rtg.o [3]
RTG_SendBrokenRoute     0x0020b4fd    0x4a  Code  Gb  rtg.o [3]
RTG_SendRErr            0x0020b041    0x68  Code  Gb  rtg.o [3]
RTG_UpdateNeighborEntry
                        0x00209661    0x92  Code  Gb  nwk_util.o [3]
RTG_UpdateRtDiscEntry   0x0020b2b5    0x76  Code  Lc  rtg.o [3]
RTG_ValidateSrcRtg      0x0020b241    0x3a  Code  Gb  rtg.o [3]
RTG_nextHopIsBad        0x0020b547    0x32  Code  Gb  rtg.o [3]
Region$$Table$$Base     0x00212000           --   Gb  - Linker created -
Region$$Table$$Limit    0x00212020           --   Gb  - Linker created -
RegisterForKeys         0x00203ba7    0x12  Code  Gb  OnBoard.o [1]
ResetIsr                0x00211ef1    0x1e  Code  Lc  startup_ewarm.o [1]
SSP_BuildAuxHdr2        0x0020b931    0x44  Code  Gb  ssp.o [3]
SSP_CCM_Auth_Encrypt    0x002113a5    0x4a  Code  Gb  hal_ccm.o [1]
SSP_CCM_InvAuth_Decrypt
                        0x002113f1    0x4e  Code  Gb  hal_ccm.o [1]
SSP_GetMicLen           0x0020bdb7     0xe  Code  Gb  ssp.o [3]
SSP_GetMicLenHook       0x20006b38     0x4  Data  Lc  ssp.o [3]
SSP_GetMicLenProc       0x0020bb19    0x10  Code  Gb  ssp.o [3]
SSP_GetNwkKey           0x0020bb29    0x52  Code  Gb  ssp.o [3]
SSP_Init                0x0020b8bd    0x12  Code  Gb  ssp.o [3]
SSP_KeyedHash           0x002110f5    0xa4  Code  Gb  ssp_hash.o [3]
SSP_NwkSecurity         0x0020bda5    0x12  Code  Gb  ssp.o [3]
SSP_NwkSecurityHook     0x20006b34     0x4  Data  Lc  ssp.o [3]
SSP_NwkSecurityProc     0x0020bb7d   0x144  Code  Gb  ssp.o [3]
SSP_ParseAuxHdr         0x0020b8cf    0x62  Code  Gb  ssp.o [3]
SSP_Process             0x0020b975    0xb6  Code  Gb  ssp.o [3]
SSP_ReadNwkActiveKey    0x0020ba2b    0x1c  Code  Gb  ssp.o [3]
SSP_SwitchNwkKey        0x0020ba75    0xa2  Code  Gb  ssp.o [3]
SSP_UpdateNwkKey        0x0020ba47    0x2e  Code  Gb  ssp.o [3]
SysCtrlClockGet         0x0020a33d    0x2c  Code  Gb  sys_ctrl.o [9]
SysCtrlClockSet         0x0020a2f1    0x4c  Code  Gb  sys_ctrl.o [9]
SysCtrlClockStartSetting
                        0x0020450f    0x1a  Code  Gb  hal_sys_ctrl.o [1]
SysCtrlDeepSleepSetting
                        0x0020445d    0x5e  Code  Gb  hal_sys_ctrl.o [1]
SysCtrlDelay            0x0020a389     0x8  Code  Gb  sys_ctrl.o [9]
SysCtrlPeripheralDeepSleepDisable
                        0x0020a41b     0x6  Code  Gb  sys_ctrl.o [9]
SysCtrlPeripheralDisable
                        0x0020a3db     0x6  Code  Gb  sys_ctrl.o [9]
SysCtrlPeripheralEnable
                        0x0020a3d5     0x6  Code  Gb  sys_ctrl.o [9]
SysCtrlPeripheralReset  0x0020a399    0x3c  Code  Gb  sys_ctrl.o [9]
SysCtrlPeripheralSleepDisable
                        0x0020a3fb     0x4  Code  Gb  sys_ctrl.o [9]
SysCtrlPowIntClear      0x002044f9    0x16  Code  Gb  hal_sys_ctrl.o [1]
SysCtrlReset            0x0020a391     0x8  Code  Gb  sys_ctrl.o [9]
SysCtrlRunSetting       0x00204391    0x6e  Code  Gb  hal_sys_ctrl.o [1]
SysCtrlSleepSetting     0x002043ff    0x5e  Code  Gb  hal_sys_ctrl.o [1]
SysCtrlWakeupSetting    0x002044bb    0x3e  Code  Gb  hal_sys_ctrl.o [1]
SysTickEnable           0x00211cf1     0xc  Code  Gb  systick.o [9]
SysTickIntDisable       0x00211d09     0xc  Code  Gb  systick.o [9]
SysTickIntEnable        0x00211cfd     0xc  Code  Gb  systick.o [9]
SysTickIntHandler       0x00211c69     0x6  Code  Gb  hal_systick.o [1]
SysTickPeriodSet        0x00211d15     0x8  Code  Gb  systick.o [9]
SysTickSetup            0x00211c6f    0x1e  Code  Gb  hal_systick.o [1]
TCLinkKeyFrmCntr        0x20006a90     0xc  Data  Gb  ZDSecMgr.o [1]
UARTCharGetNonBlocking  0x00210f8f    0x10  Code  Gb  uart.o [9]
UARTCharPutNonBlocking  0x00210f9f    0x10  Code  Gb  uart.o [9]
UARTCharsAvail          0x00210f7f     0x6  Code  Gb  uart.o [9]
UARTConfigSetExpClk     0x00210eef    0x46  Code  Gb  uart.o [9]
UARTDisable             0x00210f4f    0x1e  Code  Gb  uart.o [9]
UARTEnable              0x00210f35    0x1a  Code  Gb  uart.o [9]
UARTFIFOEnable          0x00210f6d     0xc  Code  Gb  uart.o [9]
UARTFIFOLevelSet        0x00210ee9     0x6  Code  Gb  uart.o [9]
UARTIntClear            0x00210fbb     0x4  Code  Gb  uart.o [9]
UARTIntEnable           0x00210fb5     0x6  Code  Gb  uart.o [9]
UART_RX_Flag            0x20006b8f     0x1  Data  Gb  hal_uart.o [1]
UBRRTable               0x00209100    0x14  Data  Gb  hal_uart.o [1]
ZDAppDetermineDeviceType
                        0x002072a5    0x58  Code  Gb  ZDApp.o [1]
ZDAppNwkAddr            0x20004060     0xc  Data  Gb  ZDApp.o [1]
ZDAppPendingBindReq     0x2000409c     0x4  Data  Gb  ZDApp.o [1]
ZDAppTaskID             0x2000406f     0x1  Data  Gb  ZDApp.o [1]
ZDApp_AgeOutPendingBindEntry
                        0x00207f01    0xbc  Code  Gb  ZDApp.o [1]
ZDApp_DeviceAuthEvt     0x002072fd    0x8c  Code  Gb  ZDApp.o [1]
ZDApp_GetEmptyPendingBindReq
                        0x00207e27    0x2e  Code  Gb  ZDApp.o [1]
ZDApp_InMsgCB           0x00207d71    0x2e  Code  Gb  ZDApp.o [1]
ZDApp_Init              0x00206fc5    0x72  Code  Gb  ZDApp.o [1]
ZDApp_InitPendingBind   0x00207dd7    0x50  Code  Gb  ZDApp.o [1]
ZDApp_LeaveCtrl         0x20004071     0x1  Data  Gb  ZDApp.o [1]
ZDApp_LeaveUpdate       0x00207889    0x4a  Code  Gb  ZDApp.o [1]
ZDApp_NVUpdate          0x00207dd5     0x2  Code  Gb  ZDApp.o [1]
ZDApp_NewDeviceList     0x200040a0     0x4  Data  Gb  ZDApp.o [1]
ZDApp_NodeProfileSync   0x00207da5    0x26  Code  Gb  ZDApp.o [1]
ZDApp_NwkDescListProcessing
                        0x00207931   0x152  Code  Gb  ZDApp.o [1]
ZDApp_ProcessMsgCBs     0x00207589    0x5a  Code  Gb  ZDApp.o [1]
ZDApp_ProcessNetworkJoin
                        0x00207613   0x218  Code  Gb  ZDApp.o [1]
ZDApp_ProcessOSALMsg    0x00207389   0x1fa  Code  Gb  ZDApp.o [1]
ZDApp_ProcessPendingBindReq
                        0x00207e55    0x82  Code  Gb  ZDApp.o [1]
ZDApp_ProcessSecEvent   0x0020716b    0x66  Code  Gb  ZDApp.o [1]
ZDApp_ProcessSecMsg     0x002075e3    0x30  Code  Gb  ZDApp.o [1]
ZDApp_RestoreNwkKey     0x0020782b    0x5e  Code  Gb  ZDApp.o [1]
ZDApp_SavedPollRate     0x20004076     0x2  Data  Gb  ZDApp.o [1]
ZDApp_SecInit           0x00207037    0x6c  Code  Gb  ZDApp.o [1]
ZDApp_epDesc            0x200040ac    0x10  Data  Gb  ZDApp.o [1]
ZDApp_event_loop        0x002070a3    0xc8  Code  Gb  ZDApp.o [1]
ZDConfig_InitDescriptors
                        0x002101ad    0x2a  Code  Gb  ZDConfig.o [1]
ZDConfig_UpdateNodeDescriptor
                        0x002101d7    0x2e  Code  Gb  ZDConfig.o [1]
ZDOBuildBuf             0x20006940    0x34  Data  Lc  ZDObject.o [1]
ZDOInitDevice           0x002071e9    0xbc  Code  Gb  ZDApp.o [1]
ZDO_Config_Node_Descriptor
                        0x20006a64    0x10  Data  Gb  ZDConfig.o [1]
ZDO_Config_Power_Descriptor
                        0x20006b4c     0x4  Data  Gb  ZDConfig.o [1]
ZDO_ConvertOTAClusters  0x0020de5f    0x26  Code  Gb  ZDObject.o [1]
ZDO_EDBind              0x20006b50     0x4  Data  Lc  ZDObject.o [1]
ZDO_Init                0x0020dbbd    0x22  Code  Gb  ZDObject.o [1]
ZDO_JoinConfirmCB       0x00207b95    0x8c  Code  Gb  ZDApp.o [1]
ZDO_LeaveCnf            0x00207c2d    0x50  Code  Gb  ZDApp.o [1]
ZDO_LeaveInd            0x00207c8f    0xac  Code  Gb  ZDApp.o [1]
ZDO_NetworkDiscoveryConfirmCB
                        0x002078d3    0x40  Code  Gb  ZDApp.o [1]
ZDO_NetworkStatusCB     0x00207d6b     0x4  Code  Gb  ZDApp.o [1]
ZDO_ParseAddrRsp        0x0020e29f    0x68  Code  Gb  ZDObject.o [1]
ZDO_ParseBindUnbindReq  0x0020e259    0x46  Code  Gb  ZDObject.o [1]
ZDO_ParseDeviceAnnce    0x0020e339    0x20  Code  Gb  ZDObject.o [1]
ZDO_ParseEPListRsp      0x0020e307    0x32  Code  Gb  ZDObject.o [1]
ZDO_PollConfirmCB       0x00207d69     0x2  Code  Gb  ZDApp.o [1]
ZDO_ProcessActiveEPReq  0x0020de05    0x5a  Code  Gb  ZDObject.o [1]
ZDO_ProcessBindUnbindReq
                        0x0020e0ed   0x112  Code  Gb  ZDObject.o [1]
ZDO_ProcessMatchDescReq
                        0x0020de85   0x262  Code  Gb  ZDObject.o [1]
ZDO_ProcessNodeDescReq  0x0020dd31    0x36  Code  Gb  ZDObject.o [1]
ZDO_ProcessPowerDescReq
                        0x0020dd67    0x34  Code  Gb  ZDObject.o [1]
ZDO_ProcessSimpleDescReq
                        0x0020ddab    0x5a  Code  Gb  ZDObject.o [1]
ZDO_RegisterForZDOMsg   0x0020e885    0x44  Code  Gb  ZDProfile.o [1]
ZDO_SendMsgCBs          0x0020e8d1    0x68  Code  Gb  ZDProfile.o [1]
ZDO_StartDevice         0x0020dbdf    0x9e  Code  Gb  ZDObject.o [1]
ZDO_StartDevice::scanCnt
                        0x20006b95     0x1  Data  Lc  ZDObject.o [1]
ZDO_SyncIndicationCB    0x00207d3b    0x2a  Code  Gb  ZDApp.o [1]
ZDO_UpdateAddrManager   0x0020e1ff    0x1e  Code  Gb  ZDObject.o [1]
ZDO_UpdateNwkStatus     0x0020dcbb    0x76  Code  Gb  ZDObject.o [1]
ZDO_UseExtendedPANID    0x200040a4     0x8  Data  Gb  ZDApp.o [1]
ZDO_beaconNotifyIndCB   0x00207a91    0xfa  Code  Gb  ZDApp.o [1]
ZDP_Buf                 0x200040c4    0x50  Data  Lc  ZDProfile.o [1]
ZDP_DeviceAnnce         0x0020e4b5    0x58  Code  Gb  ZDProfile.o [1]
ZDP_EPRsp               0x0020e7c1    0x5a  Code  Gb  ZDProfile.o [1]
ZDP_GenericRsp          0x0020e81b    0x5e  Code  Gb  ZDProfile.o [1]
ZDP_IncomingData        0x0020e93d    0x86  Code  Gb  ZDProfile.o [1]
ZDP_NodeDescMsg         0x0020e5c5    0x6e  Code  Gb  ZDProfile.o [1]
ZDP_NwkAddrReq          0x0020e425    0x8a  Code  Gb  ZDProfile.o [1]
ZDP_PowerDescMsg        0x0020e633    0x50  Code  Gb  ZDProfile.o [1]
ZDP_SendData            0x0020e3af    0x76  Code  Gb  ZDProfile.o [1]
ZDP_SimpleDescMsg       0x0020e6b1   0x104  Code  Gb  ZDProfile.o [1]
ZDP_TmpBuf              0x200040c0     0x4  Data  Lc  ZDProfile.o [1]
ZDP_TransID             0x200040bc     0x1  Data  Gb  ZDProfile.o [1]
ZDP_TxOptions           0x200040bd     0x1  Data  Gb  ZDProfile.o [1]
ZDSecMgrAddrClear       0x0020e9fd    0x42  Code  Gb  ZDSecMgr.o [1]
ZDSecMgrApsLinkKeyInit  0x0020f0db    0x66  Code  Gb  ZDSecMgr.o [1]
ZDSecMgrAuthNwkKey      0x0020eb51    0x18  Code  Gb  ZDSecMgr.o [1]
ZDSecMgrAuthenticationCheck
                        0x0020ed9f    0xa0  Code  Gb  ZDSecMgr.o [1]
ZDSecMgrDeviceRemoveByExtAddr
                        0x0020eafb    0x56  Code  Gb  ZDSecMgr.o [1]
ZDSecMgrEntries         0x20006b58     0x4  Data  Gb  ZDSecMgr.o [1]
ZDSecMgrEntryFree       0x0020eac3    0x38  Code  Gb  ZDSecMgr.o [1]
ZDSecMgrEntryInit       0x0020ea3f    0x28  Code  Gb  ZDSecMgr.o [1]
ZDSecMgrEntryLookupExtGetIndex
                        0x0020ea67    0x56  Code  Gb  ZDSecMgr.o [1]
ZDSecMgrInit            0x0020eb69     0x8  Code  Gb  ZDSecMgr.o [1]
ZDSecMgrInitNVKeyTables
                        0x0020f141    0x14  Code  Gb  ZDSecMgr.o [1]
ZDSecMgrNwkKeyInit      0x0020f035    0x64  Code  Gb  ZDSecMgr.o [1]
ZDSecMgrReadKeyFromNv   0x0020f099    0x42  Code  Gb  ZDSecMgr.o [1]
ZDSecMgrSaveTCLinkKey   0x0020f155    0x44  Code  Gb  ZDSecMgr.o [1]
ZDSecMgrSwitchKeyInd    0x0020ed0d    0x10  Code  Gb  ZDSecMgr.o [1]
ZDSecMgrTCDataLoad      0x0020eb7d    0x42  Code  Gb  ZDSecMgr.o [1]
ZDSecMgrTransportKeyInd
                        0x0020ebbf   0x14e  Code  Gb  ZDSecMgr.o [1]
ZDSecMgrUpdateTCAddress
                        0x0020f1cf    0x1e  Code  Gb  ZDSecMgr.o [1]
ZDiagsUpdateStats       0x0020be39     0x2  Code  Gb  ZDiags.o [1]
ZMacAssociateReq        0x0020a1d7     0xe  Code  Gb  zmac.o [1]
ZMacDataReqSec          0x0020a24f    0x62  Code  Gb  zmac.o [1]
ZMacGetReq              0x0020a19d    0x1c  Code  Gb  zmac.o [1]
ZMacInit                0x0020a15d    0x40  Code  Gb  zmac.o [1]
ZMacLqiAdjust           0x002027bd    0x32  Code  Lc  zmac_cb.o [1]
ZMacPollReq             0x0020a241     0xe  Code  Gb  zmac.o [1]
ZMacScanReq             0x0020a1e5    0x52  Code  Gb  zmac.o [1]
ZMacSetReq              0x0020a1b9    0x1e  Code  Gb  zmac.o [1]
ZMacSetTransmitPower    0x0020a2cd     0xc  Code  Gb  zmac.o [1]
ZMacSrcMatchAckAllPending
                        0x0020a2c3     0xa  Code  Gb  zmac.o [1]
ZMacSrcMatchAddEntry    0x0020a2bb     0x4  Code  Gb  zmac.o [1]
ZMacSrcMatchDeleteEntry
                        0x0020a2bf     0x4  Code  Gb  zmac.o [1]
ZMacSrcMatchEnable      0x0020a2b1     0xa  Code  Gb  zmac.o [1]
ZMacSyncReq             0x0020a237     0xa  Code  Gb  zmac.o [1]
ZMac_ScanBuf            0x20006b20     0x4  Data  Gb  zmac.o [1]
_NIB                    0x2000664c    0x74  Data  Gb  nwk.o [3]
_PrintfTiny             0x002115b3   0x136  Code  Gb  xprintftiny.o [6]
_SProut                 0x00202e67     0xa  Code  Gb  xsprout.o [6]
_ScanChannels           0x20006b1c     0x4  Data  Gb  zmac.o [1]
__aeabi_d2iz            0x00210cb1          Code  Gb  DblToI32.o [7]
__aeabi_dmul            0x00210b0d          Code  Gb  DblMul.o [7]
__aeabi_i2d             0x00210add          Code  Gb  I32ToDbl.o [7]
__aeabi_memclr          0x00203b7d          Code  Gb  ABImemclr.o [8]
__aeabi_memclr4         0x002105bd          Code  Gb  ABImemclr4.o [8]
__aeabi_memset          0x00203b15          Code  Gb  ABImemset.o [8]
__aeabi_ui2d            0x00210af1          Code  Gb  I32ToDbl.o [7]
__cca                   0x0027ffd4     0xc  Data  Gb  startup_ewarm.o [1]
__cmain                 0x00211f39          Code  Gb  cmain.o [8]
__exit                  0x00211f91    0x14  Code  Gb  exit.o [10]
__iar_Memset            0x00203b15          Code  Gb  ABImemset.o [8]
__iar_Memset4_word      0x00211569          Code  Gb  ABImemset48.o [8]
__iar_Memset8_word      0x00211569          Code  Gb  ABImemset48.o [8]
__iar_Memset_word       0x00203b1d          Code  Gb  ABImemset.o [8]
__iar_d2uiz             0x00210cdd          Code  Gb  DblToI32.o [7]
__iar_data_init3        0x00211f59    0x28  Code  Gb  data_init.o [8]
__iar_packbits_init_single3
                        0x00211fa5    0x38  Code  Gb  packbits_init_single.o [8]
__iar_program_start     0x00211f2b          Code  Gb  cstartup_M.o [8]
__iar_ui2d              0x00210af5          Code  Gb  I32ToDbl.o [7]
__iar_unaligned___aeabi_memcpy
                        0x002056ad          Code  Gb  ABImemcpy_unaligned.o [8]
__iar_unaligned___aeabi_memcpy4
                        0x002056cd          Code  Gb  ABImemcpy_unaligned.o [8]
__iar_unaligned___aeabi_memcpy8
                        0x002056cd          Code  Gb  ABImemcpy_unaligned.o [8]
__iar_unaligned_strcpy  0x00203c39          Code  Gb  strcpy_unaligned.o [8]
__iar_zero_init3        0x00211eb1    0x40  Code  Gb  zero_init3.o [8]
__low_level_init        0x00211f53     0x4  Code  Gb  low_level_init.o [6]
__vector_table          0x00200000   0x100  Data  Gb  startup_ewarm.o [1]
_call_main              0x00211f45          Code  Gb  cmain.o [8]
_exit                   0x00211f85          Code  Gb  cexit.o [8]
_itoa                   0x00203bed    0x48  Code  Gb  OnBoard.o [1]
_ltoa                   0x0020209d   0x150  Code  Gb  OSAL.o [1]
_main                   0x00211f4f          Code  Gb  cmain.o [8]
_nvBuf                  0x0027c800  0x3000  Data  Gb  osal_nv.o [1]
_savedRejoinRspAddr     0x20004118     0x2  Data  Gb  nwk_util.o [3]
_tmpRejoinState         0x2000406e     0x1  Data  Gb  ZDApp.o [1]
aExtendedAddress        0x20006ae4     0x8  Data  Gb  OnBoard.o [1]
accumulatedOverflowCount
                        0x20006a60     0x4  Data  Lc  mac_mcu.o [1]
activeTaskID            0x2000426d     0x1  Data  Lc  OSAL.o [1]
adcRef                  0x20006b89     0x1  Data  Lc  hal_adc.o [1]
afAPSF_ConfigGet        0x0020cbeb    0x2a  Code  Gb  AF.o [1]
afBuildMSGIncoming      0x0020c8bb    0x96  Code  Lc  AF.o [1]
afCopyAddress           0x0020cbcb    0x20  Code  Gb  AF.o [1]
afDataConfirm           0x0020c6bd    0x40  Code  Gb  AF.o [1]
afDataReqMTU            0x0020cb7d    0x18  Code  Gb  AF.o [1]
afEndPoints             0x0020cba9    0x22  Code  Gb  AF.o [1]
afFindEndPointDesc      0x0020cb2d    0x1a  Code  Gb  AF.o [1]
afFindSimpleDesc        0x0020cb47    0x36  Code  Gb  AF.o [1]
afIncomingData          0x0020c753   0x168  Code  Gb  AF.o [1]
afNumEndPoints          0x0020cb95    0x14  Code  Gb  AF.o [1]
afReflectError          0x0020c6fd    0x56  Code  Gb  AF.o [1]
afRegister              0x0020c675    0x48  Code  Gb  AF.o [1]
apsAckFindMatchCB       0x0020db31    0x46  Code  Lc  aps_util.o [3]
apsGenerateAck          0x0020da97    0x9a  Code  Gb  aps_util.o [3]
apsGroupTable           0x20006b64     0x4  Data  Gb  aps_groups.o [3]
apsProcessAck           0x0020db77    0x3e  Code  Gb  aps_util.o [3]
aps_FindGroup           0x0020bde1    0x20  Code  Gb  aps_groups.o [3]
aps_FindGroupForEndpoint
                        0x0020be01    0x32  Code  Gb  aps_groups.o [3]
apsfProcessAck          0x20006b6c     0x4  Data  Gb  APS.o [3]
apsfSendFragmented      0x20006b68     0x4  Data  Gb  APS.o [3]
apsfSendOsalMsg         0x20006b70     0x4  Data  Gb  APS.o [3]
backoffTimerRollover    0x20006acc     0x4  Data  Lc  mac_backoff_timer.o [1]
backoffTimerTrigger     0x20006ad0     0x4  Data  Lc  mac_backoff_timer.o [1]
bcastHoldHandle         0x20006a84     0xc  Data  Gb  nwk_globals.o [1]
bindAddEntry            0x0020bef1    0xe8  Code  Gb  BindingTable.o [1]
bindAddrIndexGet        0x0020c5cf    0x4a  Code  Gb  BindingTable.o [1]
bindAddrMgrLocalLoad    0x0020c579    0x56  Code  Gb  BindingTable.o [1]
bindAddrMgrLocalLoaded  0x200069c4     0x1  Data  Lc  BindingTable.o [1]
bindAddressClear        0x0020c289    0x52  Code  Gb  BindingTable.o [1]
bindFind                0x0020c221    0x68  Code  Gb  BindingTable.o [1]
bindFindEmpty           0x0020be8d    0x30  Code  Gb  BindingTable.o [1]
bindFindExisting        0x0020c053    0x96  Code  Gb  BindingTable.o [1]
bindIsClusterIDinList   0x0020bfeb    0x26  Code  Gb  BindingTable.o [1]
bindNumOfEntries        0x0020bebd    0x34  Code  Gb  BindingTable.o [1]
bindNumReflections      0x0020c1cf    0x52  Code  Gb  BindingTable.o [1]
bindRemoveClusterIdFromList
                        0x0020c011    0x42  Code  Gb  BindingTable.o [1]
bindRemoveDev           0x0020c0e9    0xe6  Code  Gb  BindingTable.o [1]
bindRemoveEntry         0x0020bfd9    0x12  Code  Gb  BindingTable.o [1]
bindingAddrMgsHelperConvert
                        0x0020c531    0x2c  Code  Gb  BindingTable.o [1]
bindingAddrMgsHelperConvertShort
                        0x0020c55d    0x1c  Code  Gb  BindingTable.o [1]
calcChkF                0x0020fa3b    0x2e  Code  Lc  osal_nv.o [1]
ccmStar                 0x0020bcc7    0xde  Code  Gb  ssp.o [3]
check                   0x20004028     0x1  Data  Gb  GenericApp.o [1]
compactPage             0x0020f6b3   0x1c8  Code  Lc  osal_nv.o [1]
conflictedAddrTable     0x20006a9c     0xc  Data  Lc  nwk_util.o [3]
continueJoining         0x2000406d     0x1  Data  Gb  ZDApp.o [1]
count_fail              0x20004027     0x1  Data  Gb  GenericApp.o [1]
cspReadCountSymbols     0x00205265    0x1e  Code  Lc  mac_csp_tx.o [1]
defaultKey              0x00211e90    0x10  Data  Gb  nwk_globals.o [1]
defaultTCLinkKey        0x00211ea0    0x10  Data  Gb  nwk_globals.o [1]
devStartMode            0x20004073     0x1  Data  Gb  ZDApp.o [1]
devState                0x20004072     0x1  Data  Gb  ZDApp.o [1]
epList                  0x20004004     0x4  Data  Gb  AF.o [1]
erasePage               0x0020f68f    0x24  Code  Lc  osal_nv.o [1]
exit                    0x00211f81     0x4  Code  Gb  exit.o [6]
ff1                     0x20006284     0x4  Data  Lc  OSAL_Memory.o [1]
fillAndSend             0x0020e359    0x56  Code  Lc  ZDProfile.o [1]
findItem                0x0020f87b    0x7c  Code  Lc  osal_nv.o [1]
flashErasePage          0x0021143f    0x1c  Code  Gb  armcm3flashutil.o [1]
flashWrite              0x0021145b   0x10c  Code  Gb  armcm3flashutil.o [1]
gBIND_REC_SIZE          0x00211e8e     0x2  Data  Gb  nwk_globals.o [1]
gDEFAULT_ROUTE_REQUEST_RADIUS
                        0x00211e7f     0x1  Data  Gb  nwk_globals.o [1]
gDEF_NWK_RADIUS         0x00211e80     0x1  Data  Gb  nwk_globals.o [1]
gKEEPALIVE_TIMEOUT_MAX  0x00211e82     0x2  Data  Gb  nwk_globals.o [1]
gLINK_DOWN_TRIGGER      0x00211e79     0x1  Data  Gb  nwk_globals.o [1]
gMAX_BCAST              0x00211e7a     0x1  Data  Gb  nwk_globals.o [1]
gMAX_BINDING_CLUSTER_IDS
                        0x00211e8d     0x1  Data  Gb  nwk_globals.o [1]
gMAX_BROADCAST_QUEUED   0x00211e78     0x1  Data  Gb  nwk_globals.o [1]
gMAX_NEIGHBOR_ENTRIES   0x00211e76     0x1  Data  Gb  nwk_globals.o [1]
gMAX_NWK_FRAMECOUNTER_CHANGES
                        0x00211e88     0x4  Data  Gb  nwk_globals.o [1]
[...]
nwkDB_FindNextIndirectHold
                        0x0020415b    0x22  Code  Lc  nwk_bufs.o [3]
nwkDB_FindNextType      0x00204235    0x1e  Code  Gb  nwk_bufs.o [3]
nwkDB_RemoveFromList    0x00204291    0x26  Code  Gb  nwk_bufs.o [3]
nwkDB_UserDataLoad      0x00209a2d    0x12  Code  Gb  nwk_util.o [3]
nwkDataBufQueue         0x20006b74     0x4  Data  Gb  nwk_bufs.o [3]
nwkFrameCounter         0x20006b30     0x4  Data  Gb  ssp.o [3]
nwkFrameCounterChanges  0x20006b2c     0x2  Data  Gb  ssp.o [3]
nwkMsgProcs             0x00205908    0x38  Data  Gb  nwk.o [3]
nwkNeighborAdd          0x0020a03d    0x4e  Code  Gb  nwk_util.o [3]
nwkNeighborCheckAddr    0x00209e93    0x4e  Code  Gb  nwk_util.o [3]
nwkNeighborFind         0x00209ced    0x32  Code  Gb  nwk_util.o [3]
nwkNeighborFindEmptySlot
                        0x00209d25    0x56  Code  Gb  nwk_util.o [3]
nwkNeighborFindRandom   0x00209ee3    0xfa  Code  Gb  nwk_util.o [3]
nwkNeighborGetLinkInfo  0x00209e53    0x40  Code  Gb  nwk_util.o [3]
nwkNeighborInitTable    0x00209cad    0x40  Code  Gb  nwk_util.o [3]
nwkNeighborKeepPANID    0x00209e1b    0x38  Code  Gb  nwk_util.o [3]
nwkNeighborRemove       0x00209d81    0x84  Code  Gb  nwk_util.o [3]
nwkNeighborUpdateNwkAddr
                        0x00209fdd    0x3c  Code  Gb  nwk_util.o [3]
nwkPanIdList            0x2000411c     0x4  Data  Lc  nwk_util.o [3]
nwkPollConfirmProcessing
                        0x002061e7    0x44  Code  Lc  nwk.o [3]
nwkSendMTOReq           0x20006ba3     0x1  Data  Gb  nwk.o [3]
nwkStateIdle            0x20006ba4     0x1  Data  Lc  nwk.o [3]
nwkStatus               0x20004070     0x1  Data  Gb  ZDApp.o [1]
nwk_BeaconFromNative    0x00206185    0x62  Code  Gb  nwk.o [3]
nwk_ExtPANIDValid       0x0020a091    0x1e  Code  Gb  nwk_util.o [3]
nwk_MacDataBuffersAdd   0x00203fbf   0x106  Code  Gb  nwk_bufs.o [3]
nwk_MacDataBuffersDealloc
                        0x002040c5    0x96  Code  Gb  nwk_bufs.o [3]
nwk_MacDataBuffersFull  0x00203f79    0x46  Code  Gb  nwk_bufs.o [3]
nwk_ScanJoiningOrphan   0x00205f71    0xcc  Code  Gb  nwk.o [3]
nwk_SendNextDataBuf     0x00203f4f    0x2a  Code  Gb  nwk_bufs.o [3]
nwk_Status              0x0020ae0d     0x2  Code  Gb  nwk_globals.o [1]
nwk_adjustDelay         0x0020ae0f    0x1e  Code  Gb  nwk_globals.o [1]
nwk_associate_cnf_processing
                        0x00205e4d    0xc6  Code  Lc  nwk.o [3]
nwk_beacon_notify_ind_processing
                        0x0020603d    0xc8  Code  Lc  nwk.o [3]
nwk_broadcastReceive    0x00204329    0x42  Code  Gb  nwk_bufs.o [3]
nwk_broadcastSend       0x002042e3    0x46  Code  Gb  nwk_bufs.o [3]
nwk_data_cnf_processing
                        0x00205a85    0x9a  Code  Lc  nwk.o [3]
nwk_data_ind_processing
                        0x00205bc9   0x22a  Code  Lc  nwk.o [3]
nwk_data_req_send       0x00205977    0x9e  Code  Gb  nwk.o [3]
nwk_desc_list_free      0x00206161    0x1a  Code  Gb  nwk.o [3]
nwk_event_loop          0x0020575f   0x1a4  Code  Gb  nwk.o [3]
nwk_getNetworkDesc      0x0020610d    0x4e  Code  Gb  nwk.o [3]
nwk_getNwkDescList      0x0020615b     0x6  Code  Gb  nwk.o [3]
nwk_globals_init        0x0020ad21     0x6  Code  Gb  nwk_globals.o [1]
nwk_indSendError        0x00205df9    0x54  Code  Lc  nwk.o [3]
nwk_init                0x00205729    0x36  Code  Gb  nwk.o [3]
nwk_process_dstAddr     0x00205b1f    0xaa  Code  Lc  nwk.o [3]
nwk_scan_cnf_processing
                        0x00205f13    0x5e  Code  Lc  nwk.o [3]
nwk_set_poll_evt        0x00205a5b    0x2a  Code  Gb  nwk.o [3]
nwk_stateIdle           0x0020622b     0x6  Code  Gb  nwk.o [3]
nwkbufs_init            0x00203f45     0xa  Code  Gb  nwk_bufs.o [3]
osalAddTimer            0x00203ca1    0x4a  Code  Gb  OSAL_Timers.o [1]
osalAdjustTimer         0x00211cc7    0x1c  Code  Gb  OSAL_Clock.o [1]
osalClockUpdate         0x00211c8d    0x3a  Code  Lc  OSAL_Clock.o [1]
osalInitTasks           0x00203e9d    0x42  Code  Gb  OSAL_GenericApp.o [1]
osalMemStat             0x20006b94     0x1  Data  Lc  OSAL_Memory.o [1]
osalTimerInit           0x00203c99     0x8  Code  Gb  OSAL_Timers.o [1]
osalTimerUpdate         0x00203db7    0xca  Code  Gb  OSAL_Timers.o [1]
osal_GetSystemClock     0x00203e81     0x6  Code  Gb  OSAL_Timers.o [1]
osal_buffer_uint24      0x00202587     0xe  Code  Gb  OSAL.o [1]
osal_buffer_uint32      0x00202575    0x12  Code  Gb  OSAL.o [1]
osal_build_uint32       0x00202061    0x3c  Code  Gb  OSAL.o [1]
osal_clear_event        0x00202491    0x22  Code  Gb  OSAL.o [1]
osal_get_timeoutEx      0x00203d85    0x32  Code  Gb  OSAL_Timers.o [1]
osal_init_system        0x002024d7    0x20  Code  Gb  OSAL.o [1]
osal_int_disable        0x002024c5    0x12  Code  Gb  OSAL.o [1]
osal_int_enable         0x002024b3    0x12  Code  Gb  OSAL.o [1]
osal_isbufset           0x00202595    0x24  Code  Gb  OSAL.o [1]
osal_mem_alloc          0x00202ce9    0xc8  Code  Gb  OSAL_Memory.o [1]
osal_mem_free           0x00202db1    0x56  Code  Gb  OSAL_Memory.o [1]
osal_mem_init           0x00202c91    0x24  Code  Gb  OSAL_Memory.o [1]
osal_mem_kick           0x00202cb5    0x34  Code  Gb  OSAL_Memory.o [1]
osal_memcmp             0x00202035    0x18  Code  Gb  OSAL.o [1]
osal_memcpy             0x00202025    0x10  Code  Gb  OSAL.o [1]
osal_memset             0x0020204d    0x14  Code  Gb  OSAL.o [1]
osal_msg_allocate       0x002021f1    0x24  Code  Gb  OSAL.o [1]
osal_msg_deallocate     0x00202215    0x1e  Code  Gb  OSAL.o [1]
osal_msg_dequeue        0x002023b9    0x32  Code  Gb  OSAL.o [1]
osal_msg_enqueue        0x00202385    0x34  Code  Gb  OSAL.o [1]
osal_msg_enqueue_max    0x0020242d    0x42  Code  Gb  OSAL.o [1]
osal_msg_extract        0x002023f3    0x3a  Code  Gb  OSAL.o [1]
osal_msg_find           0x0020234b    0x36  Code  Gb  OSAL.o [1]
osal_msg_receive        0x002022cd    0x7e  Code  Gb  OSAL.o [1]
osal_msg_send           0x00202233    0x7a  Code  Gb  OSAL.o [1]
osal_nv_delete          0x0021011f    0x84  Code  Gb  osal_nv.o [1]
osal_nv_init            0x0020fdcd     0x4  Code  Gb  osal_nv.o [1]
osal_nv_item_init       0x0020fdd1    0x44  Code  Gb  osal_nv.o [1]
osal_nv_item_len        0x0020fe15    0x4a  Code  Gb  osal_nv.o [1]
osal_nv_read            0x002100b9    0x66  Code  Gb  osal_nv.o [1]
osal_nv_write           0x0020fe5f   0x25a  Code  Gb  osal_nv.o [1]
osal_pwrmgr_init        0x00203e8d     0xa  Code  Gb  OSAL_PwrMgr.o [1]
osal_qHead              0x20006b44     0x4  Data  Gb  OSAL.o [1]
osal_rand               0x002021ed     0x4  Code  Gb  OSAL.o [1]
osal_run_system         0x002024ff    0x76  Code  Gb  OSAL.o [1]
osal_set_event          0x0020246f    0x22  Code  Gb  OSAL.o [1]
osal_start_reload_timer
                        0x00203d15    0x34  Code  Gb  OSAL_Timers.o [1]
osal_start_system       0x002024f7     0x8  Code  Gb  OSAL.o [1]
osal_start_timerEx      0x00203ceb    0x2a  Code  Gb  OSAL_Timers.o [1]
osal_stop_timerEx       0x00203d49    0x3c  Code  Gb  OSAL_Timers.o [1]
osal_strlen             0x00202021     0x4  Code  Gb  OSAL.o [1]
osal_systemClock        0x20006b00     0x4  Data  Lc  OSAL_Timers.o [1]
out                     0x0021159b    0x18  Code  Lc  xprintftiny.o [6]
pAPSDupRej              0x20004134     0x4  Data  Lc  APS.o [3]
pAPSF_IgnoreBlock       0x2000424c     0x4  Data  Gb  aps_frag.o [3]
pAPS_BindingTimeoutCB   0x20004130     0x4  Data  Gb  APS.o [3]
pAPS_DataConfirmReflect
                        0x20006a7c     0x4  Data  Gb  APS.o [3]
pAPS_DataIndReflect     0x20006a80     0x4  Data  Gb  APS.o [3]
pAPS_GetBind            0x20006a78     0x4  Data  Gb  APS.o [3]
pAPS_UnBind             0x20006a74     0x4  Data  Gb  APS.o [3]
pBindInitNV             0x200069d4     0x4  Data  Gb  BindingTable.o [1]
pBindRestoreFromNV      0x200069dc     0x4  Data  Gb  BindingTable.o [1]
pBindSetDefaultNV       0x200069d8     0x4  Data  Gb  BindingTable.o [1]
pBindWriteNV            0x200069e0     0x4  Data  Gb  BindingTable.o [1]
pFuncRxState            0x20006a0c     0x4  Data  Lc  mac_rx.o [1]
pMacDataTx              0x200041a0     0x4  Data  Gb  mac_beacon.o [4]
pNLME_NetworkFormationConfirm
                        0x20006ac8     0x4  Data  Gb  NLMEDE.o [3]
pNLME_ProcessLinkStatus
                        0x20006ab0     0x4  Data  Gb  nwk_util.o [3]
pNLME_SetLinkStatusTimer
                        0x20006aa8     0x4  Data  Gb  nwk_util.o [3]
pNLME_UpdateLinkStatus  0x20006aac     0x4  Data  Gb  nwk_util.o [3]
pNwkFreqAgilityIncErrorCnt
                        0x20006abc     0x4  Data  Gb  nwk_util.o [3]
pNwkFreqAgilityIncTotalTx
                        0x20006ab8     0x4  Data  Gb  nwk_util.o [3]
pNwkFreqAgilityScanCfg  0x20006ab4     0x4  Data  Gb  nwk_util.o [3]
pRandomSeedCB           0x20006ad8     0x4  Data  Lc  mac_mcu.o [1]
pRxBuf                  0x20006a10     0x4  Data  Lc  mac_rx.o [1]
pSspAesEncrypt          0x20006b3c     0x4  Data  Gb  hal_aes.o [1]
pZMac_AppCallback       0x20006b5c     0x4  Data  Gb  zmac_cb.o [1]
pbindAddEntry           0x200069c8     0x4  Data  Gb  BindingTable.o [1]
pbindNumOfEntries       0x200069cc     0x4  Data  Gb  BindingTable.o [1]
pbindRemoveDev          0x200069d0     0x4  Data  Gb  BindingTable.o [1]
pfnPreProcessDataReq    0x20006b60     0x4  Data  Lc  APSMEDE.o [3]
pgLost                  0x20004048     0xc  Data  Lc  osal_nv.o [1]
pgOff                   0x2000403c     0xc  Data  Lc  osal_nv.o [1]
pgRes                   0x20004034     0x1  Data  Lc  osal_nv.o [1]
pnwk_ScanJoiningOrphan  0x20006b80     0x4  Data  Gb  NLMEDE.o [3]
pnwk_ScanPANChanSelect  0x20006ac0     0x4  Data  Gb  NLMEDE.o [3]
pnwk_ScanPANChanVerify  0x20006ac4     0x4  Data  Gb  NLMEDE.o [3]
preBlinkState           0x20006b86     0x1  Data  Lc  hal_led.o [1]
prevAccumulatedOverflowCount
                        0x20006a58     0x4  Data  Lc  mac_mcu.o [1]
prevoverflowCount       0x20006a5c     0x4  Data  Lc  mac_mcu.o [1]
procRx                  0x0020903d    0x44  Code  Lc  hal_uart.o [1]
procTx                  0x00209081    0x30  Code  Lc  hal_uart.o [1]
pulStack                0x20005a84   0x800  Data  Lc  startup_ewarm.o [1]
pwrmgr_attribute        0x20006af4     0x8  Data  Gb  OSAL_PwrMgr.o [1]
readHdr                 0x0020fa69    0x34  Code  Lc  osal_nv.o [1]
recRst                  0x00209023    0x1a  Code  Lc  hal_uart.o [1]
reflectID               0x20004251     0x1  Data  Lc  reflecttrack.o [3]
reflectMAXEntries       0x20004250     0x1  Data  Lc  reflecttrack.o [3]
reflectMAXIndirects     0x20004282     0x1  Data  Lc  reflecttrack.o [3]
reflectMAXSimultaneous  0x20004281     0x1  Data  Lc  reflecttrack.o [3]
reflectTrack_AddNewEntry
                        0x0020d78f    0x64  Code  Gb  reflecttrack.o [3]
reflectTrack_FindHandle
                        0x0020d7f3    0x2a  Code  Gb  reflecttrack.o [3]
reflectTrack_GetNewEntry
                        0x0020d765    0x2a  Code  Gb  reflecttrack.o [3]
reflectTrack_RemoveEntryNotify
                        0x002067e9    0x48  Code  Gb  APS.o [3]
reflectTrack_UpdateOption
                        0x0020d81d    0x2e  Code  Gb  reflecttrack.o [3]
reflectTrackingHdr      0x20004254     0x4  Data  Lc  reflecttrack.o [3]
reflectTracking_GetMaxIndirectAdjusted
                        0x0020d739    0x2c  Code  Gb  reflecttrack.o [3]
reflectTracking_GetMaxSimultaneousAdjusted
                        0x0020d70d    0x2c  Code  Gb  reflecttrack.o [3]
registeredKeysTaskID    0x2000426c     0x1  Data  Lc  OnBoard.o [1]
reqChannel              0x20006b42     0x1  Data  Lc  mac_radio.o [1]
reqTxPower              0x20006b43     0x1  Data  Lc  mac_radio.o [1]
retryCnt                0x20004074     0x1  Data  Gb  ZDApp.o [1]
rreqCounter             0x20006ba1     0x1  Data  Gb  rtg.o [3]
rtDiscTable             0x20006800    0x50  Data  Gb  nwk_globals.o [1]
rtgIsValidNeighbor      0x0020b579    0x48  Code  Lc  rtg.o [3]
rtgSrcRelayList         0x20006a14    0x18  Data  Gb  nwk_globals.o [1]
rtgTable                0x20006480   0x140  Data  Gb  nwk_globals.o [1]
rxAddrIsr               0x00204ee9    0xb8  Code  Lc  mac_rx.o [1]
rxBuf                   0x200069fc     0x4  Data  Lc  mac_rx.o [1]
rxDiscardFrame          0x002050f1    0x5c  Code  Lc  mac_rx.o [1]
rxDiscardIsr            0x0020514d    0x62  Code  Lc  mac_rx.o [1]
rxFcsIsr                0x00204fe5    0xee  Code  Lc  mac_rx.o [1]
rxFifoOverflowCount     0x20006a0a     0x1  Data  Lc  mac_rx.o [1]
rxFilter                0x20006a06     0x1  Data  Lc  mac_rx.o [1]
rxHaltCleanupFinalStep  0x00204b21    0x6a  Code  Lc  mac_rx.o [1]
rxIsrActiveFlag         0x20006a08     0x1  Data  Lc  mac_rx.o [1]
rxMsgCount              0x2000402a     0x2  Data  Lc  GenericApp.o [1]
rxNextLen               0x20006a04     0x1  Data  Lc  mac_rx.o [1]
rxPayloadIsr            0x00204fa1    0x44  Code  Lc  mac_rx.o [1]
rxPayloadLen            0x20006a05     0x1  Data  Lc  mac_rx.o [1]
rxPromiscuousMode       0x20006a07     0x1  Data  Lc  mac_rx.o [1]
rxResetFlag             0x20006a09     0x1  Data  Lc  mac_rx.o [1]
rxStartIsr              0x00204bb1   0x338  Code  Lc  mac_rx.o [1]
rxUnreadLen             0x20006a03     0x1  Data  Lc  mac_rx.o [1]
sAddrCmp                0x0020343b    0x46  Code  Gb  saddr.o [1]
sAddrCpy                0x00203487    0x14  Code  Gb  saddr.o [1]
sAddrExtCmp             0x0020349b    0x26  Code  Gb  saddr.o [1]
sAddrExtCpy             0x002034c7     0x6  Code  Gb  saddr.o [1]
s_bcMask                0x20006b9e     0x1  Data  Lc  nwk_util.o [3]
saveExtAddr             0x20004120     0x8  Data  Gb  nwk_util.o [3]
savedResponseRate       0x20006b8a     0x2  Data  Gb  NLMEDE.o [3]
setItem                 0x0020f9cb    0x70  Code  Lc  osal_nv.o [1]
sprintf                 0x002105c5    0x34  Code  Gb  sprintf.o [6]
sspAesEncryptHW         0x00208b05    0x1c  Code  Gb  hal_aes.o [1]
sspMMOHash              0x00211199   0x1b4  Code  Gb  ssp_hash.o [3]
ssp_HW_KeyInit          0x00208afd     0x6  Code  Gb  hal_aes.o [1]
strcat                  0x00203c7d    0x1c  Code  Gb  strcat.o [6]
strlen                  0x00203add          Code  Gb  strlen.o [8]
tasksArr                0x00212020    0x1c  Data  Gb  OSAL_GenericApp.o [1]
tasksCnt                0x0021203c     0x1  Data  Gb  OSAL_GenericApp.o [1]
tasksEvents             0x20006b48     0x4  Data  Gb  OSAL_GenericApp.o [1]
theHeap                 0x20004284  0x1800  Data  Lc  OSAL_Memory.o [1]
timeMSec                0x20006aec     0x4  Data  Lc  OSAL_Clock.o [1]
timerAlignedQ           0x200041b4     0x4  Data  Gb  mac_beacon.o [4]
timerHead               0x20006afc     0x4  Data  Gb  OSAL_Timers.o [1]
timerUnalignedQ         0x200041b0     0x4  Data  Gb  mac_beacon.o [4]
txAckReq                0x20006ae2     0x1  Data  Lc  mac_tx.o [1]
txComplete              0x002031ab    0x22  Code  Lc  mac_tx.o [1]
txCsmaPrep              0x00202f6d    0x2a  Code  Lc  mac_tx.o [1]
txMT                    0x20006b8e     0x1  Data  Lc  hal_uart.o [1]
txMsgDelay              0x20004030     0x4  Data  Lc  GenericApp.o [1]
txRetransmitFlag        0x20006ae3     0x1  Data  Lc  mac_tx.o [1]
txSeqn                  0x20006ae1     0x1  Data  Lc  mac_tx.o [1]
uartRecord              0x20006974    0x2c  Data  Lc  hal_uart.o [1]
uart_callback           0x002080ad     0x2  Code  Lc  GenericApp.o [1]
uart_put_byte_array     0x0020f207     0x4  Code  Gb  debug.o [1]
uart_put_string         0x0020f1f5    0x12  Code  Gb  debug.o [1]
uart_put_string_value   0x0020f211    0x42  Code  Gb  debug.o [1]
ucMainRXID              0x2000402c     0x4  Data  Gb  GenericApp.o [1]
updateRolloverflag      0x20006a54     0x1  Data  Lc  mac_mcu.o [1]
writeBuf                0x0020fa9d    0xc8  Code  Lc  osal_nv.o [1]
writeItem               0x0020fc43   0x146  Code  Lc  osal_nv.o [1]
xferBuf                 0x0020fb65    0xde  Code  Lc  osal_nv.o [1]
zdoCBFunc               0x20004078    0x24  Data  Gb  ZDApp.o [1]
zdoDiscCounter          0x2000406c     0x1  Data  Gb  ZDApp.o [1]
zdoMsgCBs               0x20006b54     0x4  Data  Gb  ZDProfile.o [1]
zdoSendStateChangeMsg   0x0020dc7d    0x3e  Code  Lc  ZDObject.o [1]
zdpExternalStateTaskID  0x20004258     0x2  Data  Gb  ZDObject.o [1]
zdpMsgProcs             0x0020e9c4    0x38  Data  Gb  ZDProfile.o [1]
zdpProcessAddrReq       0x0020e50d    0xb8  Code  Gb  ZDProfile.o [1]
zgApsAckWaitMultiplier  0x2000427b     0x1  Data  Gb  ZGlobals.o [1]
zgApsAllowR19Sec        0x20006b9c     0x1  Data  Gb  ZGlobals.o [1]
zgApsLinkKeyType        0x2000427f     0x1  Data  Gb  ZGlobals.o [1]
zgApsMinDupRejTableSize
                        0x20004266     0x2  Data  Gb  ZGlobals.o [1]
zgApsNonMemberRadius    0x2000427d     0x1  Data  Gb  ZGlobals.o [1]
zgApsTrustCenterAddr    0x20006b04     0x8  Data  Gb  ZGlobals.o [1]
zgApsUseExtendedPANID   0x20006b14     0x8  Data  Gb  ZGlobals.o [1]
zgApsUseInsecureJoin    0x2000427c     0x1  Data  Gb  ZGlobals.o [1]
zgApscAckWaitDurationPolled
                        0x20004262     0x2  Data  Gb  ZGlobals.o [1]
zgApscDupRejTimeoutCount
                        0x2000427e     0x1  Data  Gb  ZGlobals.o [1]
zgApscDupRejTimeoutInc  0x20004264     0x2  Data  Gb  ZGlobals.o [1]
zgApscMaxFrameRetries   0x2000427a     0x1  Data  Gb  ZGlobals.o [1]
zgBcastDeliveryTime     0x20004278     0x1  Data  Gb  ZGlobals.o [1]
zgChildAgingEnable      0x20006b99     0x1  Data  Gb  ZGlobals.o [1]
zgConcentratorDiscoveryTime
                        0x20006b97     0x1  Data  Gb  ZGlobals.o [1]
zgConcentratorEnable    0x20006b96     0x1  Data  Gb  ZGlobals.o [1]
zgConcentratorRC        0x20006b98     0x1  Data  Gb  ZGlobals.o [1]
zgConcentratorRadius    0x20004279     0x1  Data  Gb  ZGlobals.o [1]
zgConfigPANID           0x20004268     0x2  Data  Gb  ZGlobals.o [1]
zgDefaultChannelList    0x20004114     0x4  Data  Gb  ZGlobals.o [1]
zgDefaultStartingScanDuration
                        0x20004270     0x1  Data  Gb  ZGlobals.o [1]
zgDeviceLogicalType     0x20004280     0x1  Data  Gb  ZGlobals.o [1]
zgExtendedPANID         0x20006b0c     0x8  Data  Gb  ZGlobals.o [1]
zgIndirectMsgTimeout    0x20004272     0x1  Data  Gb  ZGlobals.o [1]
zgInit                  0x0020f255    0xa4  Code  Gb  ZGlobals.o [1]
zgInitItems             0x0020f2f9    0x52  Code  Gb  ZGlobals.o [1]
zgItemTable             0x0020f398     0x8  Data  Lc  ZGlobals.o [1]
zgMaxBcastRetires       0x20004276     0x1  Data  Gb  ZGlobals.o [1]
zgMaxDataRetries        0x2000426e     0x1  Data  Gb  ZGlobals.o [1]
zgMaxPollFailureRetries
                        0x2000426f     0x1  Data  Gb  ZGlobals.o [1]
zgPassiveAckTimeout     0x20004277     0x1  Data  Gb  ZGlobals.o [1]
zgPollRate              0x2000425a     0x2  Data  Gb  ZGlobals.o [1]
zgPreConfigKeys         0x20006b9a     0x1  Data  Gb  ZGlobals.o [1]
zgQueuedPollRate        0x2000425c     0x2  Data  Gb  ZGlobals.o [1]
zgRejoinPollRate        0x20004260     0x2  Data  Gb  ZGlobals.o [1]
zgResponsePollRate      0x2000425e     0x2  Data  Gb  ZGlobals.o [1]
zgRouteDiscoveryTime    0x20004274     0x1  Data  Gb  ZGlobals.o [1]
zgRouteExpiryTime       0x20004275     0x1  Data  Gb  ZGlobals.o [1]
zgSecurityMode          0x20004273     0x1  Data  Gb  ZGlobals.o [1]
zgStackProfile          0x20004271     0x1  Data  Gb  ZGlobals.o [1]
zgUseDefaultTCLK        0x20006b9b     0x1  Data  Gb  ZGlobals.o [1]
zgWriteStartupOptions   0x0020f359    0x3e  Code  Gb  ZGlobals.o [1]
zmacCBSizeTable         0x00202804    0x14  Data  Gb  zmac_cb.o [1]
zmain_ext_addr          0x00211b61    0xe8  Code  Lc  ZMain.o [1]


[1] = C:\Users\Thaonguyen\Desktop\CodeSample\Light_sensor\Z-Stack Mesh 1.0.0 ZED\Projects\zstack\Samples\GenericApp\CC2538\EndDevice\Obj
[2] = command line
[3] = EndDevice.a
[4] = TIMAC-CC2538.a
[5] = bsp.lib
[6] = dl7M_tln.a
[7] = m7M_tl.a
[8] = rt7M_tl.a
[9] = sdriverlib.lib
[10] = shb_l.a

  73 046 bytes of readonly  code memory
     928 bytes of readonly  data memory
  11 172 bytes of readwrite data memory (+ 12 288 absolute)

Errors: none
Warnings: none
