Archive member included because of file (symbol)

D:/OneDrive/outsource/smartfarm_hosco/FW/fw_smf_wifi/Packet/Espressif/sdk/lib\libmain.a(debug-vector.o)
                              (_DebugExceptionVector)
D:/OneDrive/outsource/smartfarm_hosco/FW/fw_smf_wifi/Packet/Espressif/sdk/lib\libmain.a(double-vector.o)
                              (_DoubleExceptionVector)
D:/OneDrive/outsource/smartfarm_hosco/FW/fw_smf_wifi/Packet/Espressif/sdk/lib\libmain.a(kernel-vector.o)
                              (_KernelExceptionVector)
D:/OneDrive/outsource/smartfarm_hosco/FW/fw_smf_wifi/Packet/Espressif/sdk/lib\libmain.a(nmi-vector.o)
                              (_NMIExceptionVector)
D:/OneDrive/outsource/smartfarm_hosco/FW/fw_smf_wifi/Packet/Espressif/sdk/lib\libmain.a(user-vector.o)
                              (_UserExceptionVector)
D:/OneDrive/outsource/smartfarm_hosco/FW/fw_smf_wifi/Packet/Espressif/sdk/lib\libmain.a(vector.o)
                              (call_user_start)
D:/OneDrive/outsource/smartfarm_hosco/FW/fw_smf_wifi/Packet/Espressif/sdk/lib\libmain.a(app_main.o)
                              D:/OneDrive/outsource/smartfarm_hosco/FW/fw_smf_wifi/Packet/Espressif/sdk/lib\libmain.a(nmi-vector.o) (NMI_Handler)
D:/OneDrive/outsource/smartfarm_hosco/FW/fw_smf_wifi/Packet/Espressif/sdk/lib\libmain.a(ets_timer.o)
                              D:/OneDrive/outsource/smartfarm_hosco/FW/fw_smf_wifi/Packet/Espressif/sdk/lib\libmain.a(app_main.o) (ets_timer_setfn)
D:/OneDrive/outsource/smartfarm_hosco/FW/fw_smf_wifi/Packet/Espressif/sdk/lib\libmain.a(mem_manager.o)
                              D:/OneDrive/outsource/smartfarm_hosco/FW/fw_smf_wifi/Packet/Espressif/sdk/lib\libmain.a(app_main.o) (pvPortMalloc)
D:/OneDrive/outsource/smartfarm_hosco/FW/fw_smf_wifi/Packet/Espressif/sdk/lib\libmain.a(spi_flash.o)
                              D:/OneDrive/outsource/smartfarm_hosco/FW/fw_smf_wifi/Packet/Espressif/sdk/lib\libmain.a(app_main.o) (spi_flash_read)
D:/OneDrive/outsource/smartfarm_hosco/FW/fw_smf_wifi/Packet/Espressif/sdk/lib\libmain.a(user_interface.o)
                              D:/OneDrive/outsource/smartfarm_hosco/FW/fw_smf_wifi/Packet/Espressif/sdk/lib\libmain.a(app_main.o) (done_cb)
D:/OneDrive/outsource/smartfarm_hosco/FW/fw_smf_wifi/Packet/Espressif/sdk/lib\libmain.a(eagle_lib.o)
                              D:/OneDrive/outsource/smartfarm_hosco/FW/fw_smf_wifi/Packet/Espressif/sdk/lib\libmain.a(user_interface.o) (ets_sprintf)
D:/OneDrive/outsource/smartfarm_hosco/FW/fw_smf_wifi/Packet/Espressif/sdk/lib\libmain.a(eagle_lwip_if.o)
                              D:/OneDrive/outsource/smartfarm_hosco/FW/fw_smf_wifi/Packet/Espressif/sdk/lib\libmain.a(user_interface.o) (hostname)
D:/OneDrive/outsource/smartfarm_hosco/FW/fw_smf_wifi/Packet/sming3/Sming/compiler/lib/\libsming.a(crash_handler.o)
                              D:/OneDrive/outsource/smartfarm_hosco/FW/fw_smf_wifi/Packet/Espressif/sdk/lib\libmain.a(app_main.o) (__wrap_system_restart_local)
D:/OneDrive/outsource/smartfarm_hosco/FW/fw_smf_wifi/Packet/sming3/Sming/compiler/lib/\libsming.a(user_main.o)
                              D:/OneDrive/outsource/smartfarm_hosco/FW/fw_smf_wifi/Packet/Espressif/sdk/lib\libmain.a(app_main.o) (user_init)
D:/OneDrive/outsource/smartfarm_hosco/FW/fw_smf_wifi/Packet/sming3/Sming/compiler/lib/\libsming.a(System.o)
                              D:/OneDrive/outsource/smartfarm_hosco/FW/fw_smf_wifi/Packet/sming3/Sming/compiler/lib/\libsming.a(user_main.o) (SystemClass::initialize())
D:/OneDrive/outsource/smartfarm_hosco/FW/fw_smf_wifi/Packet/sming3/Sming/compiler/lib/\libsming.a(gdbstub.o)
                              D:/OneDrive/outsource/smartfarm_hosco/FW/fw_smf_wifi/Packet/sming3/Sming/compiler/lib/\libsming.a(user_main.o) (gdbstub_init)
D:/OneDrive/outsource/smartfarm_hosco/FW/fw_smf_wifi/Packet/sming3/Sming/compiler/lib/\libsming.a(esp_cplusplus.o)
                              D:/OneDrive/outsource/smartfarm_hosco/FW/fw_smf_wifi/Packet/sming3/Sming/compiler/lib/\libsming.a(user_main.o) (cpp_core_initialize)
D:/OneDrive/outsource/smartfarm_hosco/FW/fw_smf_wifi/Packet/sming3/Sming/compiler/lib/\libsming.a(IPAddress.o)
                              D:/OneDrive/outsource/smartfarm_hosco/FW/fw_smf_wifi/Packet/sming3/Sming/compiler/lib/\libsming.a(user_main.o) (IPAddress::IPAddress(unsigned char, unsigned char, unsigned char, unsigned char))
D:/OneDrive/outsource/smartfarm_hosco/FW/fw_smf_wifi/Packet/sming3/Sming/compiler/lib/\libsming.a(Interrupts.o)
                              D:/OneDrive/outsource/smartfarm_hosco/FW/fw_smf_wifi/Packet/sming3/Sming/compiler/lib/\libsming.a(System.o) (noInterrupts())
D:/OneDrive/outsource/smartfarm_hosco/FW/fw_smf_wifi/Packet/sming3/Sming/compiler/lib/\libsming.a(Digital.o)
                              D:/OneDrive/outsource/smartfarm_hosco/FW/fw_smf_wifi/Packet/sming3/Sming/compiler/lib/\libsming.a(Interrupts.o) (pinMode(unsigned short, unsigned char))
[...]
Memory Configuration

Name             Origin             Length             Attributes
dport0_0_seg     0x3ff00000         0x00000010
dram0_0_seg      0x3ffe8000         0x00014000
iram1_0_seg      0x40100000         0x0000b000
irom0_0_seg      0x4020c000         0x000f4000
*default*        0x00000000         0xffffffff

Linker script and memory map

START GROUP
LOAD D:/OneDrive/outsource/smartfarm_hosco/FW/fw_smf_wifi/Packet/sming3/Sming/compiler/lib/\libmicroc.a
LOAD D:/OneDrive/outsource/smartfarm_hosco/FW/fw_smf_wifi/Packet/sming3/Sming/compiler/lib/\libmicrogcc.a
LOAD d:/onedrive/outsource/smartfarm_hosco/fw/fw_smf_wifi/packet/espressif/xtensa-lx106-elf/bin/../lib/gcc/xtensa-lx106-elf/5.1.0/../../../../xtensa-lx106-elf/lib\libhal.a
LOAD D:/OneDrive/outsource/smartfarm_hosco/FW/fw_smf_wifi/Packet/Espressif/sdk/lib\libphy.a
LOAD D:/OneDrive/outsource/smartfarm_hosco/FW/fw_smf_wifi/Packet/Espressif/sdk/lib\libpp.a
LOAD D:/OneDrive/outsource/smartfarm_hosco/FW/fw_smf_wifi/Packet/Espressif/sdk/lib\libnet80211.a
LOAD D:/OneDrive/outsource/smartfarm_hosco/FW/fw_smf_wifi/Packet/Espressif/sdk/lib\liblwip.a
LOAD D:/OneDrive/outsource/smartfarm_hosco/FW/fw_smf_wifi/Packet/Espressif/sdk/lib\libwpa.a
LOAD D:/OneDrive/outsource/smartfarm_hosco/FW/fw_smf_wifi/Packet/Espressif/sdk/lib\libmain.a
LOAD D:/OneDrive/outsource/smartfarm_hosco/FW/fw_smf_wifi/Packet/sming3/Sming/compiler/lib/\libsming.a
LOAD D:/OneDrive/outsource/smartfarm_hosco/FW/fw_smf_wifi/Packet/Espressif/sdk/lib\libcrypto.a
LOAD D:/OneDrive/outsource/smartfarm_hosco/FW/fw_smf_wifi/Packet/Espressif/sdk/lib\libpwm.a
LOAD D:/OneDrive/outsource/smartfarm_hosco/FW/fw_smf_wifi/Packet/Espressif/sdk/lib\libsmartconfig.a
LOAD Release/build/app_app.a
END GROUP
                0x40000000                PROVIDE (_memmap_vecbase_reset, 0x40000000)
                0x00000110                _memmap_cacheattr_wb_base = 0x110
                0x00000110                _memmap_cacheattr_wt_base = 0x110
                0x00000220                _memmap_cacheattr_bp_base = 0x220
                0xfffff00f                _memmap_cacheattr_unused_mask = 0xfffff00f
                0x2222211f                _memmap_cacheattr_wb_trapnull = 0x2222211f
                0x2222211f                _memmap_cacheattr_wba_trapnull = 0x2222211f
                0x2222211f                _memmap_cacheattr_wbna_trapnull = 0x2222211f
                0x2222211f                _memmap_cacheattr_wt_trapnull = 0x2222211f
                0x2222222f                _memmap_cacheattr_bp_trapnull = 0x2222222f
                0xfffff11f                _memmap_cacheattr_wb_strict = 0xfffff11f
                0xfffff11f                _memmap_cacheattr_wt_strict = 0xfffff11f
                0xfffff22f                _memmap_cacheattr_bp_strict = 0xfffff22f
                0x22222112                _memmap_cacheattr_wb_allvalid = 0x22222112
                0x22222112                _memmap_cacheattr_wt_allvalid = 0x22222112
                0x22222222                _memmap_cacheattr_bp_allvalid = 0x22222222
                0x2222211f                PROVIDE (_memmap_cacheattr_reset, _memmap_cacheattr_wb_trapnull)

.dport0.rodata  0x3ff00000        0x0
                0x3ff00000                _dport0_rodata_start = ABSOLUTE (.)
 *(.dport0.rodata)
 *(.dport.rodata)
                0x3ff00000                _dport0_rodata_end = ABSOLUTE (.)

.dport0.literal
                0x3ff00000        0x0
                0x3ff00000                _dport0_literal_start = ABSOLUTE (.)
 *(.dport0.literal)
 *(.dport.literal)
                0x3ff00000                _dport0_literal_end = ABSOLUTE (.)

.dport0.data    0x3ff00000        0x0
                0x3ff00000                _dport0_data_start = ABSOLUTE (.)
 *(.dport0.data)
 *(.dport.data)
                0x3ff00000                _dport0_data_end = ABSOLUTE (.)

.data           0x3ffe8000      0x3b0
                0x3ffe8000                _data_start = ABSOLUTE (.)
 *(.data)
 .data          0x3ffe8000        0x4 D:/OneDrive/outsource/smartfarm_hosco/FW/fw_smf_wifi/Packet/Espressif/sdk/lib\libmain.a(nmi-vector.o)
                0x3ffe8000                _Pri_3_HandlerAddress
 .data          0x3ffe8004        0x1 D:/OneDrive/outsource/smartfarm_hosco/FW/fw_smf_wifi/Packet/Espressif/sdk/lib\libmain.a(app_main.o)
 *fill*         0x3ffe8005        0x3 
 .data          0x3ffe8008        0x6 D:/OneDrive/outsource/smartfarm_hosco/FW/fw_smf_wifi/Packet/Espressif/sdk/lib\libmain.a(user_interface.o)
                0x3ffe8009                timer2_ms_flag
                0x3ffe800a                dhcps_flag
                0x3ffe800b                dhcpc_flag
                0x3ffe800d                reconnect_internal
 *fill*         0x3ffe800e        0x2 
 .data          0x3ffe8010        0x1 D:/OneDrive/outsource/smartfarm_hosco/FW/fw_smf_wifi/Packet/Espressif/sdk/lib\libmain.a(eagle_lwip_if.o)
                0x3ffe8010                default_hostname
 *fill*         0x3ffe8011        0xf 
 .data          0x3ffe8020       0x53 D:/OneDrive/outsource/smartfarm_hosco/FW/fw_smf_wifi/Packet/Espressif/sdk/lib\libphy.a(phy_chip_v6.o)
                0x3ffe8022                tx_rf_ana_gain
                0x3ffe8050                rx_gain_swp
                0x3ffe8070                test_rffreq_txcap
 *fill*         0x3ffe8073        0x1 
 .data          0x3ffe8074        0x4 D:/OneDrive/outsource/smartfarm_hosco/FW/fw_smf_wifi/Packet/Espressif/sdk/lib\libphy.a(phy_sleep.o)
                0x3ffe8074                chip_version
 .data          0x3ffe8078        0x1 D:/OneDrive/outsource/smartfarm_hosco/FW/fw_smf_wifi/Packet/Espressif/sdk/lib\libpp.a(pm.o)
 *fill*         0x3ffe8079        0x3 
 .data          0x3ffe807c        0x1 D:/OneDrive/outsource/smartfarm_hosco/FW/fw_smf_wifi/Packet/Espressif/sdk/lib\libpp.a(pm_for_bcn_only_mode.o)
 *fill*         0x3ffe807d        0x3 
 .data          0x3ffe8080       0x1c D:/OneDrive/outsource/smartfarm_hosco/FW/fw_smf_wifi/Packet/Espressif/sdk/lib\libpp.a(pp.o)
                0x3ffe8080                soft_wdt_interval
                0x3ffe8084                NoiseTimerInterval
                0x3ffe808c                sleep_start_wait_time
                0x3ffe8094                CanDoFreqCal
                0x3ffe8098                tcb
 *fill*         0x3ffe809c        0x4 
 .data          0x3ffe80a0       0x40 D:/OneDrive/outsource/smartfarm_hosco/FW/fw_smf_wifi/Packet/Espressif/sdk/lib\libpp.a(rate_control.o)
 .data          0x3ffe80e0      0x24c D:/OneDrive/outsource/smartfarm_hosco/FW/fw_smf_wifi/Packet/Espressif/sdk/lib\libpp.a(trc.o)
 .data          0x3ffe832c        0x8 D:/OneDrive/outsource/smartfarm_hosco/FW/fw_smf_wifi/Packet/Espressif/sdk/lib\libpp.a(wdev.o)
 .data          0x3ffe8334        0x1 D:/OneDrive/outsource/smartfarm_hosco/FW/fw_smf_wifi/Packet/Espressif/sdk/lib\libnet80211.a(ieee80211_hostap.o)
                0x3ffe8334                TmpSTAAPCloseAP
 *fill*         0x3ffe8335        0x3 
 .data          0x3ffe8338        0x1 D:/OneDrive/outsource/smartfarm_hosco/FW/fw_smf_wifi/Packet/Espressif/sdk/lib\libnet80211.a(wl_cnx.o)
 *fill*         0x3ffe8339        0x7 
 .data          0x3ffe8340       0x1c D:/OneDrive/outsource/smartfarm_hosco/FW/fw_smf_wifi/Packet/Espressif/sdk/lib\libnet80211.a(ieee80211_action.o)
 .data          0x3ffe835c        0x4 D:/OneDrive/outsource/smartfarm_hosco/FW/fw_smf_wifi/Packet/Espressif/sdk/lib\liblwip.a(dhcp.o)
 .data          0x3ffe8360        0x5 D:/OneDrive/outsource/smartfarm_hosco/FW/fw_smf_wifi/Packet/Espressif/sdk/lib\liblwip.a(dhcpserver.o)
                0x3ffe8360                dhcps_lease_time
 *fill*         0x3ffe8365        0x3 
 .data          0x3ffe8368        0x8 D:/OneDrive/outsource/smartfarm_hosco/FW/fw_smf_wifi/Packet/Espressif/sdk/lib\liblwip.a(tcp.o)
 .data          0x3ffe8370        0xe D:/OneDrive/outsource/smartfarm_hosco/FW/fw_smf_wifi/Packet/Espressif/sdk/lib\libsmartconfig.a(sc_sniffer.o)
                0x3ffe8370                g_SC_Select
                0x3ffe8378                ET_Group_bssid
 *fill*         0x3ffe837e        0x2 
 .data          0x3ffe8380        0x1 D:/OneDrive/outsource/smartfarm_hosco/FW/fw_smf_wifi/Packet/Espressif/sdk/lib\libsmartconfig.a(sc_esptouch.o)
                0x3ffe8380                g_ET_TimeOut
 *(.data.*)
 *fill*         0x3ffe8381        0x3 
 .data.__MqttConfig
                0x3ffe8384       0x2c Release/build/app_app.a(MQTTClient.o)
                0x3ffe8384                __MqttConfig
 *(.gnu.linkonce.d.*)
 *(.data1)
 *(.sdata)
 *(.sdata.*)
 *(.gnu.linkonce.s.*)
 *(.sdata2)
 *(.sdata2.*)
 *(.gnu.linkonce.s2.*)
 *(.jcr)
                0x3ffe83b0                _data_end = ABSOLUTE (.)

.rodata         0x3ffe83b0      0xfbc
                0x3ffe83b0                _rodata_start = ABSOLUTE (.)
 *(.sdk.version)
 .sdk.version   0x3ffe83b0       0x10 D:/OneDrive/outsource/smartfarm_hosco/FW/fw_smf_wifi/Packet/Espressif/sdk/lib\libmain.a(app_main.o)
                0x3ffe83b0                SDK_VERSION
 *(.rodata)
 .rodata        0x3ffe83c0       0x34 D:/OneDrive/outsource/smartfarm_hosco/FW/fw_smf_wifi/Packet/sming3/Sming/compiler/lib/\libsming.a(gdbstub.o)
 .rodata        0x3ffe83f4        0x8 D:/OneDrive/outsource/smartfarm_hosco/FW/fw_smf_wifi/Packet/Espressif/sdk/lib\libphy.a(phy_chip_v6.o)
 .rodata        0x3ffe83fc        0x4 D:/OneDrive/outsource/smartfarm_hosco/FW/fw_smf_wifi/Packet/Espressif/sdk/lib\libpp.a(pp.o)
 .rodata        0x3ffe8400        0x8 D:/OneDrive/outsource/smartfarm_hosco/FW/fw_smf_wifi/Packet/Espressif/sdk/lib\libnet80211.a(ieee80211_hostap.o)
 .rodata        0x3ffe8408        0x9 D:/OneDrive/outsource/smartfarm_hosco/FW/fw_smf_wifi/Packet/Espressif/sdk/lib\libnet80211.a(ieee80211_output.o)
 *fill*         0x3ffe8411        0x3 
 .rodata        0x3ffe8414        0x6 D:/OneDrive/outsource/smartfarm_hosco/FW/fw_smf_wifi/Packet/Espressif/sdk/lib\liblwip.a(etharp.o)
                0x3ffe8414                ethbroadcast
 *fill*         0x3ffe841a        0x6 
 .rodata        0x3ffe8420        0x7 D:/OneDrive/outsource/smartfarm_hosco/FW/fw_smf_wifi/Packet/Espressif/sdk/lib\libsmartconfig.a(sc_sniffer.o)
                0x3ffe8420                SC_VERSION
 *fill*         0x3ffe8427        0x1 
 .rodata        0x3ffe8428        0x8 D:/OneDrive/outsource/smartfarm_hosco/FW/fw_smf_wifi/Packet/Espressif/sdk/lib\libsmartconfig.a(sc_airkiss.o)
                0x3ffe8428                RSSI_BEAR
                0x3ffe8429                DATA_RSSI_BEAR
                0x3ffe842a                RSSI_MIN
 *(.rodata.*)
 .rodata.str1.4
                0x3ffe8430        0xc D:/OneDrive/outsource/smartfarm_hosco/FW/fw_smf_wifi/Packet/Espressif/sdk/lib\libmain.a(app_main.o)
 .rodata.str1.4
                0x3ffe843c        0x4 D:/OneDrive/outsource/smartfarm_hosco/FW/fw_smf_wifi/Packet/Espressif/sdk/lib\libmain.a(ets_timer.o)
                                  0xc (size before relaxing)
 .rodata.str1.4
                0x3ffe8440       0x1a D:/OneDrive/outsource/smartfarm_hosco/FW/fw_smf_wifi/Packet/Espressif/sdk/lib\libmain.a(mem_manager.o)
 .rodata.str1.1
                0x3ffe845a       0xe2 D:/OneDrive/outsource/smartfarm_hosco/FW/fw_smf_wifi/Packet/sming3/Sming/compiler/lib/\libsming.a(crash_handler.o)
                                0x124 (size before relaxing)
 .rodata._ZL14EspDigitalPins
                0x3ffe853c       0xc0 D:/OneDrive/outsource/smartfarm_hosco/FW/fw_smf_wifi/Packet/sming3/Sming/compiler/lib/\libsming.a(user_main.o)
 .rodata._ZTV6VectorI8DelegateIFvvEEE
                0x3ffe85fc       0x1c D:/OneDrive/outsource/smartfarm_hosco/FW/fw_smf_wifi/Packet/sming3/Sming/compiler/lib/\libsming.a(System.o)
                0x3ffe85fc                vtable for Vector<Delegate<void ()> >
 .rodata._ZTV6VectorIP19ISystemReadyHandlerE
                0x3ffe8618       0x1c D:/OneDrive/outsource/smartfarm_hosco/FW/fw_smf_wifi/Packet/sming3/Sming/compiler/lib/\libsming.a(System.o)
                0x3ffe8618                vtable for Vector<ISystemReadyHandler*>
 .rodata.str1.1
                0x3ffe8634      0x157 D:/OneDrive/outsource/smartfarm_hosco/FW/fw_smf_wifi/Packet/sming3/Sming/compiler/lib/\libsming.a(gdbstub.o)
                                0x19b (size before relaxing)
 *fill*         0x3ffe878b        0x1 
 .rodata._ZTV9IPAddress
                0x3ffe878c        0xc D:/OneDrive/outsource/smartfarm_hosco/FW/fw_smf_wifi/Packet/sming3/Sming/compiler/lib/\libsming.a(IPAddress.o)
                0x3ffe878c                vtable for IPAddress
 .rodata.CSWTCH$10
                0x3ffe8798       0x21 D:/OneDrive/outsource/smartfarm_hosco/FW/fw_smf_wifi/Packet/sming3/Sming/compiler/lib/\libsming.a(Interrupts.o)
 .rodata.str1.1
                0x3ffe87b9       0x23 D:/OneDrive/outsource/smartfarm_hosco/FW/fw_smf_wifi/Packet/sming3/Sming/compiler/lib/\libsming.a(Digital.o)
 .rodata._ZL14EspDigitalPins
                0x3ffe87dc       0xc0 D:/OneDrive/outsource/smartfarm_hosco/FW/fw_smf_wifi/Packet/sming3/Sming/compiler/lib/\libsming.a(Digital.o)
 .rodata.str1.1
                0x3ffe889c       0x21 D:/OneDrive/outsource/smartfarm_hosco/FW/fw_smf_wifi/Packet/sming3/Sming/compiler/lib/\libsming.a(stringconversion.o)
 .rodata.str1.1
                0x00000000       0x21 D:/OneDrive/outsource/smartfarm_hosco/FW/fw_smf_wifi/Packet/sming3/Sming/compiler/lib/\libsming.a(WString.o)
                                  0x1 (size before relaxing)
 .rodata.str1.1
                0x3ffe88bd       0x11 Release/build/app_app.a(main.o)
                                 0x15 (size before relaxing)
 .rodata.str1.1
                0x3ffe88ce       0x92 Release/build/app_app.a(MsgProcess.o)
                                 0x9e (size before relaxing)
 .rodata.str1.1
                0x3ffe8960        0xf Release/build/app_app.a(MsgCheck.o)
                                 0x39 (size before relaxing)
 .rodata.str1.1
                0x00000000        0x1 Release/build/app_app.a(UserUART.o)
 *fill*         0x3ffe896f        0x1 
 .rodata._ZTV14FunctionCallerIPFvR6StreamctEvJS1_ctEE
                0x3ffe8970       0x14 Release/build/app_app.a(UserUART.o)
                0x3ffe8970                vtable for FunctionCaller<void (*)(Stream&, char, unsigned short), void, Stream&, char, unsigned short>
 .rodata.str1.1
                0x3ffe8984       0x4c Release/build/app_app.a(UserFile.o)
                                 0x65 (size before relaxing)
 .rodata.str1.1
                0x3ffe89d0       0x5e Release/build/app_app.a(MQTTClient.o)
                                 0x5f (size before relaxing)
 *fill*         0x3ffe8a2e        0x2 
 .rodata._ZTV14FunctionCallerIPFv6StringS0_EvJS0_S0_EE
                0x3ffe8a30       0x14 Release/build/app_app.a(MQTTClient.o)
                0x3ffe8a30                vtable for FunctionCaller<void (*)(String, String), void, String, String>
 .rodata.str1.1
                0x3ffe8a44       0x24 Release/build/app_app.a(WifiStation.o)
                                 0x25 (size before relaxing)
 .rodata._ZTV14FunctionCallerIPFvvEvJEE
                0x3ffe8a68       0x14 Release/build/app_app.a(WifiStation.o)
                0x3ffe8a68                vtable for FunctionCaller<void (*)(), void>
 .rodata._ZTV14FunctionCallerIPFv9sc_statusPvEvJS0_S1_EE
                0x3ffe8a7c       0x14 Release/build/app_app.a(WifiStation.o)
                0x3ffe8a7c                vtable for FunctionCaller<void (*)(sc_status, void*), void, sc_status, void*>
 .rodata.str1.1
                0x3ffe8a90       0x53 Release/build/app_app.a(Parse.o)
                                 0x6a (size before relaxing)
 .rodata.str1.1
                0x3ffe8ae3        0xc D:/OneDrive/outsource/smartfarm_hosco/FW/fw_smf_wifi/Packet/sming3/Sming/compiler/lib/\libmicroc.a(abort.o)
 *fill*         0x3ffe8aef        0x1 
 .rodata.str1.4
                0x3ffe8af0        0x4 D:/OneDrive/outsource/smartfarm_hosco/FW/fw_smf_wifi/Packet/Espressif/sdk/lib\libpp.a(lmac.o)
                                  0xc (size before relaxing)
 .rodata.str1.4
                0x3ffe8af4        0x4 D:/OneDrive/outsource/smartfarm_hosco/FW/fw_smf_wifi/Packet/Espressif/sdk/lib\libpp.a(pm_for_bcn_only_mode.o)
                                  0xc (size before relaxing)
 .rodata.str1.4
                0x3ffe8af8        0x8 D:/OneDrive/outsource/smartfarm_hosco/FW/fw_smf_wifi/Packet/Espressif/sdk/lib\libpp.a(pp.o)
                                 0x10 (size before relaxing)
 .rodata.str1.4
                0x3ffe8b00        0x4 D:/OneDrive/outsource/smartfarm_hosco/FW/fw_smf_wifi/Packet/Espressif/sdk/lib\libpp.a(wdev.o)
                                  0xc (size before relaxing)
 .rodata.str1.4
                0x3ffe8b04        0x3 D:/OneDrive/outsource/smartfarm_hosco/FW/fw_smf_wifi/Packet/Espressif/sdk/lib\libnet80211.a(ieee80211_hostap.o)
                                  0x8 (size before relaxing)
 *fill*         0x3ffe8b07        0x1 
 .rodata.str1.4
                0x3ffe8b08        0x7 D:/OneDrive/outsource/smartfarm_hosco/FW/fw_smf_wifi/Packet/Espressif/sdk/lib\libnet80211.a(ieee80211_mesh_quick.o)
 .rodata.str1.4
                0x00000000        0x4 D:/OneDrive/outsource/smartfarm_hosco/FW/fw_smf_wifi/Packet/Espressif/sdk/lib\libnet80211.a(ieee80211_sta.o)
 .rodata.str1.4
                0x00000000        0x4 D:/OneDrive/outsource/smartfarm_hosco/FW/fw_smf_wifi/Packet/Espressif/sdk/lib\libnet80211.a(ieee80211_action_vendor.o)
 .rodata.str1.4
                0x00000000        0x4 D:/OneDrive/outsource/smartfarm_hosco/FW/fw_smf_wifi/Packet/Espressif/sdk/lib\libnet80211.a(ieee80211_ie_vendor.o)
 .rodata.str1.4
                0x00000000        0x7 D:/OneDrive/outsource/smartfarm_hosco/FW/fw_smf_wifi/Packet/Espressif/sdk/lib\liblwip.a(espconn_tcp.o)
                                  0x1 (size before relaxing)
 *fill*         0x3ffe8b0f        0x1 
 .rodata.str1.4
                0x3ffe8b10        0xd D:/OneDrive/outsource/smartfarm_hosco/FW/fw_smf_wifi/Packet/Espressif/sdk/lib\libwpa.a(wpa_debug.o)
 .rodata.str1.1
                0x3ffe8b1d       0x92 D:/OneDrive/outsource/smartfarm_hosco/FW/fw_smf_wifi/Packet/sming3/Sming/compiler/lib/\libsming.a(spiffs_sming.o)
                                 0x94 (size before relaxing)
 .rodata.str1.1
                0x00000000       0x92 D:/OneDrive/outsource/smartfarm_hosco/FW/fw_smf_wifi/Packet/sming3/Sming/compiler/lib/\libsming.a(HardwareSerial.o)
                                  0x3 (size before relaxing)
 *fill*         0x3ffe8baf        0x1 
 .rodata._ZTV14HardwareSerial
                0x3ffe8bb0       0x20 D:/OneDrive/outsource/smartfarm_hosco/FW/fw_smf_wifi/Packet/sming3/Sming/compiler/lib/\libsming.a(HardwareSerial.o)
                0x3ffe8bb0                vtable for HardwareSerial
 .rodata.str1.1
                0x3ffe8bd0       0x87 D:/OneDrive/outsource/smartfarm_hosco/FW/fw_smf_wifi/Packet/sming3/Sming/compiler/lib/\libsming.a(MqttClient.o)
                                 0x88 (size before relaxing)
 *fill*         0x3ffe8c57        0x1 
 .rodata._ZTV10MqttClient
                0x3ffe8c58       0x3c D:/OneDrive/outsource/smartfarm_hosco/FW/fw_smf_wifi/Packet/sming3/Sming/compiler/lib/\libsming.a(MqttClient.o)
                0x3ffe8c58                vtable for MqttClient
 .rodata._ZTV13TcpConnection
                0x3ffe8c94       0x38 D:/OneDrive/outsource/smartfarm_hosco/FW/fw_smf_wifi/Packet/sming3/Sming/compiler/lib/\libsming.a(TcpConnection.o)
                0x3ffe8c94                vtable for TcpConnection
 .rodata._ZTV16AccessPointClass
                0x3ffe8ccc       0x14 D:/OneDrive/outsource/smartfarm_hosco/FW/fw_smf_wifi/Packet/sming3/Sming/compiler/lib/\libsming.a(AccessPoint.o)
                0x3ffe8ccc                vtable for AccessPointClass
 .rodata.str1.1
                0x3ffe8ce0       0xdf D:/OneDrive/outsource/smartfarm_hosco/FW/fw_smf_wifi/Packet/sming3/Sming/compiler/lib/\libsming.a(Station.o)
                                 0xe9 (size before relaxing)
 *fill*         0x3ffe8dbf        0x1 
 .rodata._ZTV12StationClass
                0x3ffe8dc0       0x14 D:/OneDrive/outsource/smartfarm_hosco/FW/fw_smf_wifi/Packet/sming3/Sming/compiler/lib/\libsming.a(Station.o)
                0x3ffe8dc0                vtable for StationClass
 .rodata._ZTV6VectorI7BssInfoE
                0x3ffe8dd4       0x1c D:/OneDrive/outsource/smartfarm_hosco/FW/fw_smf_wifi/Packet/sming3/Sming/compiler/lib/\libsming.a(Station.o)
                0x3ffe8dd4                vtable for Vector<BssInfo>
 .rodata._ZTV8WDTClass
                0x3ffe8df0       0x14 D:/OneDrive/outsource/smartfarm_hosco/FW/fw_smf_wifi/Packet/sming3/Sming/compiler/lib/\libsming.a(WDT.o)
                0x3ffe8df0                vtable for WDTClass
 .rodata.str1.1
                0x3ffe8e04       0x9d D:/OneDrive/outsource/smartfarm_hosco/FW/fw_smf_wifi/Packet/sming3/Sming/compiler/lib/\libsming.a(CommandExecutor.o)
                                 0x9e (size before relaxing)
 .rodata.str1.1
                0x00000000        0x1 D:/OneDrive/outsource/smartfarm_hosco/FW/fw_smf_wifi/Packet/sming3/Sming/compiler/lib/\libsming.a(CommandDelegate.o)
 .rodata.str1.1
                0x3ffe8ea1      0x2ec D:/OneDrive/outsource/smartfarm_hosco/FW/fw_smf_wifi/Packet/sming3/Sming/compiler/lib/\libsming.a(CommandHandler.o)
                                0x2f4 (size before relaxing)
 .rodata.str1.1
                0x3ffe918d       0x59 D:/OneDrive/outsource/smartfarm_hosco/FW/fw_smf_wifi/Packet/sming3/Sming/compiler/lib/\libsming.a(flashmem.o)
 *fill*         0x3ffe91e6        0x2 
 .rodata.CSWTCH$11
                0x3ffe91e8       0x14 D:/OneDrive/outsource/smartfarm_hosco/FW/fw_smf_wifi/Packet/sming3/Sming/compiler/lib/\libsming.a(flashmem.o)
 .rodata.str1.1
                0x3ffe91fc        0x6 D:/OneDrive/outsource/smartfarm_hosco/FW/fw_smf_wifi/Packet/sming3/Sming/compiler/lib/\libsming.a(libemqtt.o)
 *fill*         0x3ffe9202        0x2 
 .rodata._ZTV9TcpClient
                0x3ffe9204       0x3c D:/OneDrive/outsource/smartfarm_hosco/FW/fw_smf_wifi/Packet/sming3/Sming/compiler/lib/\libsming.a(TcpClient.o)
                0x3ffe9204                vtable for TcpClient
 .rodata._ZTV16MemoryDataStream
                0x3ffe9240       0x48 D:/OneDrive/outsource/smartfarm_hosco/FW/fw_smf_wifi/Packet/sming3/Sming/compiler/lib/\libsming.a(DataSourceStream.o)
                0x3ffe9240                vtable for MemoryDataStream
 .rodata.str1.4
                0x3ffe9288        0xd D:/OneDrive/outsource/smartfarm_hosco/FW/fw_smf_wifi/Packet/Espressif/sdk/lib\libsmartconfig.a(sc_sniffer.o)
 *fill*         0x3ffe9295        0x3 
 .rodata.str1.4
                0x3ffe9298        0xd D:/OneDrive/outsource/smartfarm_hosco/FW/fw_smf_wifi/Packet/Espressif/sdk/lib\libsmartconfig.a(sc_airkiss.o)
 *fill*         0x3ffe92a5        0x3 
 .rodata.str1.4
                0x3ffe92a8       0x10 D:/OneDrive/outsource/smartfarm_hosco/FW/fw_smf_wifi/Packet/Espressif/sdk/lib\libsmartconfig.a(sc_esptouch.o)
                                  0xe (size before relaxing)
 *(.gnu.linkonce.r.*)
 *(.rodata1)
                0x3ffe92b8                __XT_EXCEPTION_TABLE__ = ABSOLUTE (.)
 *(.xt_except_table)
 *(.gcc_except_table)
 *(.gnu.linkonce.e.*)
 *(.gnu.version_r)
 *(.eh_frame)
                0x3ffe92b8                . = ((. + 0x3) & 0xfffffffc)
                0x3ffe92b8                __dso_handle = ABSOLUTE (.)
                0x3ffe92b8                __init_array_start = ABSOLUTE (.)
 *crtbegin.o(.ctors)
 *(EXCLUDE_FILE(*crtend.o) .ctors)
 .ctors         0x3ffe92b8        0x4 D:/OneDrive/outsource/smartfarm_hosco/FW/fw_smf_wifi/Packet/sming3/Sming/compiler/lib/\libsming.a(user_main.o)
 .ctors         0x3ffe92bc        0x4 D:/OneDrive/outsource/smartfarm_hosco/FW/fw_smf_wifi/Packet/sming3/Sming/compiler/lib/\libsming.a(System.o)
 .ctors         0x3ffe92c0        0x4 D:/OneDrive/outsource/smartfarm_hosco/FW/fw_smf_wifi/Packet/sming3/Sming/compiler/lib/\libsming.a(IPAddress.o)
 .ctors         0x3ffe92c4        0x4 D:/OneDrive/outsource/smartfarm_hosco/FW/fw_smf_wifi/Packet/sming3/Sming/compiler/lib/\libsming.a(Interrupts.o)
 .ctors         0x3ffe92c8        0x4 D:/OneDrive/outsource/smartfarm_hosco/FW/fw_smf_wifi/Packet/sming3/Sming/compiler/lib/\libsming.a(Digital.o)
 .ctors         0x3ffe92cc        0x4 D:/OneDrive/outsource/smartfarm_hosco/FW/fw_smf_wifi/Packet/sming3/Sming/compiler/lib/\libsming.a(WString.o)
 .ctors         0x3ffe92d0        0x4 D:/OneDrive/outsource/smartfarm_hosco/FW/fw_smf_wifi/Packet/sming3/Sming/compiler/lib/\libsming.a(Print.o)
 .ctors         0x3ffe92d4        0x4 Release/build/app_app.a(main.o)
 .ctors         0x3ffe92d8        0x4 Release/build/app_app.a(MsgProcess.o)
 .ctors         0x3ffe92dc        0x4 Release/build/app_app.a(MsgCheck.o)
 .ctors         0x3ffe92e0        0x4 Release/build/app_app.a(UserUART.o)
 .ctors         0x3ffe92e4        0x4 Release/build/app_app.a(UserFile.o)
 .ctors         0x3ffe92e8        0x4 Release/build/app_app.a(MQTTClient.o)
 .ctors         0x3ffe92ec        0x4 Release/build/app_app.a(WifiStation.o)
 .ctors         0x3ffe92f0        0x4 Release/build/app_app.a(Parse.o)
 .ctors         0x3ffe92f4        0x4 Release/build/app_app.a(FileAccess.o)
 .ctors         0x3ffe92f8        0x4 D:/OneDrive/outsource/smartfarm_hosco/FW/fw_smf_wifi/Packet/sming3/Sming/compiler/lib/\libsming.a(HardwareSerial.o)
 .ctors         0x3ffe92fc        0x4 D:/OneDrive/outsource/smartfarm_hosco/FW/fw_smf_wifi/Packet/sming3/Sming/compiler/lib/\libsming.a(Clock.o)
 .ctors         0x3ffe9300        0x4 D:/OneDrive/outsource/smartfarm_hosco/FW/fw_smf_wifi/Packet/sming3/Sming/compiler/lib/\libsming.a(MqttClient.o)
 .ctors         0x3ffe9304        0x4 D:/OneDrive/outsource/smartfarm_hosco/FW/fw_smf_wifi/Packet/sming3/Sming/compiler/lib/\libsming.a(TcpConnection.o)
 .ctors         0x3ffe9308        0x4 D:/OneDrive/outsource/smartfarm_hosco/FW/fw_smf_wifi/Packet/sming3/Sming/compiler/lib/\libsming.a(AccessPoint.o)
 .ctors         0x3ffe930c        0x4 D:/OneDrive/outsource/smartfarm_hosco/FW/fw_smf_wifi/Packet/sming3/Sming/compiler/lib/\libsming.a(Station.o)
 .ctors         0x3ffe9310        0x4 D:/OneDrive/outsource/smartfarm_hosco/FW/fw_smf_wifi/Packet/sming3/Sming/compiler/lib/\libsming.a(WDT.o)
 .ctors         0x3ffe9314        0x4 D:/OneDrive/outsource/smartfarm_hosco/FW/fw_smf_wifi/Packet/sming3/Sming/compiler/lib/\libsming.a(CommandExecutor.o)
 .ctors         0x3ffe9318        0x4 D:/OneDrive/outsource/smartfarm_hosco/FW/fw_smf_wifi/Packet/sming3/Sming/compiler/lib/\libsming.a(CommandDelegate.o)
 .ctors         0x3ffe931c        0x4 D:/OneDrive/outsource/smartfarm_hosco/FW/fw_smf_wifi/Packet/sming3/Sming/compiler/lib/\libsming.a(CommandOutput.o)
 .ctors         0x3ffe9320        0x4 D:/OneDrive/outsource/smartfarm_hosco/FW/fw_smf_wifi/Packet/sming3/Sming/compiler/lib/\libsming.a(CommandHandler.o)
 .ctors         0x3ffe9324        0x4 D:/OneDrive/outsource/smartfarm_hosco/FW/fw_smf_wifi/Packet/sming3/Sming/compiler/lib/\libsming.a(SystemClock.o)
 .ctors         0x3ffe9328        0x4 D:/OneDrive/outsource/smartfarm_hosco/FW/fw_smf_wifi/Packet/sming3/Sming/compiler/lib/\libsming.a(TcpClient.o)
 .ctors         0x3ffe932c        0x4 D:/OneDrive/outsource/smartfarm_hosco/FW/fw_smf_wifi/Packet/sming3/Sming/compiler/lib/\libsming.a(RTC.o)
 .ctors         0x3ffe9330        0x4 D:/OneDrive/outsource/smartfarm_hosco/FW/fw_smf_wifi/Packet/sming3/Sming/compiler/lib/\libsming.a(DateTime.o)
 .ctors         0x3ffe9334        0x4 D:/OneDrive/outsource/smartfarm_hosco/FW/fw_smf_wifi/Packet/sming3/Sming/compiler/lib/\libsming.a(DataSourceStream.o)
 .ctors         0x3ffe9338        0x4 D:/OneDrive/outsource/smartfarm_hosco/FW/fw_smf_wifi/Packet/sming3/Sming/compiler/lib/\libsming.a(ArduinoJson.o)
 *(SORT(.ctors.*))
 *(.ctors)
                0x3ffe933c                __init_array_end = ABSOLUTE (.)
 *crtbegin.o(.dtors)
 *(EXCLUDE_FILE(*crtend.o) .dtors)
 .dtors         0x3ffe933c        0x4 D:/OneDrive/outsource/smartfarm_hosco/FW/fw_smf_wifi/Packet/sming3/Sming/compiler/lib/\libsming.a(System.o)
 .dtors         0x3ffe9340        0x4 D:/OneDrive/outsource/smartfarm_hosco/FW/fw_smf_wifi/Packet/sming3/Sming/compiler/lib/\libsming.a(Interrupts.o)
 .dtors         0x3ffe9344        0x4 Release/build/app_app.a(main.o)
 .dtors         0x3ffe9348        0x4 Release/build/app_app.a(MsgProcess.o)
 .dtors         0x3ffe934c        0x4 Release/build/app_app.a(UserUART.o)
 .dtors         0x3ffe9350        0x4 Release/build/app_app.a(MQTTClient.o)
 .dtors         0x3ffe9354        0x4 Release/build/app_app.a(WifiStation.o)
 .dtors         0x3ffe9358        0x4 D:/OneDrive/outsource/smartfarm_hosco/FW/fw_smf_wifi/Packet/sming3/Sming/compiler/lib/\libsming.a(HardwareSerial.o)
 .dtors         0x3ffe935c        0x4 D:/OneDrive/outsource/smartfarm_hosco/FW/fw_smf_wifi/Packet/sming3/Sming/compiler/lib/\libsming.a(Station.o)
 .dtors         0x3ffe9360        0x4 D:/OneDrive/outsource/smartfarm_hosco/FW/fw_smf_wifi/Packet/sming3/Sming/compiler/lib/\libsming.a(CommandHandler.o)
 *(SORT(.dtors.*))
 *(.dtors)
                0x3ffe9364                __XT_EXCEPTION_DESCS__ = ABSOLUTE (.)
 *(.xt_except_desc)
 *(.gnu.linkonce.h.*)
                0x3ffe9364                __XT_EXCEPTION_DESCS_END__ = ABSOLUTE (.)
 *(.xt_except_desc_end)
 *(.dynamic)
 *(.gnu.version_d)
                0x3ffe9364                . = ALIGN (0x4)
                0x3ffe9364                _bss_table_start = ABSOLUTE (.)
                0x3ffe9364        0x4 LONG 0x3ffe9370 _bss_start
                0x3ffe9368        0x4 LONG 0x3fff0418 _bss_end
                0x3ffe936c                _bss_table_end = ABSOLUTE (.)
                0x3ffe936c                _rodata_end = ABSOLUTE (.)

.bss            0x3ffe9370     0x70a8
                0x3ffe9370                . = ALIGN (0x8)
                0x3ffe9370                _bss_start = ABSOLUTE (.)
 *(.dynsbss)
 *(.sbss)
 *(.sbss.*)
 *(.gnu.linkonce.sb.*)
 *(.scommon)
 *(.sbss2)
 *(.sbss2.*)
 *(.gnu.linkonce.sb2.*)
 *(.dynbss)
 *(.bss)
 .bss           0x3ffe9370      0x1c0 D:/OneDrive/outsource/smartfarm_hosco/FW/fw_smf_wifi/Packet/Espressif/sdk/lib\libmain.a(nmi-vector.o)
 .bss           0x3ffe9530       0x41 D:/OneDrive/outsource/smartfarm_hosco/FW/fw_smf_wifi/Packet/Espressif/sdk/lib\libmain.a(app_main.o)
                0x3ffe9534                info
                0x3ffe9558                lwip_timer_interval
                0x3ffe955c                check_timeouts_timer
                0x3ffe9570                user_init_flag
 *fill*         0x3ffe9571        0xf 
 .bss           0x3ffe9580       0x30 D:/OneDrive/outsource/smartfarm_hosco/FW/fw_smf_wifi/Packet/Espressif/sdk/lib\libmain.a(ets_timer.o)
                0x3ffe9580                dbg_timer_flag
                0x3ffe9584                timer_list
                0x3ffe9588                debug_timer
                0x3ffe958c                debug_timerfn
 .bss           0x3ffe95b0       0x3c D:/OneDrive/outsource/smartfarm_hosco/FW/fw_smf_wifi/Packet/Espressif/sdk/lib\libmain.a(mem_manager.o)
 .bss           0x3ffe95ec        0x4 D:/OneDrive/outsource/smartfarm_hosco/FW/fw_smf_wifi/Packet/Espressif/sdk/lib\libmain.a(spi_flash.o)
                0x3ffe95ec                flash_read
 .bss           0x3ffe95f0      0x242 D:/OneDrive/outsource/smartfarm_hosco/FW/fw_smf_wifi/Packet/Espressif/sdk/lib\libmain.a(user_interface.o)
                0x3ffe96e7                deep_sleep_flag
                0x3ffe96e8                cpu_overclock
                0x3ffe96ec                event_cb
                0x3ffe96f0                status_led_output_level
                0x3ffe96f4                done_cb
                0x3ffe96f8                rst_if
                0x3ffe9714                default_interface
                0x3ffe9715                OpmodChgIsOnGoing
                0x3ffe9718                promiscuous_cb
                0x3ffe9730                event_TaskQueue
 *fill*         0x3ffe9832        0x2 
 .bss           0x3ffe9834        0xc D:/OneDrive/outsource/smartfarm_hosco/FW/fw_smf_wifi/Packet/Espressif/sdk/lib\libmain.a(eagle_lwip_if.o)
                0x3ffe9834                hostname
 .bss           0x3ffe9840        0x4 D:/OneDrive/outsource/smartfarm_hosco/FW/fw_smf_wifi/Packet/Espressif/sdk/lib\libphy.a(phy.o)
 .bss           0x3ffe9844        0x2 D:/OneDrive/outsource/smartfarm_hosco/FW/fw_smf_wifi/Packet/Espressif/sdk/lib\libphy.a(phy_chip_v6_ana.o)
                0x3ffe9844                tout_dis_txpwr_track
                0x3ffe9845                sleep_mode_flag
 *fill*         0x3ffe9846        0x2 
 .bss           0x3ffe9848      0x160 D:/OneDrive/outsource/smartfarm_hosco/FW/fw_smf_wifi/Packet/Espressif/sdk/lib\libphy.a(phy_chip_v6.o)
                0x3ffe9848                g_phyFuns
                0x3ffe984c                rxiq_compute_num
                0x3ffe9850                rx_table_renew_en
                0x3ffe9854                check_result
                0x3ffe9858                chip6_sleep_params
                0x3ffe98ec                chip6_phy_init_ctrl
                0x3ffe9960                phy_freq_offset
                0x3ffe9962                do_pwctrl_flag
                0x3ffe9963                pwctrl_debug
                0x3ffe9964                txbk_dpdby_flag
                0x3ffe9966                sw_scan_mode
                0x3ffe9967                rxmax_ext_level
                0x3ffe9968                phy_rx_gain_dc_table
                0x3ffe997c                periodic_cal_dc_num
                0x3ffe9980                periodic_cal_flag
                0x3ffe9981                bbpll_cal_flag
                0x3ffe9982                phy_in_most_power
                0x3ffe9983                init_rf_no_cal
                0x3ffe9984                test_print_time
                0x3ffe9988                phy_rx_gain_dc_flag
                0x3ffe9989                phy_in_vdd33_offset
                0x3ffe998a                phy_set_most_tpw_disbg
                0x3ffe998b                phy_set_most_tpw_index
                0x3ffe998c                adc_rand_noise
                0x3ffe9990                dpd_bypass_original
                0x3ffe9998                noise_array
 .bss           0x3ffe99a8        0x8 D:/OneDrive/outsource/smartfarm_hosco/FW/fw_smf_wifi/Packet/Espressif/sdk/lib\libphy.a(phy_chip_v6_cal.o)
                0x3ffe99a8                phy_tx_power_out
                0x3ffe99aa                loop_pwctrl_pwdet_error_accum_high_power
                0x3ffe99ac                tx_pwctrl_pk_num
                0x3ffe99ad                tx_pwctrl_track_num
                0x3ffe99ae                loop_pwctrl_correct_atten_high_power
                0x3ffe99af                rxiq_cover_fail_num
 .bss           0x3ffe99b0        0x7 D:/OneDrive/outsource/smartfarm_hosco/FW/fw_smf_wifi/Packet/Espressif/sdk/lib\libphy.a(phy_sleep.o)
                0x3ffe99b0                periodic_cal_sat
                0x3ffe99b2                lslp_mem_opt_8266
                0x3ffe99b4                software_slp_reject
                0x3ffe99b5                SDIO_slp_reject
                0x3ffe99b6                hardware_reject
 *fill*         0x3ffe99b7        0x9 
 .bss           0x3ffe99c0       0x40 D:/OneDrive/outsource/smartfarm_hosco/FW/fw_smf_wifi/Packet/Espressif/sdk/lib\libpp.a(if_hwctrl.o)
                0x3ffe99c0                interface_mask
                0x3ffe99e0                if_ctrl
 .bss           0x3ffe9a00      0x150 D:/OneDrive/outsource/smartfarm_hosco/FW/fw_smf_wifi/Packet/Espressif/sdk/lib\libpp.a(lmac.o)
                0x3ffe9a04                lmacConfMib
                0x3ffe9a28                our_tx_eb
 .bss           0x3ffe9b50      0x11a D:/OneDrive/outsource/smartfarm_hosco/FW/fw_smf_wifi/Packet/Espressif/sdk/lib\libpp.a(pm.o)
                0x3ffe9b50                pmc
                0x3ffe9c30                flash_tmp
 *fill*         0x3ffe9c6a        0x2 
 .bss           0x3ffe9c6c       0x34 D:/OneDrive/outsource/smartfarm_hosco/FW/fw_smf_wifi/Packet/Espressif/sdk/lib\libpp.a(pm_for_bcn_only_mode.o)
 .bss           0x3ffe9ca0      0x322 D:/OneDrive/outsource/smartfarm_hosco/FW/fw_smf_wifi/Packet/Espressif/sdk/lib\libpp.a(pp.o)
                0x3ffe9cb8                pend_flag_noise_check
                0x3ffe9cc0                pend_flag_periodic_cal
                0x3ffe9cd8                idle_timer_reopen_flag
                0x3ffe9cda                dbg_stop_sw_wdt
                0x3ffe9cdb                dbg_stop_hw_wdt
                0x3ffe9cdd                total_buffed_eb_num
                0x3ffe9ce0                HighestFreqOffsetInOneChk
                0x3ffe9ce2                LowestFreqOffsetInOneChk
                0x3ffe9ce4                DefFreqCalTimer
                0x3ffe9cf8                PktNumInOneChk
                0x3ffe9e80                buffed_eb_arr
 *fill*         0x3ffe9fc2        0xe 
 .bss           0x3ffe9fd0      0x100 D:/OneDrive/outsource/smartfarm_hosco/FW/fw_smf_wifi/Packet/Espressif/sdk/lib\libpp.a(rate_control.o)
 .bss           0x3ffea0d0      0x46c D:/OneDrive/outsource/smartfarm_hosco/FW/fw_smf_wifi/Packet/Espressif/sdk/lib\libpp.a(trc.o)
 *fill*         0x3ffea53c        0x4 
 .bss           0x3ffea540     0x2f88 D:/OneDrive/outsource/smartfarm_hosco/FW/fw_smf_wifi/Packet/Espressif/sdk/lib\libpp.a(wdev.o)
                0x3ffea540                wDevCtrl
                0x3ffea6e8                WdevTimOffSet
 *fill*         0x3ffed4c8        0x8 
 .bss           0x3ffed4d0      0xaa4 D:/OneDrive/outsource/smartfarm_hosco/FW/fw_smf_wifi/Packet/Espressif/sdk/lib\libpp.a(esf_buf.o)
 .bss           0x3ffedf74      0x67c D:/OneDrive/outsource/smartfarm_hosco/FW/fw_smf_wifi/Packet/Espressif/sdk/lib\libnet80211.a(ieee80211.o)
                0x3ffedf74                g_ic
 .bss           0x3ffee5f0       0x56 D:/OneDrive/outsource/smartfarm_hosco/FW/fw_smf_wifi/Packet/Espressif/sdk/lib\libnet80211.a(ieee80211_hostap.o)
                0x3ffee5f0                BcnEb_update
                0x3ffee5fd                BcnWithMcastSendStart
                0x3ffee5fe                BcnWithMcastSendCnt
                0x3ffee618                PendFreeBcnEb
                0x3ffee61c                ApFreqCalTimer
                0x3ffee630                APRecvBcnStartTick
 *fill*         0x3ffee646        0x2 
 .bss           0x3ffee648       0xc8 D:/OneDrive/outsource/smartfarm_hosco/FW/fw_smf_wifi/Packet/Espressif/sdk/lib\libnet80211.a(ieee80211_scan.o)
                0x3ffee648                gScanStruct
                0x3ffee6f4                connect_scan_flag
                0x3ffee6f5                FreqCalCntForScan
                0x3ffee6f6                TestStaFreqCalValInput
                0x3ffee6f8                auth_type
                0x3ffee6fa                scannum
 .bss           0x3ffee710       0x10 D:/OneDrive/outsource/smartfarm_hosco/FW/fw_smf_wifi/Packet/Espressif/sdk/lib\libnet80211.a(ieee80211_sta.o)
 .bss           0x3ffee720       0x3c D:/OneDrive/outsource/smartfarm_hosco/FW/fw_smf_wifi/Packet/Espressif/sdk/lib\libnet80211.a(wl_chm.o)
 *fill*         0x3ffee75c        0x4 
 .bss           0x3ffee760      0x37a D:/OneDrive/outsource/smartfarm_hosco/FW/fw_smf_wifi/Packet/Espressif/sdk/lib\libnet80211.a(wl_cnx.o)
                0x3ffeeac0                sta_con_timer
                0x3ffeead4                g_cnx_probe_rc_list_cb
                0x3ffeead8                reconnect_flag
                0x3ffeead9                no_ap_found_index
 *fill*         0x3ffeeada        0x2 
 .bss           0x3ffeeadc       0x10 D:/OneDrive/outsource/smartfarm_hosco/FW/fw_smf_wifi/Packet/Espressif/sdk/lib\libnet80211.a(ieee80211_action_vendor.o)
 *fill*         0x3ffeeaec        0x4 
 .bss           0x3ffeeaf0       0x38 D:/OneDrive/outsource/smartfarm_hosco/FW/fw_smf_wifi/Packet/Espressif/sdk/lib\liblwip.a(dhcp.o)
                0x3ffeeaf0                dhcp_rx_options_given
                0x3ffeeb00                dhcp_rx_options_val
 .bss           0x3ffeeb28       0x28 D:/OneDrive/outsource/smartfarm_hosco/FW/fw_smf_wifi/Packet/Espressif/sdk/lib\liblwip.a(dhcpserver.o)
 .bss           0x3ffeeb50      0x480 D:/OneDrive/outsource/smartfarm_hosco/FW/fw_smf_wifi/Packet/Espressif/sdk/lib\liblwip.a(dns.o)
 .bss           0x3ffeefd0       0x78 D:/OneDrive/outsource/smartfarm_hosco/FW/fw_smf_wifi/Packet/Espressif/sdk/lib\liblwip.a(espconn_tcp.o)
                0x3ffeefd0                espconn_TaskQueue
 *fill*         0x3ffef048        0x8 
 .bss           0x3ffef050      0x100 D:/OneDrive/outsource/smartfarm_hosco/FW/fw_smf_wifi/Packet/Espressif/sdk/lib\liblwip.a(etharp.o)
                0x3ffef054                ethzero
 .bss           0x3ffef150       0x10 D:/OneDrive/outsource/smartfarm_hosco/FW/fw_smf_wifi/Packet/Espressif/sdk/lib\liblwip.a(ip_addr.o)
 .bss           0x3ffef160       0x12 D:/OneDrive/outsource/smartfarm_hosco/FW/fw_smf_wifi/Packet/Espressif/sdk/lib\liblwip.a(ip.o)
                0x3ffef160                current_iphdr_dest
                0x3ffef164                current_iphdr_src
                0x3ffef168                current_netif
                0x3ffef16c                current_header
 *fill*         0x3ffef172        0x2 
 .bss           0x3ffef174        0x9 D:/OneDrive/outsource/smartfarm_hosco/FW/fw_smf_wifi/Packet/Espressif/sdk/lib\liblwip.a(netif.o)
                0x3ffef174                netif_list
                0x3ffef178                netif_default
 *fill*         0x3ffef17d        0x3 
 .bss           0x3ffef180        0x4 D:/OneDrive/outsource/smartfarm_hosco/FW/fw_smf_wifi/Packet/Espressif/sdk/lib\liblwip.a(raw.o)
 .bss           0x3ffef184       0x34 D:/OneDrive/outsource/smartfarm_hosco/FW/fw_smf_wifi/Packet/Espressif/sdk/lib\liblwip.a(tcp_in.o)
                0x3ffef1b4                tcp_input_pcb
 .bss           0x3ffef1b8       0x1c D:/OneDrive/outsource/smartfarm_hosco/FW/fw_smf_wifi/Packet/Espressif/sdk/lib\liblwip.a(tcp.o)
                0x3ffef1bc                tcp_active_pcbs
                0x3ffef1c0                tcp_tmp_pcb
                0x3ffef1c4                tcp_tw_pcbs
                0x3ffef1c8                tcp_bound_pcbs
                0x3ffef1cc                tcp_listen_pcbs
                0x3ffef1d0                tcp_ticks
 .bss           0x3ffef1d4        0xc D:/OneDrive/outsource/smartfarm_hosco/FW/fw_smf_wifi/Packet/Espressif/sdk/lib\liblwip.a(timers.o)
 .bss           0x3ffef1e0        0x4 D:/OneDrive/outsource/smartfarm_hosco/FW/fw_smf_wifi/Packet/Espressif/sdk/lib\liblwip.a(udp.o)
                0x3ffef1e0                udp_pcbs
 *fill*         0x3ffef1e4        0xc 
 .bss           0x3ffef1f0      0x104 D:/OneDrive/outsource/smartfarm_hosco/FW/fw_smf_wifi/Packet/Espressif/sdk/lib\liblwip.a(espconn.o)
                0x3ffef1f0                plink_active
                0x3ffef1f4                pserver_list
                0x3ffef200                premot
                0x3ffef2c0                pktinfo
 .bss           0x3ffef2f4        0xc D:/OneDrive/outsource/smartfarm_hosco/FW/fw_smf_wifi/Packet/Espressif/sdk/lib\liblwip.a(igmp.o)
 .bss           0x3ffef300      0x26a D:/OneDrive/outsource/smartfarm_hosco/FW/fw_smf_wifi/Packet/Espressif/sdk/lib\libwpa.a(wpa.o)
 *fill*         0x3ffef56a        0x2 
 .bss           0x3ffef56c       0x30 D:/OneDrive/outsource/smartfarm_hosco/FW/fw_smf_wifi/Packet/Espressif/sdk/lib\libsmartconfig.a(sc_sniffer.o)
                0x3ffef56c                pAPListHead
                0x3ffef570                pAPListTral
                0x3ffef574                smartconfig_cb
                0x3ffef578                SnifGlob
                0x3ffef588                channel_timer
 .bss           0x3ffef59c       0xcc D:/OneDrive/outsource/smartfarm_hosco/FW/fw_smf_wifi/Packet/Espressif/sdk/lib\libsmartconfig.a(sc_airkiss.o)
                0x3ffef59c                pAKGuideGlob
                0x3ffef5a0                p_kiss
                0x3ffef5a4                p_kiss_ht40
                0x3ffef5a8                KissRes_ht20_timer
                0x3ffef624                KissRes_ht40_timer
                0x3ffef638                pKissConn
                0x3ffef654                weixin_timer
 .bss           0x3ffef668       0xd4 D:/OneDrive/outsource/smartfarm_hosco/FW/fw_smf_wifi/Packet/Espressif/sdk/lib\libsmartconfig.a(sc_esptouch.o)
                0x3ffef668                pETGuideGlob
                0x3ffef66c                pCHListHead
                0x3ffef670                pCHListTral
                0x3ffef674                pTouchGlob
                0x3ffef678                TouchRestart_ht20_timer
                0x3ffef6f4                TouchRestart_ht40_timer
                0x3ffef708                pTouchConn
                0x3ffef724                TouchUdpTimer
 *fill*         0x3ffef73c        0x4 
 .bss           0x3ffef740        0x8 D:/OneDrive/outsource/smartfarm_hosco/FW/fw_smf_wifi/Packet/Espressif/sdk/lib\libnet80211.a(ieee80211_crypto_tkip.o)
 *(.bss.*)
 .bss._ZL5ESP01
                0x3ffef748       0x30 D:/OneDrive/outsource/smartfarm_hosco/FW/fw_smf_wifi/Packet/sming3/Sming/compiler/lib/\libsming.a(user_main.o)
 .bss._ZL11INADDR_NONE
                0x3ffef778        0x8 D:/OneDrive/outsource/smartfarm_hosco/FW/fw_smf_wifi/Packet/sming3/Sming/compiler/lib/\libsming.a(user_main.o)
 .bss.System    0x3ffef780       0x2c D:/OneDrive/outsource/smartfarm_hosco/FW/fw_smf_wifi/Packet/sming3/Sming/compiler/lib/\libsming.a(System.o)
                0x3ffef780                System
 .bss._ZL5ESP01
                0x3ffef7ac       0x30 D:/OneDrive/outsource/smartfarm_hosco/FW/fw_smf_wifi/Packet/sming3/Sming/compiler/lib/\libsming.a(IPAddress.o)
 .bss._gpioInterruptsInitialied
                0x3ffef7dc        0x1 D:/OneDrive/outsource/smartfarm_hosco/FW/fw_smf_wifi/Packet/sming3/Sming/compiler/lib/\libsming.a(Interrupts.o)
                0x3ffef7dc                _gpioInterruptsInitialied
 *fill*         0x3ffef7dd        0x3 
 .bss._delegateFunctionList
                0x3ffef7e0       0x40 D:/OneDrive/outsource/smartfarm_hosco/FW/fw_smf_wifi/Packet/sming3/Sming/compiler/lib/\libsming.a(Interrupts.o)
                0x3ffef7e0                _delegateFunctionList
 .bss._gpioInterruptsList
                0x3ffef820       0x40 D:/OneDrive/outsource/smartfarm_hosco/FW/fw_smf_wifi/Packet/sming3/Sming/compiler/lib/\libsming.a(Interrupts.o)
                0x3ffef820                _gpioInterruptsList
 .bss._ZL11INADDR_NONE
                0x3ffef860        0x8 D:/OneDrive/outsource/smartfarm_hosco/FW/fw_smf_wifi/Packet/sming3/Sming/compiler/lib/\libsming.a(Interrupts.o)
 .bss._ZL11INADDR_NONE
                0x3ffef868        0x8 D:/OneDrive/outsource/smartfarm_hosco/FW/fw_smf_wifi/Packet/sming3/Sming/compiler/lib/\libsming.a(Digital.o)
 .bss.cbc_printchar
                0x3ffef870        0x4 D:/OneDrive/outsource/smartfarm_hosco/FW/fw_smf_wifi/Packet/sming3/Sming/compiler/lib/\libsming.a(m_printf.o)
                0x3ffef870                cbc_printchar
 .bss._ZL14interruptState
                0x3ffef874        0x4 D:/OneDrive/outsource/smartfarm_hosco/FW/fw_smf_wifi/Packet/sming3/Sming/compiler/lib/\libsming.a(xt_interrupts.o)
 .bss._ZZN6StringixEjE19dummy_writable_char
                0x3ffef878        0x1 D:/OneDrive/outsource/smartfarm_hosco/FW/fw_smf_wifi/Packet/sming3/Sming/compiler/lib/\libsming.a(WString.o)
 *fill*         0x3ffef879        0x3 
 .bss._ZL11INADDR_NONE
                0x3ffef87c        0x8 D:/OneDrive/outsource/smartfarm_hosco/FW/fw_smf_wifi/Packet/sming3/Sming/compiler/lib/\libsming.a(WString.o)
 .bss._ZL11INADDR_NONE
                0x3ffef884        0x8 D:/OneDrive/outsource/smartfarm_hosco/FW/fw_smf_wifi/Packet/sming3/Sming/compiler/lib/\libsming.a(Print.o)
 .bss.uResendCounter
                0x3ffef88c        0x2 Release/build/app_app.a(main.o)
                0x3ffef88c                uResendCounter
 .bss.Event_IO  0x3ffef88e        0x2 Release/build/app_app.a(main.o)
                0x3ffef88e                Event_IO
 .bss.T_EventProcess
                0x3ffef890       0x30 Release/build/app_app.a(main.o)
                0x3ffef890                T_EventProcess
 .bss.IDGw      0x3ffef8c0        0x8 Release/build/app_app.a(main.o)
                0x3ffef8c0                IDGw
 .bss._ZL11INADDR_NONE
                0x3ffef8c8        0x8 Release/build/app_app.a(main.o)
 .bss.bIsDataSending
                0x3ffef8d0        0x1 Release/build/app_app.a(MsgProcess.o)
                0x3ffef8d0                bIsDataSending
 *fill*         0x3ffef8d1        0x3 
 .bss.MQTT_TX_Buffer
                0x3ffef8d4        0x8 Release/build/app_app.a(MsgProcess.o)
                0x3ffef8d4                MQTT_TX_Buffer
 .bss.UART_TX_Buffer
                0x3ffef8dc        0x8 Release/build/app_app.a(MsgProcess.o)
                0x3ffef8dc                UART_TX_Buffer
 .bss._ZL11INADDR_NONE
                0x3ffef8e4        0x8 Release/build/app_app.a(MsgProcess.o)
 .bss._ZL11INADDR_NONE
                0x3ffef8ec        0x8 Release/build/app_app.a(MsgCheck.o)
 .bss.UART_RX_Buffer
                0x3ffef8f4        0x8 Release/build/app_app.a(UserUART.o)
                0x3ffef8f4                UART_RX_Buffer
 .bss._ZL11INADDR_NONE
                0x3ffef8fc        0x8 Release/build/app_app.a(UserUART.o)
 .bss._ZL11INADDR_NONE
                0x3ffef904        0x8 Release/build/app_app.a(UserFile.o)
 .bss.uCounterSub
                0x3ffef90c        0x1 Release/build/app_app.a(MQTTClient.o)
                0x3ffef90c                uCounterSub
 .bss.bMQTTisConnected
                0x3ffef90d        0x1 Release/build/app_app.a(MQTTClient.o)
                0x3ffef90d                bMQTTisConnected
 .bss.bMQTTisConfigurated
                0x3ffef90e        0x1 Release/build/app_app.a(MQTTClient.o)
                0x3ffef90e                bMQTTisConfigurated
 *fill*         0x3ffef90f        0x1 
 .bss.T_Mqtt_CheckConnect
                0x3ffef910       0x30 Release/build/app_app.a(MQTTClient.o)
                0x3ffef910                T_Mqtt_CheckConnect
 .bss.mqttClient
                0x3ffef940        0x4 Release/build/app_app.a(MQTTClient.o)
                0x3ffef940                mqttClient
 .bss.ClientID  0x3ffef944       0x18 Release/build/app_app.a(MQTTClient.o)
                0x3ffef944                ClientID
 .bss.MQTT_RX_Buffer
                0x3ffef95c        0x8 Release/build/app_app.a(MQTTClient.o)
                0x3ffef95c                MQTT_RX_Buffer
 .bss._ZL11INADDR_NONE
                0x3ffef964        0x8 Release/build/app_app.a(MQTTClient.o)
 .bss.__ConnectionCallBack
                0x3ffef96c        0x4 Release/build/app_app.a(WifiStation.o)
                0x3ffef96c                __ConnectionCallBack
 .bss.T_Check_WifiStatus
                0x3ffef970       0x30 Release/build/app_app.a(WifiStation.o)
                0x3ffef970                T_Check_WifiStatus
 .bss.bSmartConfigIsStarted
                0x3ffef9a0        0x1 Release/build/app_app.a(WifiStation.o)
                0x3ffef9a0                bSmartConfigIsStarted
 .bss.bWifiConnected
                0x3ffef9a1        0x1 Release/build/app_app.a(WifiStation.o)
                0x3ffef9a1                bWifiConnected
 *fill*         0x3ffef9a2        0x2 
 .bss.__WifiConfig
                0x3ffef9a4       0x10 Release/build/app_app.a(WifiStation.o)
                0x3ffef9a4                __WifiConfig
 .bss.MAC       0x3ffef9b4        0x8 Release/build/app_app.a(WifiStation.o)
                0x3ffef9b4                MAC
 .bss._ZL11INADDR_NONE
                0x3ffef9bc        0x8 Release/build/app_app.a(WifiStation.o)
 .bss._ZL5ESP01
                0x3ffef9c4       0x30 Release/build/app_app.a(Parse.o)
 .bss._ZL11INADDR_NONE
                0x3ffef9f4        0x8 Release/build/app_app.a(Parse.o)
 .bss._ZL11INADDR_NONE
                0x3ffef9fc        0x8 Release/build/app_app.a(FileAccess.o)
 .bss.spiffs_cache
                0x3ffefa04      0x480 D:/OneDrive/outsource/smartfarm_hosco/FW/fw_smf_wifi/Packet/sming3/Sming/compiler/lib/\libsming.a(spiffs_sming.o)
 .bss.spiffs_fds
                0x3ffefe84       0xe0 D:/OneDrive/outsource/smartfarm_hosco/FW/fw_smf_wifi/Packet/sming3/Sming/compiler/lib/\libsming.a(spiffs_sming.o)
 .bss.spiffs_work_buf
                0x3ffeff64      0x200 D:/OneDrive/outsource/smartfarm_hosco/FW/fw_smf_wifi/Packet/sming3/Sming/compiler/lib/\libsming.a(spiffs_sming.o)
 .bss.Serial    0x3fff0164       0x18 D:/OneDrive/outsource/smartfarm_hosco/FW/fw_smf_wifi/Packet/sming3/Sming/compiler/lib/\libsming.a(HardwareSerial.o)
                0x3fff0164                Serial
 .bss._ZN14HardwareSerial10memberDataE
                0x3fff017c       0x18 D:/OneDrive/outsource/smartfarm_hosco/FW/fw_smf_wifi/Packet/sming3/Sming/compiler/lib/\libsming.a(HardwareSerial.o)
                0x3fff017c                HardwareSerial::memberData
 .bss._ZL11INADDR_NONE
                0x3fff0194        0x8 D:/OneDrive/outsource/smartfarm_hosco/FW/fw_smf_wifi/Packet/sming3/Sming/compiler/lib/\libsming.a(HardwareSerial.o)
 .bss._ZL11INADDR_NONE
                0x3fff019c        0x8 D:/OneDrive/outsource/smartfarm_hosco/FW/fw_smf_wifi/Packet/sming3/Sming/compiler/lib/\libsming.a(Clock.o)
 .bss._ZL5ESP01
                0x3fff01a4       0x30 D:/OneDrive/outsource/smartfarm_hosco/FW/fw_smf_wifi/Packet/sming3/Sming/compiler/lib/\libsming.a(MqttClient.o)
 .bss._ZL11INADDR_NONE
                0x3fff01d4        0x8 D:/OneDrive/outsource/smartfarm_hosco/FW/fw_smf_wifi/Packet/sming3/Sming/compiler/lib/\libsming.a(MqttClient.o)
 .bss._ZL11INADDR_NONE
                0x3fff01dc        0x8 D:/OneDrive/outsource/smartfarm_hosco/FW/fw_smf_wifi/Packet/sming3/Sming/compiler/lib/\libsming.a(TcpConnection.o)
 .bss.WifiAccessPoint
                0x3fff01e4        0x8 D:/OneDrive/outsource/smartfarm_hosco/FW/fw_smf_wifi/Packet/sming3/Sming/compiler/lib/\libsming.a(AccessPoint.o)
                0x3fff01e4                WifiAccessPoint
 .bss._ZL5ESP01
                0x3fff01ec       0x30 D:/OneDrive/outsource/smartfarm_hosco/FW/fw_smf_wifi/Packet/sming3/Sming/compiler/lib/\libsming.a(AccessPoint.o)
 .bss._ZL11INADDR_NONE
                0x3fff021c        0x8 D:/OneDrive/outsource/smartfarm_hosco/FW/fw_smf_wifi/Packet/sming3/Sming/compiler/lib/\libsming.a(AccessPoint.o)
 .bss.WifiStation
                0x3fff0224       0x24 D:/OneDrive/outsource/smartfarm_hosco/FW/fw_smf_wifi/Packet/sming3/Sming/compiler/lib/\libsming.a(Station.o)
                0x3fff0224                WifiStation
 .bss._ZL5ESP01
                0x3fff0248       0x30 D:/OneDrive/outsource/smartfarm_hosco/FW/fw_smf_wifi/Packet/sming3/Sming/compiler/lib/\libsming.a(Station.o)
 .bss._ZL11INADDR_NONE
                0x3fff0278        0x8 D:/OneDrive/outsource/smartfarm_hosco/FW/fw_smf_wifi/Packet/sming3/Sming/compiler/lib/\libsming.a(Station.o)
 .bss.WDT       0x3fff0280        0x8 D:/OneDrive/outsource/smartfarm_hosco/FW/fw_smf_wifi/Packet/sming3/Sming/compiler/lib/\libsming.a(WDT.o)
                0x3fff0280                WDT
 .bss._ZL11INADDR_NONE
                0x3fff0288        0x8 D:/OneDrive/outsource/smartfarm_hosco/FW/fw_smf_wifi/Packet/sming3/Sming/compiler/lib/\libsming.a(CommandExecutor.o)
 .bss._ZL11INADDR_NONE
                0x3fff0290        0x8 D:/OneDrive/outsource/smartfarm_hosco/FW/fw_smf_wifi/Packet/sming3/Sming/compiler/lib/\libsming.a(CommandDelegate.o)
 .bss._ZL11INADDR_NONE
                0x3fff0298        0x8 D:/OneDrive/outsource/smartfarm_hosco/FW/fw_smf_wifi/Packet/sming3/Sming/compiler/lib/\libsming.a(CommandOutput.o)
 .bss.commandHandler
                0x3fff02a0       0x1c D:/OneDrive/outsource/smartfarm_hosco/FW/fw_smf_wifi/Packet/sming3/Sming/compiler/lib/\libsming.a(CommandHandler.o)
                0x3fff02a0                commandHandler
 .bss._ZL11INADDR_NONE
                0x3fff02bc        0x8 D:/OneDrive/outsource/smartfarm_hosco/FW/fw_smf_wifi/Packet/sming3/Sming/compiler/lib/\libsming.a(CommandHandler.o)
 *fill*         0x3fff02c4        0x4 
 .bss.SystemClock
                0x3fff02c8       0x18 D:/OneDrive/outsource/smartfarm_hosco/FW/fw_smf_wifi/Packet/sming3/Sming/compiler/lib/\libsming.a(SystemClock.o)
                0x3fff02c8                SystemClock
 .bss._ZL11INADDR_NONE
                0x3fff02e0        0x8 D:/OneDrive/outsource/smartfarm_hosco/FW/fw_smf_wifi/Packet/sming3/Sming/compiler/lib/\libsming.a(SystemClock.o)
 .bss._ZL11INADDR_NONE
                0x3fff02e8        0x8 D:/OneDrive/outsource/smartfarm_hosco/FW/fw_smf_wifi/Packet/sming3/Sming/compiler/lib/\libsming.a(TcpClient.o)
 .bss.RTC       0x3fff02f0        0x1 D:/OneDrive/outsource/smartfarm_hosco/FW/fw_smf_wifi/Packet/sming3/Sming/compiler/lib/\libsming.a(RTC.o)
                0x3fff02f0                RTC
 *fill*         0x3fff02f1        0x3 
 .bss._ZL5ESP01
                0x3fff02f4       0x30 D:/OneDrive/outsource/smartfarm_hosco/FW/fw_smf_wifi/Packet/sming3/Sming/compiler/lib/\libsming.a(DateTime.o)
 .bss._ZL11INADDR_NONE
                0x3fff0324        0x8 D:/OneDrive/outsource/smartfarm_hosco/FW/fw_smf_wifi/Packet/sming3/Sming/compiler/lib/\libsming.a(DateTime.o)
 .bss._ZL11INADDR_NONE
                0x3fff032c        0x8 D:/OneDrive/outsource/smartfarm_hosco/FW/fw_smf_wifi/Packet/sming3/Sming/compiler/lib/\libsming.a(DataSourceStream.o)
 .bss._ZN11ArduinoJson10JsonObject8_invalidE
                0x3fff0334        0x8 D:/OneDrive/outsource/smartfarm_hosco/FW/fw_smf_wifi/Packet/sming3/Sming/compiler/lib/\libsming.a(ArduinoJson.o)
                0x3fff0334                ArduinoJson::JsonObject::_invalid
 .bss._ZN11ArduinoJson9JsonArray8_invalidE
                0x3fff033c        0x8 D:/OneDrive/outsource/smartfarm_hosco/FW/fw_smf_wifi/Packet/sming3/Sming/compiler/lib/\libsming.a(ArduinoJson.o)
                0x3fff033c                ArduinoJson::JsonArray::_invalid
 *(.gnu.linkonce.b.*)
 *(COMMON)
 COMMON         0x3fff0344       0x64 D:/OneDrive/outsource/smartfarm_hosco/FW/fw_smf_wifi/Packet/sming3/Sming/compiler/lib/\libsming.a(gdbstub.o)
                0x3fff0344                gdbstub_savedRegs
 COMMON         0x3fff03a8       0x70 D:/OneDrive/outsource/smartfarm_hosco/FW/fw_smf_wifi/Packet/sming3/Sming/compiler/lib/\libsming.a(spiffs_sming.o)
                0x3fff03a8                _filesystemStorageHandle
                0x3fff0418                . = ALIGN (0x8)
                0x3fff0418                _bss_end = ABSOLUTE (.)
                0x3fff0418                _heap_start = ABSOLUTE (.)

.irom0.text     0x4020c000    0x3d9a9
                0x4020c000                _irom0_text_start = ABSOLUTE (.)
 *(.irom0.literal .irom.literal .irom.text.literal .irom0.text .irom.text)
 .irom0.text    0x4020c000      0xa1d D:/OneDrive/outsource/smartfarm_hosco/FW/fw_smf_wifi/Packet/Espressif/sdk/lib\libmain.a(app_main.o)
                                0xc31 (size before relaxing)
                0x4020c1e8                wdt_init
                0x4020c290                user_uart_wait_tx_fifo_empty
                0x4020c544                user_rf_pre_init
 *fill*         0x4020ca1d        0x3 
 .irom0.text    0x4020ca20      0x186 D:/OneDrive/outsource/smartfarm_hosco/FW/fw_smf_wifi/Packet/Espressif/sdk/lib\libmain.a(ets_timer.o)
                                0x1b2 (size before relaxing)
                0x4020ca28                ets_timer_done
                0x4020ca74                ets_timer_handler_isr
                0x4020cb44                ets_timer_init
 *fill*         0x4020cba6        0x2 
 .irom0.text    0x4020cba8       0xec D:/OneDrive/outsource/smartfarm_hosco/FW/fw_smf_wifi/Packet/Espressif/sdk/lib\libmain.a(mem_manager.o)
                                 0xf8 (size before relaxing)
                0x4020cba8                check_memleak_debug_enable
                0x4020cc14                xPortGetFreeHeapSize
                0x4020cc1c                vPortInitialiseBlocks
 .irom0.text    0x4020cc94     0x3459 D:/OneDrive/outsource/smartfarm_hosco/FW/fw_smf_wifi/Packet/Espressif/sdk/lib\libmain.a(user_interface.o)
                               0x3e71 (size before relaxing)
                0x4020cc98                system_set_os_print
                0x4020cca8                system_get_os_print
                0x4020ce70                system_pp_recycle_rx_pkt
                0x4020ce84                system_adc_read
                0x4020ce9c                system_get_vdd33
                0x4020ceb4                system_restart_hook
                0x4020cecc                system_restart_local
                0x4020cfac                system_restart
                0x4020d008                system_restore
                0x4020d070                system_get_flash_size_map
                0x4020d090                system_get_boot_version
                0x4020d0c8                system_get_test_result
                0x4020d0f0                system_get_userbin_addr
                0x4020d188                system_get_boot_mode
                0x4020d1b8                system_restart_enhance
                0x4020d2e8                system_upgrade_userbin_set
                0x4020d334                system_upgrade_userbin_check
                0x4020d374                system_upgrade_flag_set
                0x4020d388                system_upgrade_flag_check
                0x4020d3b0                system_upgrade_reboot
                0x4020d4e4                system_deep_sleep_instant
                0x4020d67c                system_deep_sleep
                0x4020d6dc                system_deep_sleep_set_option
                0x4020d6f8                system_phy_temperature_alert
                0x4020d70c                system_phy_set_max_tpw
                0x4020d720                system_phy_set_tpw_via_vdd33
                0x4020d734                system_phy_set_rfoption
                0x4020d748                system_phy_set_powerup_option
                0x4020d760                system_update_cpu_freq
                0x4020d7bc                system_get_cpu_freq
                0x4020d7d4                system_overclock
                0x4020d800                system_restoreclock
                0x4020d830                system_timer_reinit
                0x4020d848                system_relative_time
                0x4020d86c                system_station_got_ip_set
                0x4020d998                system_print_meminfo
                0x4020d9f8                system_get_free_heap_size
                0x4020da10                system_get_chip_id
                0x4020da34                system_rtc_clock_cali_proc
                0x4020da48                system_get_rtc_time
                0x4020da5c                system_mktime
                0x4020db2c                system_init_done_cb
                0x4020db34                system_get_rst_info
                0x4020db3c                system_get_data_of_array_8
                0x4020db60                system_get_data_of_array_16
                0x4020db88                system_get_string_from_flash
                0x4020dbf4                wifi_softap_dhcps_start
                0x4020dc3c                wifi_softap_dhcps_stop
                0x4020dc7c                wifi_softap_dhcps_status
                0x4020dc84                wifi_station_dhcpc_start
                0x4020dcdc                wifi_station_dhcpc_stop
                0x4020dd1c                wifi_station_dhcpc_event
                0x4020dd90                wifi_station_dhcpc_set_maxtry
                0x4020dda0                wifi_station_dhcpc_status
                0x4020de18                wifi_get_opmode
                0x4020de2c                wifi_get_opmode_default
                0x4020dea8                wifi_get_broadcast_if
                0x4020dee4                wifi_set_broadcast_if
                0x4020e044                wifi_set_opmode
                0x4020e058                wifi_set_opmode_current
                0x4020e06c                system_get_checksum
                0x4020e0b4                wifi_param_save_protect_with_check
                0x4020e170                system_param_save_with_protect
                0x4020e218                system_save_sys_param
                0x4020e244                system_param_load
                0x4020e37c                wifi_station_get_config
                0x4020e390                wifi_station_get_config_default
                0x4020e3b0                wifi_station_get_ap_info
                0x4020e468                wifi_station_ap_number_set
                0x4020e7cc                wifi_station_set_config
                0x4020e7e4                wifi_station_set_config_current
                0x4020e7fc                wifi_station_restore_config
                0x4020e814                wifi_station_get_current_ap_id
                0x4020e828                wifi_station_ap_check
                0x4020e870                wifi_station_ap_change
                0x4020e99c                wifi_station_scan
                0x4020e9e8                wifi_station_get_auto_connect
                0x4020e9fc                wifi_station_set_auto_connect
                0x4020ea4c                wifi_station_save_pmk2cache
                0x4020eb00                wifi_station_connect
                0x4020eb94                wifi_station_disconnect
                0x4020ec54                wifi_station_get_connect_status
                0x4020ec84                wifi_station_set_reconnect_policy
                0x4020ec9c                wifi_station_get_reconnect_policy
                0x4020eca4                wifi_station_get_rssi
                0x4020ecf4                wifi_station_set_default_hostname
                0x4020ed5c                wifi_station_get_hostname
                0x4020ed8c                wifi_station_set_hostname
                0x4020ee2c                wifi_softap_cacl_mac
                0x4020ee9c                wifi_softap_set_default_ssid
                0x4020f07c                wifi_softap_get_config
                0x4020f090                wifi_softap_get_config_default
                0x4020f3e4                wifi_softap_set_config
                0x4020f3f8                wifi_softap_set_config_current
                0x4020f40c                wifi_softap_set_station_info
                0x4020f478                wifi_softap_get_station_info
                0x4020f528                wifi_softap_free_station_info
                0x4020f570                wifi_softap_get_station_num
                0x4020f5c4                wifi_softap_deauth
                0x4020f674                wifi_softap_get_beacon_only_mode
                0x4020f688                wifi_softap_set_beacon_only_mode
                0x4020f6ec                wifi_register_user_ie_manufacturer_recv_cb
                0x4020f700                wifi_unregister_user_ie_manufacturer_recv_cb
                0x4020f734                wifi_set_user_ie
                0x4020f844                wifi_get_user_ie
                0x4020f878                wifi_get_phy_mode
                0x4020f880                wifi_set_phy_mode
                0x4020f948                wifi_set_sleep_type
                0x4020f964                wifi_get_sleep_type
                0x4020f97c                wifi_get_channel
                0x4020f994                wifi_set_channel
                0x4020f9d8                wifi_promiscuous_set_mac
                0x4020fa38                wifi_promiscuous_enable
                0x4020fb1c                wifi_set_promiscuous_rx_cb
                0x4020fb2c                wifi_get_ip_info
                0x4020fbac                wifi_set_ip_info
                0x4020fc20                wifi_get_macaddr
                0x4020fc80                wifi_set_macaddr
                0x4020fd9c                wifi_enable_6m_rate
                0x4020fda4                wifi_get_user_fixed_rate
                0x4020fdc4                wifi_set_user_fixed_rate
                0x4020fde4                wifi_set_user_sup_rate
                0x4020fe20                wifi_set_user_rate_limit
                0x4020fe44                wifi_get_user_limit_rate_mask
                0x4020fe4c                wifi_set_user_limit_rate_mask
                0x4020fe64                wifi_register_send_pkt_freedom_cb
                0x4020fe78                wifi_unregister_send_pkt_freedom_cb
                0x4020fe84                wifi_send_pkt_freedom
                0x4020fed0                wifi_rfid_locp_recv_open
                0x4020fee4                wifi_rfid_locp_recv_close
                0x4020fef8                wifi_register_rfid_locp_recv_cb
                0x4020ff0c                wifi_unregister_rfid_locp_recv_cb
                0x4020ff24                wifi_status_led_install
                0x4020ff58                wifi_status_led_uninstall
                0x4020ff7c                wifi_set_status_led_output_level
                0x4020ffd0                wifi_set_event_handler_cb
                0x40210018                system_os_task
                0x40210054                system_uart_swap
                0x402100b4                system_uart_de_swap
                0x402100e8                system_get_sdk_version
 *fill*         0x402100ed        0x3 
 .irom0.text    0x402100f0      0x610 D:/OneDrive/outsource/smartfarm_hosco/FW/fw_smf_wifi/Packet/Espressif/sdk/lib\libmain.a(eagle_lib.o)
                                0x620 (size before relaxing)
                0x402100f4                divide
                0x40210130                skip_atoi
                0x402102b0                ets_vsnprintf
                0x40210610                ets_vsprintf
                0x40210634                ets_sprintf
                0x4021065c                ets_strcat
                0x4021067c                ets_strrchr
                0x402106a8                ets_strchr
                0x402106c0                bit_popcount
                0x402106dc                ets_snprintf
 .irom0.text    0x40210700      0x2f6 D:/OneDrive/outsource/smartfarm_hosco/FW/fw_smf_wifi/Packet/Espressif/sdk/lib\libmain.a(eagle_lwip_if.o)
                                0x3b2 (size before relaxing)
                0x402107b8                eagle_lwip_if_alloc
                0x40210968                eagle_lwip_if_free
                0x402109d4                eagle_lwip_getif
 *fill*         0x402109f6        0x2 
 .irom0.literal
                0x402109f8        0x0 D:/OneDrive/outsource/smartfarm_hosco/FW/fw_smf_wifi/Packet/sming3/Sming/compiler/lib/\libmicroc.a(sprintf.o)
                                  0x4 (size before relaxing)
 .irom0.literal
                0x402109f8        0x0 D:/OneDrive/outsource/smartfarm_hosco/FW/fw_smf_wifi/Packet/sming3/Sming/compiler/lib/\libmicroc.a(vsprintf.o)
                                  0x4 (size before relaxing)
 .irom0.literal
                0x402109f8        0x0 D:/OneDrive/outsource/smartfarm_hosco/FW/fw_smf_wifi/Packet/sming3/Sming/compiler/lib/\libmicroc.a(strchr.o)
                                  0x4 (size before relaxing)
 .irom0.literal
                0x402109f8        0xc D:/OneDrive/outsource/smartfarm_hosco/FW/fw_smf_wifi/Packet/sming3/Sming/compiler/lib/\libmicroc.a(strchrnul.o)
 .irom0.literal
                0x40210a04        0x4 D:/OneDrive/outsource/smartfarm_hosco/FW/fw_smf_wifi/Packet/sming3/Sming/compiler/lib/\libmicroc.a(malloc.o)
                                 0x14 (size before relaxing)
 .irom0.literal
                0x40210a08        0x4 D:/OneDrive/outsource/smartfarm_hosco/FW/fw_smf_wifi/Packet/sming3/Sming/compiler/lib/\libmicroc.a(abort.o)
                                  0x8 (size before relaxing)
 .irom0.literal
                0x40210a0c        0x8 D:/OneDrive/outsource/smartfarm_hosco/FW/fw_smf_wifi/Packet/sming3/Sming/compiler/lib/\libmicrogcc.a(_divsf3.o)
                                 0x10 (size before relaxing)
 .irom0.text    0x40210a14       0x28 D:/OneDrive/outsource/smartfarm_hosco/FW/fw_smf_wifi/Packet/sming3/Sming/compiler/lib/\libmicroc.a(sprintf.o)
                0x40210a14                sprintf
 .irom0.text    0x40210a3c        0xf D:/OneDrive/outsource/smartfarm_hosco/FW/fw_smf_wifi/Packet/sming3/Sming/compiler/lib/\libmicroc.a(vsprintf.o)
                                 0x13 (size before relaxing)
                0x40210a3c                vsprintf
 *fill*         0x40210a4b        0x1 
 .irom0.text    0x40210a4c       0x25 D:/OneDrive/outsource/smartfarm_hosco/FW/fw_smf_wifi/Packet/sming3/Sming/compiler/lib/\libmicroc.a(strchr.o)
                                 0x29 (size before relaxing)
                0x40210a4c                strchr
 *fill*         0x40210a71        0x3 
 .irom0.text    0x40210a74       0x75 D:/OneDrive/outsource/smartfarm_hosco/FW/fw_smf_wifi/Packet/sming3/Sming/compiler/lib/\libmicroc.a(strchrnul.o)
                0x40210a74                strchrnul
                0x40210a74                __strchrnul
 *fill*         0x40210ae9        0x3 
 .irom0.text    0x40210aec       0x65 D:/OneDrive/outsource/smartfarm_hosco/FW/fw_smf_wifi/Packet/sming3/Sming/compiler/lib/\libmicroc.a(malloc.o)
                0x40210aec                malloc
                0x40210b00                free
                0x40210b14                realloc
                0x40210b28                zalloc
                0x40210b3c                calloc
 *fill*         0x40210b51        0x3 
 .irom0.text    0x40210b54       0x11 D:/OneDrive/outsource/smartfarm_hosco/FW/fw_smf_wifi/Packet/sming3/Sming/compiler/lib/\libmicroc.a(abort.o)
                0x40210b54                abort
 *fill*         0x40210b65        0x3 
 .irom0.text    0x40210b68       0xfa D:/OneDrive/outsource/smartfarm_hosco/FW/fw_smf_wifi/Packet/Espressif/sdk/lib\libphy.a(phy.o)
                                0x11e (size before relaxing)
                0x40210b6c                rf_init
                0x40210b88                bb_init
                0x40210ba0                phy_init
                0x40210bd0                RFChannelSel
                0x40210bec                phy_delete_channel
                0x40210c04                phy_enable_agc
                0x40210c1c                phy_disable_agc
                0x40210c34                phy_initialize_bb
                0x40210c4c                phy_set_sense
 *fill*         0x40210c62        0x2 
 .irom0.text    0x40210c64     0x16f3 D:/OneDrive/outsource/smartfarm_hosco/FW/fw_smf_wifi/Packet/Espressif/sdk/lib\libphy.a(phy_chip_v6_ana.o)
                               0x18e3 (size before relaxing)
                0x40210c68                ram_pbus_set_rxgain
                0x40210d40                ram_pbus_debugmode
                0x40210df4                ram_pbus_xpd_tx_on
                0x40210e60                set_rf_freq_offset
                0x40210ed4                chip_v6_rxmax_ext_ana
                0x40211028                ram_chip_v6_rx_init
                0x4021105c                tsen_meas
                0x4021110c                readvdd33
                0x402112d8                txpwr_offset
                0x40211394                set_txcap_reg
                0x40211414                ram_ana_inf_gating_en
                0x40211574                ram_restart_cal
                0x402115e0                wait_rfpll_cal_end
                0x40211674                ram_rfpll_set_freq
                0x4021177c                ram_set_channel_freq
                0x40211a7c                chip_60_set_channel
                0x40211c0c                chip_v6_set_chan_offset
                0x40211c48                chip_v6_set_chan
                0x40211cdc                chip_v6_set_chan_wakeup
                0x40211d60                chip_v6_rf_init
                0x40211f84                low_power_set
                0x40211fd8                test_tout
                0x40212150                check_data_flag
                0x40212170                phy_get_check_flag
                0x402122a4                phy_get_vdd33
 *fill*         0x40212357        0x1 
 .irom0.text    0x40212358     0x3c2f D:/OneDrive/outsource/smartfarm_hosco/FW/fw_smf_wifi/Packet/Espressif/sdk/lib\libphy.a(phy_chip_v6.o)
                               0x4293 (size before relaxing)
                0x40212358                ram_tx_mac_enable
                0x4021235c                ram_tx_mac_disable
                0x40212360                rtc_mem_backup
                0x40212390                rtc_mem_recovery
                0x402123c0                set_cal_rxdc
                0x40212474                set_rx_gain_cal_iq
                0x402127d0                gen_rx_gain_table
                0x40212928                pbus_set_rxbbgain
                0x402129a8                set_rx_gain_testchip_50
                0x40212cdc                ram_get_corr_power
                0x40212dcc                check_data_func
                0x40212dec                do_noisefloor_lsleep_v50
                0x40212e20                do_noisefloor
                0x40212e90                start_dig_rx
                0x40212ed4                stop_dig_rx
                0x40212f00                chip_v6_set_chanfreq
                0x40212f2c                tx_cap_init
                0x402130e0                target_power_add_backoff
                0x40213130                tx_pwctrl_init_cal
                0x40213298                tx_atten_set_interp
                0x40213508                tx_pwctrl_init
                0x402135fc                ram_get_noisefloor
                0x40213618                get_noisefloor_sat
                0x40213648                ram_set_noise_floor
                0x402136a4                ram_start_noisefloor
                0x402136f0                read_hw_noisefloor
                0x4021371c                noise_check_loop
                0x40213878                noise_init
                0x40213a78                target_power_backoff
                0x40213acc                sdt_on_noise_start
                0x40213b4c                chip_v6_set_chan_rx_cmp
                0x40213cd8                chip_v6_set_chan_misc
                0x40213d6c                phy_dig_spur_set
                0x402140c4                phy_dig_spur_prot
                0x402142fc                chip_v6_rxmax_ext_dig
                0x40214348                chip_v6_rxmax_ext
                0x402143fc                phy_bb_rx_cfg
                0x40214804                uart_wait_idle
                0x4021483c                phy_pbus_soc_cfg
                0x402148fc                phy_gpio_cfg
                0x40214c44                tx_cont_en
                0x40214ce8                tx_cont_dis
                0x40214d3c                tx_cont_cfg
                0x40214d5c                chip_v6_initialize_bb
                0x40214ec4                periodic_cal
                0x40214fa4                bbpll_cal
                0x4021503c                periodic_cal_top
                0x4021509c                register_chipv6_phy_init_param
                0x40215340                change_bbpll160_sleep
                0x4021546c                change_bbpll160
                0x402154a4                set_crystal_uart
                0x4021553c                ant_switch_init
                0x402155e8                reduce_current_init
                0x40215650                rtc_mem_check
                0x4021568c                phy_afterwake_set_rfoption
                0x402156ac                deep_sleep_set_option
                0x402156d8                write_data_to_rtc
                0x40215710                get_data_from_rtc
                0x40215798                register_chipv6_phy
                0x40215ba8                set_dpd_bypass
                0x40215bd0                set_rf_gain_stage10
                0x40215c00                get_vdd33_offset
                0x40215c74                get_phy_target_power
                0x40215d28                set_most_pwr_reg
                0x40215dfc                phy_set_most_tpw
                0x40215e1c                phy_vdd33_set_tpw
                0x40215e34                get_adc_rand
                0x40215e68                phy_get_rand
                0x40215e80                phy_tx_pwctrl_cali
                0x40215ea8                phy_check_data_table
                0x40215ee4                phy_after_init_enrx
                0x40215f48                phy_set_rx11b_reg
                0x40215f7c                phy_set_powerup_option
 *fill*         0x40215f87        0x1 
 .irom0.text    0x40215f88     0x21ac D:/OneDrive/outsource/smartfarm_hosco/FW/fw_smf_wifi/Packet/Espressif/sdk/lib\libphy.a(phy_chip_v6_cal.o)
                               0x23ec (size before relaxing)
                0x40215f88                txbbgain2dcoindex
                0x40215fa8                dcoindex2txbbgain
                0x40215fcc                init_cal_dcoffset
                0x40216090                set_rfanagain_dc_reg
                0x4021612c                set_txdc_pbus
                0x40216198                get_rf_gain_qdb
                0x402161c0                correct_rf_ana_gain
                0x402162c8                get_sar_dout
                0x40216360                cal_rf_ana_gain
                0x40216438                meas_tone_pwr_db
                0x402164a8                tx_pwr_backoff
                0x402165f4                get_fcc_1m2m_pwr_offset
                0x40216630                ram_set_txbb_atten
                0x402166c4                txiq_get_mis_pwr
                0x40216768                txiq_cover
                0x40216984                ram_rfcal_txiq
                0x40216bf4                rc_cal
                0x40216db4                get_target_power_offset
                0x40216ebc                get_pwctrl_correct
                0x40216f18                tx_pwctrl_cal
                0x402172a8                tx_pwctrl_bg_init
                0x40217320                tx_pwctrl_background
                0x402173f8                read_sar_dout
                0x4021745c                ram_get_fm_sar_dout
                0x40217500                ram_cal_tos_v60
                0x402176e0                ram_get_bb_atten
                0x40217710                ram_rfcal_txcap
                0x402178d4                ram_rfcal_pwrctrl
                0x40217af0                ram_rxiq_get_mis
                0x40217cc0                ram_rxiq_cover_mg_mp
                0x40217e64                ram_rfcal_rxiq
                0x40218070                dpd_scale_set
                0x402180b8                dpd_mem_write
 .irom0.text    0x40218134      0xd82 D:/OneDrive/outsource/smartfarm_hosco/FW/fw_smf_wifi/Packet/Espressif/sdk/lib\libphy.a(phy_sleep.o)
                                0xfaa (size before relaxing)
                0x40218134                pm_usec2rtc
                0x40218168                pm_rtc2usec
                0x40218178                pm_set_sleep_cycles
                0x402181a0                pm_sleep_opt
                0x402182b8                pm_wakeup_opt
                0x402182f0                get_chip_version
                0x40218330                pm_sleep_opt_bb_off
                0x40218370                pm_sleep_opt_bb_on
                0x402183bc                pm_set_pll_xtal_wait_time
                0x40218404                pm_prepare_to_sleep
                0x40218428                pm_sdio_nidle
                0x4021849c                chg_lslp_mem_opt_8266
                0x402184cc                pm_goto_sleep
                0x40218618                pm_wait4wakeup
                0x40218654                pm_open_rf
                0x40218698                pm_sleep_set_mac
                0x4021871c                pm_set_wakeup_mac
                0x402187b8                pm_check_mac_idle
                0x40218810                pm_set_sleep_btco
                0x402188b0                pm_set_wakeup_btco
                0x402189c8                pm_set_sleep_mode
                0x40218ae4                pm_unmask_bt
                0x40218b4c                pm_wakeup_init
                0x40218d5c                sleep_opt_8266
                0x40218d7c                sleep_opt_bb_on_8266
                0x40218db4                sleep_reset_analog_rtcreg_8266
 *fill*         0x40218eb6        0x2 
 .irom0.text    0x40218eb8      0x469 D:/OneDrive/outsource/smartfarm_hosco/FW/fw_smf_wifi/Packet/Espressif/sdk/lib\libpp.a(if_hwctrl.o)
                                0x581 (size before relaxing)
                0x40218ed8                ic_get_addr
                0x40218ee4                ic_set_opmode
                0x40218ef8                ic_enable_interface
                0x40218f48                ic_interface_enabled
                0x40218f5c                ic_disable_interface
                0x40218fa4                ic_is_pure_sta
                0x40218fc0                ic_get_ptk_alg
                0x40218fd0                ic_get_gtk_alg
                0x40218fe0                ic_set_ptk_alg
                0x40218ff0                ic_set_gtk_alg
                0x40219000                ic_interface_is_p2p
                0x40219098                ic_set_vif
                0x40219158                ic_set_sta
                0x40219230                ic_bss_info_update
                0x4021928c                ic_set_key
                0x402192e8                ic_remove_key
                0x402192fc                ic_get_rssi
 *fill*         0x40219321        0x3 
 .irom0.text    0x40219324      0x100 D:/OneDrive/outsource/smartfarm_hosco/FW/fw_smf_wifi/Packet/Espressif/sdk/lib\libpp.a(lmac.o)
                                0x118 (size before relaxing)
                0x40219328                lmacInitAc
                0x4021935c                lmacInit
                0x40219408                lmacSetRetryLimit
 .irom0.text    0x40219424     0x1851 D:/OneDrive/outsource/smartfarm_hosco/FW/fw_smf_wifi/Packet/Espressif/sdk/lib\libpp.a(pm.o)
                               0x1d31 (size before relaxing)
                0x4021942c                pm_rtc_clock_cali_proc
                0x40219464                pm_get_ck170_period
                0x40219488                pm_set_sleep_time
                0x402197e8                pm_rf_is_closed
                0x40219818                pm_set_sleep_type_from_upper
                0x40219908                pm_get_sleep_type
                0x40219a8c                uart_tx_flush
                0x40219a90                pm_suspend
                0x40219cb0                pm_shutdown
                0x40219d78                pm_reset_idle_sleep
                0x40219db8                pm_idle_sleep
                0x40219dc4                pm_open
                0x40219e8c                pm_onBcnRx
                0x4021a1f4                StopLightSleepSetFunc
                0x4021a1fc                LightSleepWakedCbSetFunc
                0x4021a6fc                pm_enable_gpio_wakeup
                0x4021a734                pm_attach
                0x4021a824                pm_send_nullfunc
                0x4021a9ac                pm_is_waked
                0x4021a9c4                pm_is_open
                0x4021a9dc                pm_scan_lock
                0x4021aa04                pm_try_scan_unlock
                0x4021aa1c                pm_force_scan_unlock
                0x4021aa98                pm_scan_unlocked
                0x4021aaac                pm_allow_tx
                0x4021aac8                pm_assoc_parse
                0x4021aae0                pm_set_addr
                0x4021ab00                pm_sleep_for
                0x4021ab30                pm_post
                0x4021ac34                pm_get_idle_wait_time
 *fill*         0x4021ac75        0x3 
 .irom0.text    0x4021ac78      0xa91 D:/OneDrive/outsource/smartfarm_hosco/FW/fw_smf_wifi/Packet/Espressif/sdk/lib\libpp.a(pm_for_bcn_only_mode.o)
                                0xe19 (size before relaxing)
                0x4021ac8c                wifi_fpm_set_sleep_type
                0x4021ac8c                fpm_set_type_from_upper
                0x4021ad48                fpm_get_slp_type
                0x4021ad48                wifi_fpm_get_sleep_type
                0x4021ad50                fpm_rf_is_closed
                0x4021ad64                fpm_is_open
                0x4021ad70                fpm_allow_tx
                0x4021ad94                fpm_close
                0x4021ad94                wifi_fpm_close
                0x4021ae10                fpm_open
                0x4021ae10                wifi_fpm_open
                0x4021ae78                fpm_attach
                0x4021b05c                fpm_set_wakeup_cb
                0x4021b05c                wifi_fpm_set_wakeup_cb
                0x4021b1cc                fpm_do_wakeup
                0x4021b1cc                wifi_fpm_do_wakeup
                0x4021b690                fpm_do_sleep
                0x4021b690                wifi_fpm_do_sleep
 *fill*         0x4021b709        0x3 
 .irom0.text    0x4021b70c     0x15b2 D:/OneDrive/outsource/smartfarm_hosco/FW/fw_smf_wifi/Packet/Espressif/sdk/lib\libpp.a(pp.o)
                               0x1992 (size before relaxing)
                0x4021b718                PPWdtReset
                0x4021b74c                pp_soft_wdt_init
                0x4021b76c                system_soft_wdt_feed
                0x4021b76c                pp_soft_wdt_feed
                0x4021b788                system_soft_wdt_stop
                0x4021b788                pp_soft_wdt_stop
                0x4021b7b4                system_soft_wdt_restart
                0x4021b7b4                pp_soft_wdt_restart
                0x4021b7ec                RxNodeNum
                0x4021b804                TxNodeNum
                0x4021b828                pp_disable_noise_timer
                0x4021b848                pp_enable_noise_timer
                0x4021b958                pp_noise_test
                0x4021b968                reset_noise_timer
                0x4021b9a0                pp_disable_idle_timer
                0x4021b9c4                pp_enable_idle_timer
                0x4021b9ec                pp_try_enable_idle_timer
                0x4021ba28                ppPeocessRxPktHdr
                0x4021bd5c                HdlAllBuffedEb
                0x4021bde4                ppTxPkt
                0x4021bf5c                ppProcessWaitQ
                0x4021bf6c                ppRegisterTxCallback
                0x4021bf94                ppUnregisterTxCallback
                0x4021bfc8                ppRecycleRxPkt
                0x4021c028                ppCheckTxIdle
                0x4021c2a0                pp_tx_idle_timeout
                0x4021c45c                DefFreqCalTimerCB
                0x4021c7dc                ppGetTxQFirstAvail_Locked
                0x4021c8bc                pp_attach
 *fill*         0x4021ccbe        0x2 
 .irom0.text    0x4021ccc0      0x296 D:/OneDrive/outsource/smartfarm_hosco/FW/fw_smf_wifi/Packet/Espressif/sdk/lib\libpp.a(rate_control.o)
                                0x2a2 (size before relaxing)
                0x4021cf0c                RC_SetBasicRate
 *fill*         0x4021cf56        0x2 
 .irom0.text    0x4021cf58      0x5e9 D:/OneDrive/outsource/smartfarm_hosco/FW/fw_smf_wifi/Packet/Espressif/sdk/lib\libpp.a(trc.o)
                                0x64d (size before relaxing)
                0x4021cf58                phytype2mode
                0x4021cf74                rc_set_rate_limit_id
                0x4021d090                rcUpdatePhyMode
                0x4021d25c                rcAttach
                0x4021d2a8                rcGetTrc
                0x4021d2b0                trc_onDisconnect
                0x4021d2b4                trc_onScanStart
                0x4021d2c8                trc_onScanDone
                0x4021d2e4                rc_enable_trc
                0x4021d3bc                rc_get_mask
                0x4021d3d0                rc_disable_trc
                0x4021d424                rc_disable_trc_by_interface
                0x4021d440                rc_get_sta_trc
                0x4021d484                rc_get_trc
                0x4021d4f4                rc_get_trc_by_index
                0x4021d514                rc_only_sta_trc
 *fill*         0x4021d541        0x3 
 .irom0.text    0x4021d544      0xaf7 D:/OneDrive/outsource/smartfarm_hosco/FW/fw_smf_wifi/Packet/Espressif/sdk/lib\libpp.a(wdev.o)
                                0xc53 (size before relaxing)
                0x4021d550                wDev_Option_Init
                0x4021d644                wDev_Enable_Beacon_Tsf
                0x4021d660                wDev_Disable_Beacon_Tsf
                0x4021d67c                wDev_Set_Beacon_Int
                0x4021d684                wDev_Reset_TBTT
                0x4021d6b4                wDev_Get_Next_TBTT
                0x4021d930                wDev_Initialize
                0x4021d9a0                wDevForceAck6M
                0x4021d9bc                wDev_SetMacAddress
                0x4021da58                wDev_SetRxPolicy
                0x4021daac                wDev_SetBssid
                0x4021db84                wDev_ClearBssid
                0x4021dbbc                wDev_Insert_KeyEntry
                0x4021dcb0                wDev_remove_KeyEntry
                0x4021dcec                wDev_remove_KeyEntry_all_cnx
                0x4021dd3c                wDev_Crypto_Conf